Archive member included because of file (symbol)

C:\Users\harsi\Desktop\project\soc-empty_4\platform\radio\rail_lib\autogen\librail_release\librail_efr32xg1_gcc_release.a(rail_pti.o)
                              ./pti.o (RAIL_ConfigPti)
C:\Users\harsi\Desktop\project\soc-empty_4\platform\radio\rail_lib\autogen\librail_release\librail_efr32xg1_gcc_release.a(rail_rf_hal.o)
                              C:\Users\harsi\Desktop\project\soc-empty_4\platform\radio\rail_lib\autogen\librail_release\librail_efr32xg1_gcc_release.a(rail_pti.o) (RFHAL_ConfigPti)
C:\Users\harsi\Desktop\project\soc-empty_4\platform\radio\rail_lib\autogen\librail_release\librail_efr32xg1_gcc_release.a(rail_singleprotocol.o)
                              C:\Users\harsi\Desktop\project\soc-empty_4\platform\radio\rail_lib\autogen\librail_release\librail_efr32xg1_gcc_release.a(rail_rf_hal.o) (RAIL_ActiveHandle)
C:\Users\harsi\Desktop\project\soc-empty_4\platform\radio\rail_lib\autogen\librail_release\librail_efr32xg1_gcc_release.a(rail_rf.o)
                              C:\Users\harsi\Desktop\project\soc-empty_4\platform\radio\rail_lib\autogen\librail_release\librail_efr32xg1_gcc_release.a(rail_singleprotocol.o) (RAILCore_Init)
C:\Users\harsi\Desktop\project\soc-empty_4\platform\radio\rail_lib\autogen\librail_release\librail_efr32xg1_gcc_release.a(rail_rx.o)
                              C:\Users\harsi\Desktop\project\soc-empty_4\platform\radio\rail_lib\autogen\librail_release\librail_efr32xg1_gcc_release.a(rail_rf_hal.o) (RAILCore_StartRx)
C:\Users\harsi\Desktop\project\soc-empty_4\platform\radio\rail_lib\autogen\librail_release\librail_efr32xg1_gcc_release.a(rail_tx.o)
                              C:\Users\harsi\Desktop\project\soc-empty_4\platform\radio\rail_lib\autogen\librail_release\librail_efr32xg1_gcc_release.a(rail_singleprotocol.o) (RAILCore_StartTx)
C:\Users\harsi\Desktop\project\soc-empty_4\platform\radio\rail_lib\autogen\librail_release\librail_efr32xg1_gcc_release.a(rail_calibration.o)
                              C:\Users\harsi\Desktop\project\soc-empty_4\platform\radio\rail_lib\autogen\librail_release\librail_efr32xg1_gcc_release.a(rail_rf_hal.o) (RAILInt_PendCal)
C:\Users\harsi\Desktop\project\soc-empty_4\platform\radio\rail_lib\autogen\librail_release\librail_efr32xg1_gcc_release.a(rail_assert.o)
                              C:\Users\harsi\Desktop\project\soc-empty_4\platform\radio\rail_lib\autogen\librail_release\librail_efr32xg1_gcc_release.a(rail_rf.o) (RAILInt_Assert)
C:\Users\harsi\Desktop\project\soc-empty_4\platform\radio\rail_lib\autogen\librail_release\librail_efr32xg1_gcc_release.a(rail_rssi.o)
                              C:\Users\harsi\Desktop\project\soc-empty_4\platform\radio\rail_lib\autogen\librail_release\librail_efr32xg1_gcc_release.a(rail_singleprotocol.o) (RAILCore_GetRssi)
C:\Users\harsi\Desktop\project\soc-empty_4\platform\radio\rail_lib\autogen\librail_release\librail_efr32xg1_gcc_release.a(bufc.o)
                              C:\Users\harsi\Desktop\project\soc-empty_4\platform\radio\rail_lib\autogen\librail_release\librail_efr32xg1_gcc_release.a(rail_rf_hal.o) (BUFC_SetTxBuffer)
C:\Users\harsi\Desktop\project\soc-empty_4\platform\radio\rail_lib\autogen\librail_release\librail_efr32xg1_gcc_release.a(ir_cal.o)
                              C:\Users\harsi\Desktop\project\soc-empty_4\platform\radio\rail_lib\autogen\librail_release\librail_efr32xg1_gcc_release.a(rail_rf_hal.o) (IRCAL_Set)
C:\Users\harsi\Desktop\project\soc-empty_4\platform\radio\rail_lib\autogen\librail_release\librail_efr32xg1_gcc_release.a(pa.o)
                              C:\Users\harsi\Desktop\project\soc-empty_4\platform\radio\rail_lib\autogen\librail_release\librail_efr32xg1_gcc_release.a(rail_rf_hal.o) (PA_GetTxPowerConfig)
C:\Users\harsi\Desktop\project\soc-empty_4\platform\radio\rail_lib\autogen\librail_release\librail_efr32xg1_gcc_release.a(protimer.o)
                              C:\Users\harsi\Desktop\project\soc-empty_4\platform\radio\rail_lib\autogen\librail_release\librail_efr32xg1_gcc_release.a(rail_rf_hal.o) (PROTIMER_Start)
C:\Users\harsi\Desktop\project\soc-empty_4\platform\radio\rail_lib\autogen\librail_release\librail_efr32xg1_gcc_release.a(pti.o)
                              C:\Users\harsi\Desktop\project\soc-empty_4\platform\radio\rail_lib\autogen\librail_release\librail_efr32xg1_gcc_release.a(rail_rf_hal.o) (PTI_Config)
C:\Users\harsi\Desktop\project\soc-empty_4\platform\radio\rail_lib\autogen\librail_release\librail_efr32xg1_gcc_release.a(antenna.o)
                              C:\Users\harsi\Desktop\project\soc-empty_4\platform\radio\rail_lib\autogen\librail_release\librail_efr32xg1_gcc_release.a(rail_rf_hal.o) (ANTENNA_Config)
C:\Users\harsi\Desktop\project\soc-empty_4\platform\radio\rail_lib\autogen\librail_release\librail_efr32xg1_gcc_release.a(radio.o)
[...]
Memory Configuration

Name             Origin             Length             Attributes
FLASH_BOOTLOADER 0x00000000         0x00004000         xr
FLASH            0x00004000         0x0003b000         xr
RAM              0x20000000         0x00007bfc         xrw
*default*        0x00000000         0xffffffff

Linker script and memory map

LOAD c:/siliconlabs/simplicitystudio/v4_2/developer/toolchains/gnu_arm/4.9_2015q3/bin/../lib/gcc/arm-none-eabi/4.9.3/armv7e-m/softfp/crti.o
LOAD c:/siliconlabs/simplicitystudio/v4_2/developer/toolchains/gnu_arm/4.9_2015q3/bin/../lib/gcc/arm-none-eabi/4.9.3/armv7e-m/softfp/crtbegin.o
LOAD c:/siliconlabs/simplicitystudio/v4_2/developer/toolchains/gnu_arm/4.9_2015q3/bin/../lib/gcc/arm-none-eabi/4.9.3/../../../../arm-none-eabi/lib/armv7e-m/softfp/crt0.o
START GROUP
LOAD ./application_properties.o
LOAD ./gatt_db.o
LOAD ./init_app.o
LOAD ./init_board.o
LOAD ./init_mcu.o
LOAD ./main.o
LOAD ./pti.o
LOAD ./hardware/kit/common/bsp/bsp_stk.o
LOAD ./hardware/kit/common/drivers/mx25flash_spi.o
LOAD ./lcd/bmp.o
LOAD ./lcd/display.o
LOAD ./lcd/displayls013b7dh03.o
LOAD ./lcd/displaypalemlib.o
LOAD ./lcd/dmd_display.o
LOAD ./lcd/glib.o
LOAD ./lcd/glib_bitmap.o
LOAD ./lcd/glib_circle.o
LOAD ./lcd/glib_font_narrow_6x8.o
LOAD ./lcd/glib_font_normal_8x8.o
LOAD ./lcd/glib_font_number_16x20.o
LOAD ./lcd/glib_line.o
LOAD ./lcd/glib_polygon.o
LOAD ./lcd/glib_rectangle.o
LOAD ./lcd/glib_string.o
LOAD ./lcd/graphics.o
LOAD ./lcd/udelay.o
LOAD ./platform/Device/SiliconLabs/EFR32BG1B/Source/GCC/startup_efr32bg1b.o
LOAD ./platform/Device/SiliconLabs/EFR32BG1B/Source/system_efr32bg1b.o
LOAD ./platform/emdrv/sleep/src/sleep.o
LOAD ./platform/emdrv/tempdrv/src/tempdrv.o
LOAD ./platform/emlib/src/em_cmu.o
LOAD ./platform/emlib/src/em_core.o
LOAD ./platform/emlib/src/em_cryotimer.o
LOAD ./platform/emlib/src/em_crypto.o
LOAD ./platform/emlib/src/em_emu.o
LOAD ./platform/emlib/src/em_gpio.o
LOAD ./platform/emlib/src/em_i2c.o
LOAD ./platform/emlib/src/em_msc.o
LOAD ./platform/emlib/src/em_rmu.o
LOAD ./platform/emlib/src/em_rtcc.o
LOAD ./platform/emlib/src/em_system.o
LOAD ./platform/emlib/src/em_usart.o
LOAD C:\Users\harsi\Desktop\project\soc-empty_4\platform\radio\rail_lib\autogen\librail_release\librail_efr32xg1_gcc_release.a
LOAD C:\Users\harsi\Desktop\project\soc-empty_4\protocol\bluetooth_2.7\lib\EFR32BG1B\GCC\libmbedtls.a
LOAD C:\Users\harsi\Desktop\project\soc-empty_4\protocol\bluetooth_2.7\lib\EFR32BG1B\GCC\libbluetooth.a
LOAD C:\Users\harsi\Desktop\project\soc-empty_4\protocol\bluetooth_2.7\lib\EFR32BG1B\GCC\binapploader.o
LOAD C:\Users\harsi\Desktop\project\soc-empty_4\protocol\bluetooth_2.7\lib\EFR32BG1B\GCC\libpsstore.a
LOAD c:/siliconlabs/simplicitystudio/v4_2/developer/toolchains/gnu_arm/4.9_2015q3/bin/../lib/gcc/arm-none-eabi/4.9.3/../../../../arm-none-eabi/lib/armv7e-m/softfp\libm.a
END GROUP
START GROUP
LOAD c:/siliconlabs/simplicitystudio/v4_2/developer/toolchains/gnu_arm/4.9_2015q3/bin/../lib/gcc/arm-none-eabi/4.9.3/armv7e-m/softfp\libgcc.a
LOAD c:/siliconlabs/simplicitystudio/v4_2/developer/toolchains/gnu_arm/4.9_2015q3/bin/../lib/gcc/arm-none-eabi/4.9.3/../../../../arm-none-eabi/lib/armv7e-m/softfp\libc_nano.a
LOAD c:/siliconlabs/simplicitystudio/v4_2/developer/toolchains/gnu_arm/4.9_2015q3/bin/../lib/gcc/arm-none-eabi/4.9.3/../../../../arm-none-eabi/lib/armv7e-m/softfp\libnosys.a
END GROUP
START GROUP
LOAD c:/siliconlabs/simplicitystudio/v4_2/developer/toolchains/gnu_arm/4.9_2015q3/bin/../lib/gcc/arm-none-eabi/4.9.3/armv7e-m/softfp\libgcc.a
LOAD c:/siliconlabs/simplicitystudio/v4_2/developer/toolchains/gnu_arm/4.9_2015q3/bin/../lib/gcc/arm-none-eabi/4.9.3/../../../../arm-none-eabi/lib/armv7e-m/softfp\libg_nano.a
LOAD c:/siliconlabs/simplicitystudio/v4_2/developer/toolchains/gnu_arm/4.9_2015q3/bin/../lib/gcc/arm-none-eabi/4.9.3/../../../../arm-none-eabi/lib/armv7e-m/softfp\libc_nano.a
END GROUP
START GROUP
LOAD c:/siliconlabs/simplicitystudio/v4_2/developer/toolchains/gnu_arm/4.9_2015q3/bin/../lib/gcc/arm-none-eabi/4.9.3/armv7e-m/softfp\libgcc.a
LOAD c:/siliconlabs/simplicitystudio/v4_2/developer/toolchains/gnu_arm/4.9_2015q3/bin/../lib/gcc/arm-none-eabi/4.9.3/../../../../arm-none-eabi/lib/armv7e-m/softfp\libc_nano.a
END GROUP
LOAD c:/siliconlabs/simplicitystudio/v4_2/developer/toolchains/gnu_arm/4.9_2015q3/bin/../lib/gcc/arm-none-eabi/4.9.3/armv7e-m/softfp/crtend.o
LOAD c:/siliconlabs/simplicitystudio/v4_2/developer/toolchains/gnu_arm/4.9_2015q3/bin/../lib/gcc/arm-none-eabi/4.9.3/armv7e-m/softfp/crtn.o

.text_bootloader
                0x00000000        0x0
 *(.binbootloader*)
                0x00000000                . = ALIGN (0x4000)

.text_apploader
                0x00004000     0x8fc0
 *(.binapploader*)
 .binapploader  0x00004000     0x8fc0 C:\Users\harsi\Desktop\project\soc-empty_4\protocol\bluetooth_2.7\lib\EFR32BG1B\GCC\binapploader.o

.text_signature
                0x0000cfc0       0x40
                0x0000d000                . = ALIGN (0x800)
 *fill*         0x0000cfc0       0x40 
                0x0000d000                __text_start__ = .

.text_application
                0x0000d000    0x1f7e8
 *(.vectors)
 .vectors       0x0000d000       0xc8 ./platform/Device/SiliconLabs/EFR32BG1B/Source/GCC/startup_efr32bg1b.o
                0x0000d000                __Vectors
                0x0000d0c8                __Vectors_End = .
                0x000000c8                __Vectors_Size = (__Vectors_End - __Vectors)
                0x0000d0c8                __end__ = .
 *(.application_properties)
 .application_properties
                0x0000d0c8       0x38 ./application_properties.o
                0x0000d0c8                applicationProperties
 *(.gecko_configuration)
 *(.xo_configuration)
 *(.gatt_header)
 .gatt_header   0x0000d100       0x34 ./gatt_db.o
                0x0000d100                bg_gattdb_data
 *(.gatt_data)
 .gatt_data     0x0000d134      0x1d6 ./gatt_db.o
                0x0000d134                bg_gattdb_data_adv_uuid128_map
                0x0000d138                bg_gattdb_data_adv_uuid16_map
                0x0000d13c                bg_gattdb_data_attributes_dynamic_mapping_map
                0x0000d144                bg_gattdb_data_attributes_map
                0x0000d228                bg_gattdb_data_attribute_field_0
                0x0000d22c                bg_gattdb_data_attribute_field_1
                0x0000d234                bg_gattdb_data_attribute_field_2
                0x0000d23c                bg_gattdb_data_attribute_field_4
                0x0000d240                bg_gattdb_data_attribute_field_5
                0x0000d248                bg_gattdb_data_attribute_field_6
                0x0000d250                bg_gattdb_data_attribute_field_7
                0x0000d258                bg_gattdb_data_attribute_field_8
                0x0000d25c                bg_gattdb_data_attribute_field_9
                0x0000d260                bg_gattdb_data_attribute_field_10
                0x0000d268                bg_gattdb_data_attribute_field_11
                0x0000d278                bg_gattdb_data_attribute_field_12
                0x0000d280                bg_gattdb_data_attribute_field_13
                0x0000d28c                bg_gattdb_data_attribute_field_14
                0x0000d294                bg_gattdb_data_attribute_field_15
                0x0000d29c                bg_gattdb_data_attribute_field_16
                0x0000d2b0                bg_gattdb_data_attribute_field_17
                0x0000d2c8                bg_gattdb_data_attribute_field_18
                0x0000d2d0                bg_gattdb_data_uuidtable_128_map
                0x0000d2f0                bg_gattdb_data_uuidtable_16_map
 *(.text*)
 *fill*         0x0000d30a        0x2 
 .text          0x0000d30c       0x5c c:/siliconlabs/simplicitystudio/v4_2/developer/toolchains/gnu_arm/4.9_2015q3/bin/../lib/gcc/arm-none-eabi/4.9.3/armv7e-m/softfp/crtbegin.o
 .text          0x0000d368       0x74 c:/siliconlabs/simplicitystudio/v4_2/developer/toolchains/gnu_arm/4.9_2015q3/bin/../lib/gcc/arm-none-eabi/4.9.3/../../../../arm-none-eabi/lib/armv7e-m/softfp/crt0.o
                0x0000d368                _start
                0x0000d368                _mainCRTStartup
 .text.initApp  0x0000d3dc       0x30 ./init_app.o
                0x0000d3dc                initApp
 .text.initBoard
                0x0000d40c       0x48 ./init_board.o
                0x0000d40c                initBoard
 .text.initMcu  0x0000d454      0x168 ./init_mcu.o
                0x0000d454                initMcu
 .text.startup.main
                0x0000d5bc      0x48c ./main.o
                0x0000d5bc                main
 .text.configEnablePti
                0x0000da48       0x30 ./pti.o
                0x0000da48                configEnablePti
 .text.MX25_init
                0x0000da78       0xa4 ./hardware/kit/common/drivers/mx25flash_spi.o
                0x0000da78                MX25_init
 .text.MX25_DP  0x0000db1c       0x5c ./hardware/kit/common/drivers/mx25flash_spi.o
                0x0000db1c                MX25_DP
 .text.DISPLAY_Init
                0x0000db78       0x34 ./lcd/display.o
                0x0000db78                DISPLAY_Init
 .text.DISPLAY_DeviceGet
                0x0000dbac       0x5c ./lcd/display.o
                0x0000dbac                DISPLAY_DeviceGet
 .text.DISPLAY_DeviceRegister
                0x0000dc08       0x64 ./lcd/display.o
                0x0000dc08                DISPLAY_DeviceRegister
 .text.DisplayPolarityInverse
                0x0000dc6c        0x4 ./lcd/displayls013b7dh03.o
 .text.PixelMatrixAllocate
                0x0000dc70       0x3c ./lcd/displayls013b7dh03.o
 .text.PixelMatrixFree
                0x0000dcac        0x8 ./lcd/displayls013b7dh03.o
 .text.DriverRefresh
                0x0000dcb4       0x10 ./lcd/displayls013b7dh03.o
 .text.PixelMatrixClear
                0x0000dcc4       0x20 ./lcd/displayls013b7dh03.o
 .text.PixelMatrixDraw
                0x0000dce4       0x8c ./lcd/displayls013b7dh03.o
 .text.DisplayEnable
                0x0000dd70       0x1c ./lcd/displayls013b7dh03.o
 .text.DISPLAY_Ls013b7dh03Init
                0x0000dd8c       0xe8 ./lcd/displayls013b7dh03.o
                0x0000dd8c                DISPLAY_Ls013b7dh03Init
 .text.PAL_SpiInit
                0x0000de74       0x50 ./lcd/displaypalemlib.o
                0x0000de74                PAL_SpiInit
 .text.PAL_SpiTransmit
                0x0000dec4       0x40 ./lcd/displaypalemlib.o
                0x0000dec4                PAL_SpiTransmit
 .text.PAL_TimerInit
                0x0000df04        0xc ./lcd/displaypalemlib.o
                0x0000df04                PAL_TimerInit
 .text.PAL_TimerMicroSecondsDelay
                0x0000df10        0xc ./lcd/displaypalemlib.o
                0x0000df10                PAL_TimerMicroSecondsDelay
 .text.PAL_TimerRepeat
                0x0000df1c       0x18 ./lcd/displaypalemlib.o
                0x0000df1c                PAL_TimerRepeat
 .text.PAL_GpioInit
                0x0000df34       0x14 ./lcd/displaypalemlib.o
                0x0000df34                PAL_GpioInit
 .text.PAL_GpioPinModeSet
                0x0000df48       0x1c ./lcd/displaypalemlib.o
                0x0000df48                PAL_GpioPinModeSet
 .text.PAL_GpioPinOutSet
                0x0000df64       0x1c ./lcd/displaypalemlib.o
                0x0000df64                PAL_GpioPinOutSet
 .text.PAL_GpioPinOutClear
                0x0000df80       0x1c ./lcd/displaypalemlib.o
                0x0000df80                PAL_GpioPinOutClear
 .text.DMD_writeColor.part.0
                0x0000df9c      0x18c ./lcd/dmd_display.o
 .text.DMD_getDisplayGeometry
                0x0000e128       0x1c ./lcd/dmd_display.o
                0x0000e128                DMD_getDisplayGeometry
 .text.DMD_setClippingArea
                0x0000e144       0x44 ./lcd/dmd_display.o
                0x0000e144                DMD_setClippingArea
 .text.DMD_writeColor
                0x0000e188       0x20 ./lcd/dmd_display.o
                0x0000e188                DMD_writeColor
 .text.DMD_allocateFramebuffer
                0x0000e1a8       0x38 ./lcd/dmd_display.o
                0x0000e1a8                DMD_allocateFramebuffer
 .text.DMD_init
                0x0000e1e0       0x78 ./lcd/dmd_display.o
                0x0000e1e0                DMD_init
 .text.DMD_updateDisplay
                0x0000e258       0xc8 ./lcd/dmd_display.o
                0x0000e258                DMD_updateDisplay
 .text.GLIB_applyClippingRegion.part.1
                0x0000e320       0x1c ./lcd/glib.o
 .text.GLIB_setClippingRegion.part.2
                0x0000e33c       0x48 ./lcd/glib.o
 .text.GLIB_contextInit
                0x0000e384       0x58 ./lcd/glib.o
                0x0000e384                GLIB_contextInit
 .text.GLIB_clear
                0x0000e3dc       0x48 ./lcd/glib.o
                0x0000e3dc                GLIB_clear
 .text.GLIB_drawPixel
                0x0000e424       0x40 ./lcd/glib.o
                0x0000e424                GLIB_drawPixel
 .text.GLIB_drawPixelColor
                0x0000e464       0x3c ./lcd/glib.o
                0x0000e464                GLIB_drawPixelColor
 .text.GLIB_rectContainsPoint
                0x0000e4a0       0x24 ./lcd/glib_rectangle.o
                0x0000e4a0                GLIB_rectContainsPoint
 .text.GLIB_drawChar.part.0
                0x0000e4c4      0x164 ./lcd/glib_string.o
 .text.GLIB_drawString
                0x0000e628       0x90 ./lcd/glib_string.o
                0x0000e628                GLIB_drawString
 .text.GLIB_setFont
                0x0000e6b8       0x30 ./lcd/glib_string.o
                0x0000e6b8                GLIB_setFont
 .text.GRAPHICS_Init
                0x0000e6e8       0x3c ./lcd/graphics.o
                0x0000e6e8                GRAPHICS_Init
 .text.GRAPHICS_Update
                0x0000e724        0x4 ./lcd/graphics.o
                0x0000e724                GRAPHICS_Update
 .text.GRAPHICS_Clear
                0x0000e728       0x24 ./lcd/graphics.o
                0x0000e728                GRAPHICS_Clear
 .text.GRAPHICS_AppendString
                0x0000e74c       0x44 ./lcd/graphics.o
                0x0000e74c                GRAPHICS_AppendString
 .text.rtcIntCallbackRegister
                0x0000e790        0x4 ./lcd/graphics.o
                0x0000e790                rtcIntCallbackRegister
 .text.UDELAY_Calibrate
                0x0000e794      0x1c0 ./lcd/udelay.o
                0x0000e794                UDELAY_Calibrate
 .text.UDELAY_Delay
                0x0000e954       0x28 ./lcd/udelay.o
                0x0000e954                UDELAY_Delay
 .text.Default_Handler
                0x0000e97c        0x4 ./platform/Device/SiliconLabs/EFR32BG1B/Source/GCC/startup_efr32bg1b.o
                0x0000e97c                DebugMon_Handler
                0x0000e97c                USART0_TX_IRQHandler
                0x0000e97c                I2C0_IRQHandler
                0x0000e97c                HardFault_Handler
                0x0000e97c                SysTick_Handler
                0x0000e97c                USART1_RX_IRQHandler
                0x0000e97c                PendSV_Handler
                0x0000e97c                NMI_Handler
                0x0000e97c                WDOG0_IRQHandler
                0x0000e97c                USART1_TX_IRQHandler
                0x0000e97c                MSC_IRQHandler
                0x0000e97c                ADC0_IRQHandler
                0x0000e97c                UsageFault_Handler
                0x0000e97c                LEUART0_IRQHandler
                0x0000e97c                FPUEH_IRQHandler
                0x0000e97c                GPIO_EVEN_IRQHandler
                0x0000e97c                LDMA_IRQHandler
                0x0000e97c                TIMER0_IRQHandler
                0x0000e97c                LETIMER0_IRQHandler
                0x0000e97c                TIMER1_IRQHandler
                0x0000e97c                Default_Handler
                0x0000e97c                CRYOTIMER_IRQHandler
                0x0000e97c                PCNT0_IRQHandler
                0x0000e97c                ACMP0_IRQHandler
                0x0000e97c                USART0_RX_IRQHandler
                0x0000e97c                MemManage_Handler
                0x0000e97c                SVC_Handler
                0x0000e97c                RTCC_IRQHandler
                0x0000e97c                CRYPTO_IRQHandler
                0x0000e97c                CMU_IRQHandler
                0x0000e97c                GPIO_ODD_IRQHandler
                0x0000e97c                BusFault_Handler
                0x0000e97c                IDAC0_IRQHandler
 .text.Reset_Handler
                0x0000e980       0x38 ./platform/Device/SiliconLabs/EFR32BG1B/Source/GCC/startup_efr32bg1b.o
                0x0000e980                Reset_Handler
 .text.SystemMaxCoreClockGet
                0x0000e9b8        0x8 ./platform/Device/SiliconLabs/EFR32BG1B/Source/system_efr32bg1b.o
                0x0000e9b8                SystemMaxCoreClockGet
 .text.SystemHFClockGet
                0x0000e9c0       0x50 ./platform/Device/SiliconLabs/EFR32BG1B/Source/system_efr32bg1b.o
                0x0000e9c0                SystemHFClockGet
 .text.SystemCoreClockGet
                0x0000ea10       0x24 ./platform/Device/SiliconLabs/EFR32BG1B/Source/system_efr32bg1b.o
                0x0000ea10                SystemCoreClockGet
 .text.SystemHFXOClockGet
                0x0000ea34        0xc ./platform/Device/SiliconLabs/EFR32BG1B/Source/system_efr32bg1b.o
                0x0000ea34                SystemHFXOClockGet
 .text.SystemHFXOClockSet
                0x0000ea40       0x20 ./platform/Device/SiliconLabs/EFR32BG1B/Source/system_efr32bg1b.o
                0x0000ea40                SystemHFXOClockSet
 .text.SystemInit
                0x0000ea60       0x4c ./platform/Device/SiliconLabs/EFR32BG1B/Source/system_efr32bg1b.o
                0x0000ea60                SystemInit
 .text.SystemLFRCOClockGet
                0x0000eaac        0x8 ./platform/Device/SiliconLabs/EFR32BG1B/Source/system_efr32bg1b.o
                0x0000eaac                SystemLFRCOClockGet
 .text.SystemULFRCOClockGet
                0x0000eab4        0x8 ./platform/Device/SiliconLabs/EFR32BG1B/Source/system_efr32bg1b.o
                0x0000eab4                SystemULFRCOClockGet
 .text.SystemLFXOClockGet
                0x0000eabc        0xc ./platform/Device/SiliconLabs/EFR32BG1B/Source/system_efr32bg1b.o
                0x0000eabc                SystemLFXOClockGet
 .text.SystemLFXOClockSet
                0x0000eac8       0x20 ./platform/Device/SiliconLabs/EFR32BG1B/Source/system_efr32bg1b.o
                0x0000eac8                SystemLFXOClockSet
 .text.sleepCallbackWrapper
                0x0000eae8       0x14 ./platform/emdrv/sleep/src/sleep.o
 .text.enterEMx
                0x0000eafc       0x70 ./platform/emdrv/sleep/src/sleep.o
 .text.SLEEP_Init
                0x0000eb6c       0x44 ./platform/emdrv/sleep/src/sleep.o
                0x0000eb6c                SLEEP_Init
 .text.SLEEP_Sleep
                0x0000ebb0       0x70 ./platform/emdrv/sleep/src/sleep.o
                0x0000ebb0                SLEEP_Sleep
 .text.SLEEP_SleepBlockBegin
                0x0000ec20       0x28 ./platform/emdrv/sleep/src/sleep.o
                0x0000ec20                SLEEP_SleepBlockBegin
 .text.SLEEP_SleepBlockEnd
                0x0000ec48       0x2c ./platform/emdrv/sleep/src/sleep.o
                0x0000ec48                SLEEP_SleepBlockEnd
 .text.SLEEP_LowestEnergyModeGet
                0x0000ec74       0x1c ./platform/emdrv/sleep/src/sleep.o
                0x0000ec74                SLEEP_LowestEnergyModeGet
 .text.updateInterrupts
                0x0000ec90       0xe0 ./platform/emdrv/tempdrv/src/tempdrv.o
 .text.errataStateUpdate
                0x0000ed70       0xbc ./platform/emdrv/tempdrv/src/tempdrv.o
 .text.errataCallback
                0x0000ee2c        0x4 ./platform/emdrv/tempdrv/src/tempdrv.o
 .text.TEMPDRV_IRQHandler
                0x0000ee30       0xd4 ./platform/emdrv/tempdrv/src/tempdrv.o
                0x0000ee30                TEMPDRV_IRQHandler
 .text.EMU_IRQHandler
                0x0000ef04        0x4 ./platform/emdrv/tempdrv/src/tempdrv.o
                0x0000ef04                EMU_IRQHandler
 .text.TEMPDRV_Init
                0x0000ef08      0x14c ./platform/emdrv/tempdrv/src/tempdrv.o
                0x0000ef08                TEMPDRV_Init
 .text.flashWaitStateControl.isra.0
                0x0000f054       0x48 ./platform/emlib/src/em_cmu.o
 .text.CMU_OscillatorTuningSet.part.3
                0x0000f09c       0x3c ./platform/emlib/src/em_cmu.o
 .text.CMU_ClockEnable
                0x0000f0d8       0x8c ./platform/emlib/src/em_cmu.o
                0x0000f0d8                CMU_ClockEnable
 .text.CMU_ClockPrescGet
                0x0000f164       0x94 ./platform/emlib/src/em_cmu.o
                0x0000f164                CMU_ClockPrescGet
 .text.CMU_ClockDivGet
                0x0000f1f8        0xc ./platform/emlib/src/em_cmu.o
                0x0000f1f8                CMU_ClockDivGet
 .text.CMU_ClockSelectGet
                0x0000f204       0xc4 ./platform/emlib/src/em_cmu.o
                0x0000f204                CMU_ClockSelectGet
 .text.lfClkGet
                0x0000f2c8       0x94 ./platform/emlib/src/em_cmu.o
 .text.CMU_ClockFreqGet
                0x0000f35c      0x160 ./platform/emlib/src/em_cmu.o
                0x0000f35c                CMU_ClockFreqGet
 .text.CMU_ClockPrescSet
                0x0000f4bc      0x1ec ./platform/emlib/src/em_cmu.o
                0x0000f4bc                CMU_ClockPrescSet
 .text.CMU_ClockDivSet
                0x0000f6a8        0x8 ./platform/emlib/src/em_cmu.o
                0x0000f6a8                CMU_ClockDivSet
 .text.CMU_HFXOAutostartEnable
                0x0000f6b0       0x74 ./platform/emlib/src/em_cmu.o
                0x0000f6b0                CMU_HFXOAutostartEnable
 .text.CMU_OscillatorTuningWait
                0x0000f724       0x5c ./platform/emlib/src/em_cmu.o
                0x0000f724                CMU_OscillatorTuningWait
 .text.CMU_OscillatorEnable
                0x0000f780      0x110 ./platform/emlib/src/em_cmu.o
                0x0000f780                CMU_OscillatorEnable
 .text.CMU_ClockSelectSet
                0x0000f890      0x200 ./platform/emlib/src/em_cmu.o
                0x0000f890                CMU_ClockSelectSet
 .text.CMU_HFXOInit
                0x0000fa90       0x88 ./platform/emlib/src/em_cmu.o
                0x0000fa90                CMU_HFXOInit
 .text.CMU_LFXOInit
                0x0000fb18       0x40 ./platform/emlib/src/em_cmu.o
                0x0000fb18                CMU_LFXOInit
 .text.CORE_EnterCritical
                0x0000fb58        0x8 ./platform/emlib/src/em_core.o
                0x0000fb58                CORE_EnterCritical
 .text.CORE_ExitCritical
                0x0000fb60        0x8 ./platform/emlib/src/em_core.o
                0x0000fb60                CORE_ExitCritical
 .text.CORE_EnterAtomic
                0x0000fb68        0x8 ./platform/emlib/src/em_core.o
                0x0000fb68                CORE_EnterAtomic
 .text.CORE_ExitAtomic
                0x0000fb70        0x8 ./platform/emlib/src/em_core.o
                0x0000fb70                CORE_ExitAtomic
 .text.CORE_SetNvicRamTableHandler
                0x0000fb78       0x10 ./platform/emlib/src/em_core.o
                0x0000fb78                CORE_SetNvicRamTableHandler
 .text.CORE_InitNvicVectorTable
                0x0000fb88       0x48 ./platform/emlib/src/em_core.o
                0x0000fb88                CORE_InitNvicVectorTable
 .text.CRYPTO_ModulusSet
                0x0000fbd0       0x38 ./platform/emlib/src/em_crypto.o
                0x0000fbd0                CRYPTO_ModulusSet
 .text.CRYPTO_KeyRead
                0x0000fc08       0x2c ./platform/emlib/src/em_crypto.o
                0x0000fc08                CRYPTO_KeyRead
 .text.currentLimitersUpdate
                0x0000fc34       0x74 ./platform/emlib/src/em_emu.o
 .text.dcdcHsFixLnBlock.part.0
                0x0000fca8       0x30 ./platform/emlib/src/em_emu.o
 .text.dcdcFetCntSet.part.1
                0x0000fcd8       0x20 ./platform/emlib/src/em_emu.o
 .text.emState.part.2
                0x0000fcf8       0x24 ./platform/emlib/src/em_emu.o
 .text.emState  0x0000fd1c       0x60 ./platform/emlib/src/em_emu.o
 .text.EMU_EnterEM2
                0x0000fd7c       0x5c ./platform/emlib/src/em_emu.o
                0x0000fd7c                EMU_EnterEM2
 .text.EMU_EnterEM3
                0x0000fdd8       0x80 ./platform/emlib/src/em_emu.o
                0x0000fdd8                EMU_EnterEM3
 .text.EMU_Save
                0x0000fe58        0x4 ./platform/emlib/src/em_emu.o
                0x0000fe58                EMU_Save
 .text.EMU_Restore
                0x0000fe5c        0x8 ./platform/emlib/src/em_emu.o
                0x0000fe5c                EMU_Restore
 .text.EMU_DCDCModeSet
                0x0000fe64       0x64 ./platform/emlib/src/em_emu.o
                0x0000fe64                EMU_DCDCModeSet
 .text.EMU_EnterEM4
                0x0000fec8       0x98 ./platform/emlib/src/em_emu.o
                0x0000fec8                EMU_EnterEM4
 .text.EMU_DCDCOutputVoltageSet
                0x0000ff60      0x1d0 ./platform/emlib/src/em_emu.o
                0x0000ff60                EMU_DCDCOutputVoltageSet
 .text.EMU_DCDCOptimizeSlice
                0x00010130       0x94 ./platform/emlib/src/em_emu.o
                0x00010130                EMU_DCDCOptimizeSlice
 .text.EMU_DCDCLnRcoBandSet
                0x000101c4       0x24 ./platform/emlib/src/em_emu.o
                0x000101c4                EMU_DCDCLnRcoBandSet
 .text.EMU_DCDCInit
                0x000101e8      0x18c ./platform/emlib/src/em_emu.o
                0x000101e8                EMU_DCDCInit
 .text.EMU_SetBiasMode
                0x00010374       0x84 ./platform/emlib/src/em_emu.o
                0x00010374                EMU_SetBiasMode
 .text.GPIO_PinModeSet
                0x000103f8       0x84 ./platform/emlib/src/em_gpio.o
                0x000103f8                GPIO_PinModeSet
 .text.MSC_Init
                0x0001047c       0x18 ./platform/emlib/src/em_msc.o
                0x0001047c                MSC_Init
 .text.MSC_Deinit
                0x00010494       0x14 ./platform/emlib/src/em_msc.o
                0x00010494                MSC_Deinit
 .text.RMU_ResetCauseClear
                0x000104a8        0xc ./platform/emlib/src/em_rmu.o
                0x000104a8                RMU_ResetCauseClear
 .text.RMU_ResetCauseGet
                0x000104b4       0x7c ./platform/emlib/src/em_rmu.o
                0x000104b4                RMU_ResetCauseGet
 .text.RTCC_ChannelInit
                0x00010530       0x3c ./platform/emlib/src/em_rtcc.o
                0x00010530                RTCC_ChannelInit
 .text.RTCC_Enable
                0x0001056c        0xc ./platform/emlib/src/em_rtcc.o
                0x0001056c                RTCC_Enable
 .text.RTCC_Init
                0x00010578       0x6c ./platform/emlib/src/em_rtcc.o
                0x00010578                RTCC_Init
 .text.SYSTEM_ChipRevisionGet
                0x000105e4       0x34 ./platform/emlib/src/em_system.o
                0x000105e4                SYSTEM_ChipRevisionGet
 .text.USART_BaudrateSyncSet
                0x00010618       0x24 ./platform/emlib/src/em_usart.o
                0x00010618                USART_BaudrateSyncSet
 .text.USART_InitSync
                0x0001063c       0xc8 ./platform/emlib/src/em_usart.o
                0x0001063c                USART_InitSync
 .text.USART_Reset
                0x00010704       0x4c ./platform/emlib/src/em_usart.o
                0x00010704                USART_Reset
 .text.USART_SpiTransfer
                0x00010750       0x14 ./platform/emlib/src/em_usart.o
                0x00010750                USART_SpiTransfer
 .text.USART_Tx
                0x00010764        0xc ./platform/emlib/src/em_usart.o
                0x00010764                USART_Tx
 .text.USART_TxDouble
                0x00010770        0xc ./platform/emlib/src/em_usart.o
                0x00010770                USART_TxDouble
 .text.RAIL_ConfigPti
                0x0001077c        0x6 C:\Users\harsi\Desktop\project\soc-empty_4\platform\radio\rail_lib\autogen\librail_release\librail_efr32xg1_gcc_release.a(rail_pti.o)
                0x0001077c                RAIL_ConfigPti
 .text.RAIL_EnablePti
                0x00010782        0x6 C:\Users\harsi\Desktop\project\soc-empty_4\platform\radio\rail_lib\autogen\librail_release\librail_efr32xg1_gcc_release.a(rail_pti.o)
                0x00010782                RAIL_EnablePti
 .text.eventDefault
                0x00010788        0x2 C:\Users\harsi\Desktop\project\soc-empty_4\platform\radio\rail_lib\autogen\librail_release\librail_efr32xg1_gcc_release.a(rail_rf_hal.o)
 *fill*         0x0001078a        0x2 
 .text.setRssiPeriod
                0x0001078c       0x18 C:\Users\harsi\Desktop\project\soc-empty_4\platform\radio\rail_lib\autogen\librail_release\librail_efr32xg1_gcc_release.a(rail_rf_hal.o)
 .text.RFHAL_NotifyUserOfIrCal
                0x000107a4       0x80 C:\Users\harsi\Desktop\project\soc-empty_4\platform\radio\rail_lib\autogen\librail_release\librail_efr32xg1_gcc_release.a(rail_rf_hal.o)
 *fill*         0x00010824        0x4 
 .text.GENERIC_PHY_EventCallback
                0x00010828      0x19c C:\Users\harsi\Desktop\project\soc-empty_4\platform\radio\rail_lib\autogen\librail_release\librail_efr32xg1_gcc_release.a(rail_rf_hal.o)
                0x00010828                GENERIC_PHY_EventCallback
 .text.RFHAL_IntEnable
                0x000109c4       0x56 C:\Users\harsi\Desktop\project\soc-empty_4\platform\radio\rail_lib\autogen\librail_release\librail_efr32xg1_gcc_release.a(rail_rf_hal.o)
                0x000109c4                RFHAL_IntEnable
 *fill*         0x00010a1a        0x2 
 .text.RFHAL_SetEventCallback
                0x00010a1c       0x18 C:\Users\harsi\Desktop\project\soc-empty_4\platform\radio\rail_lib\autogen\librail_release\librail_efr32xg1_gcc_release.a(rail_rf_hal.o)
                0x00010a1c                RFHAL_SetEventCallback
 .text.RFHAL_SetPtiProtocol
                0x00010a34       0x20 C:\Users\harsi\Desktop\project\soc-empty_4\platform\radio\rail_lib\autogen\librail_release\librail_efr32xg1_gcc_release.a(rail_rf_hal.o)
                0x00010a34                RFHAL_SetPtiProtocol
 .text.RFHAL_Idle
                0x00010a54       0x40 C:\Users\harsi\Desktop\project\soc-empty_4\platform\radio\rail_lib\autogen\librail_release\librail_efr32xg1_gcc_release.a(rail_rf_hal.o)
                0x00010a54                RFHAL_Idle
 .text.RFHAL_GetRadioState
                0x00010a94       0x7c C:\Users\harsi\Desktop\project\soc-empty_4\platform\radio\rail_lib\autogen\librail_release\librail_efr32xg1_gcc_release.a(rail_rf_hal.o)
                0x00010a94                RFHAL_GetRadioState
 .text.RFHAL_OkToTransmit
                0x00010b10       0x14 C:\Users\harsi\Desktop\project\soc-empty_4\platform\radio\rail_lib\autogen\librail_release\librail_efr32xg1_gcc_release.a(rail_rf_hal.o)
                0x00010b10                RFHAL_OkToTransmit
 .text.RFHAL_ScheduleRx
                0x00010b24       0x74 C:\Users\harsi\Desktop\project\soc-empty_4\platform\radio\rail_lib\autogen\librail_release\librail_efr32xg1_gcc_release.a(rail_rf_hal.o)
                0x00010b24                RFHAL_ScheduleRx
 .text.RFHAL_EnableRxRawCapture
                0x00010b98       0x5c C:\Users\harsi\Desktop\project\soc-empty_4\platform\radio\rail_lib\autogen\librail_release\librail_efr32xg1_gcc_release.a(rail_rf_hal.o)
                0x00010b98                RFHAL_EnableRxRawCapture
 .text.RFHAL_DisableRxRawCapture
                0x00010bf4       0x38 C:\Users\harsi\Desktop\project\soc-empty_4\platform\radio\rail_lib\autogen\librail_release\librail_efr32xg1_gcc_release.a(rail_rf_hal.o)
                0x00010bf4                RFHAL_DisableRxRawCapture
 .text.RFHAL_AcceptCrcErrors
                0x00010c2c       0x18 C:\Users\harsi\Desktop\project\soc-empty_4\platform\radio\rail_lib\autogen\librail_release\librail_efr32xg1_gcc_release.a(rail_rf_hal.o)
                0x00010c2c                RFHAL_AcceptCrcErrors
 .text.RFHAL_ConfigRxOptions
                0x00010c44       0x74 C:\Users\harsi\Desktop\project\soc-empty_4\platform\radio\rail_lib\autogen\librail_release\librail_efr32xg1_gcc_release.a(rail_rf_hal.o)
                0x00010c44                RFHAL_ConfigRxOptions
 .text.RFHAL_CancelTimer
                0x00010cb8       0x28 C:\Users\harsi\Desktop\project\soc-empty_4\platform\radio\rail_lib\autogen\librail_release\librail_efr32xg1_gcc_release.a(rail_rf_hal.o)
                0x00010cb8                RFHAL_CancelTimer
 .text.RFHAL_SetTimer
                0x00010ce0       0x80 C:\Users\harsi\Desktop\project\soc-empty_4\platform\radio\rail_lib\autogen\librail_release\librail_efr32xg1_gcc_release.a(rail_rf_hal.o)
                0x00010ce0                RFHAL_SetTimer
 .text.RFHAL_SetTxTransitions
                0x00010d60       0x1c C:\Users\harsi\Desktop\project\soc-empty_4\platform\radio\rail_lib\autogen\librail_release\librail_efr32xg1_gcc_release.a(rail_rf_hal.o)
                0x00010d60                RFHAL_SetTxTransitions
 .text.RFHAL_SetRxTransitions
                0x00010d7c       0x1c C:\Users\harsi\Desktop\project\soc-empty_4\platform\radio\rail_lib\autogen\librail_release\librail_efr32xg1_gcc_release.a(rail_rf_hal.o)
                0x00010d7c                RFHAL_SetRxTransitions
 .text.RFHAL_SetCRCInitVal
                0x00010d98        0x4 C:\Users\harsi\Desktop\project\soc-empty_4\platform\radio\rail_lib\autogen\librail_release\librail_efr32xg1_gcc_release.a(rail_rf_hal.o)
                0x00010d98                RFHAL_SetCRCInitVal
 .text.RFHAL_ConfigTxPower
                0x00010d9c        0xc C:\Users\harsi\Desktop\project\soc-empty_4\platform\radio\rail_lib\autogen\librail_release\librail_efr32xg1_gcc_release.a(rail_rf_hal.o)
                0x00010d9c                RFHAL_ConfigTxPower
 .text.RFHAL_SetTxPowerUnchecked
                0x00010da8       0x18 C:\Users\harsi\Desktop\project\soc-empty_4\platform\radio\rail_lib\autogen\librail_release\librail_efr32xg1_gcc_release.a(rail_rf_hal.o)
                0x00010da8                RFHAL_SetTxPowerUnchecked
 .text.RFHAL_SetTxPower
                0x00010dc0       0x3c C:\Users\harsi\Desktop\project\soc-empty_4\platform\radio\rail_lib\autogen\librail_release\librail_efr32xg1_gcc_release.a(rail_rf_hal.o)
                0x00010dc0                RFHAL_SetTxPower
 .text.RFHAL_GetTxPowerConfig
                0x00010dfc        0xc C:\Users\harsi\Desktop\project\soc-empty_4\platform\radio\rail_lib\autogen\librail_release\librail_efr32xg1_gcc_release.a(rail_rf_hal.o)
                0x00010dfc                RFHAL_GetTxPowerConfig
 .text.RFHAL_GetTxPower
                0x00010e08        0x4 C:\Users\harsi\Desktop\project\soc-empty_4\platform\radio\rail_lib\autogen\librail_release\librail_efr32xg1_gcc_release.a(rail_rf_hal.o)
                0x00010e08                RFHAL_GetTxPower
 .text.RFHAL_SetChannel
                0x00010e0c       0x98 C:\Users\harsi\Desktop\project\soc-empty_4\platform\radio\rail_lib\autogen\librail_release\librail_efr32xg1_gcc_release.a(rail_rf_hal.o)
                0x00010e0c                RFHAL_SetChannel
 .text.RFHAL_IsAutoAckEnabled
                0x00010ea4        0x6 C:\Users\harsi\Desktop\project\soc-empty_4\platform\radio\rail_lib\autogen\librail_release\librail_efr32xg1_gcc_release.a(rail_rf_hal.o)
                0x00010ea4                RFHAL_IsAutoAckEnabled
 *fill*         0x00010eaa        0x2 
 .text.RFHAL_AutoAckWaitForAck
                0x00010eac       0x18 C:\Users\harsi\Desktop\project\soc-empty_4\platform\radio\rail_lib\autogen\librail_release\librail_efr32xg1_gcc_release.a(rail_rf_hal.o)
                0x00010eac                RFHAL_AutoAckWaitForAck
 .text.preTxOps
                0x00010ec4       0xc4 C:\Users\harsi\Desktop\project\soc-empty_4\platform\radio\rail_lib\autogen\librail_release\librail_efr32xg1_gcc_release.a(rail_rf_hal.o)
 .text.RFHAL_StartTx
                0x00010f88       0x12 C:\Users\harsi\Desktop\project\soc-empty_4\platform\radio\rail_lib\autogen\librail_release\librail_efr32xg1_gcc_release.a(rail_rf_hal.o)
                0x00010f88                RFHAL_StartTx
 .text.RFHAL_StartScheduledTx
                0x00010f9a       0x3a C:\Users\harsi\Desktop\project\soc-empty_4\platform\radio\rail_lib\autogen\librail_release\librail_efr32xg1_gcc_release.a(rail_rf_hal.o)
                0x00010f9a                RFHAL_StartScheduledTx
 .text.RFHAL_GetRxPacketInfo
                0x00010fd4       0x48 C:\Users\harsi\Desktop\project\soc-empty_4\platform\radio\rail_lib\autogen\librail_release\librail_efr32xg1_gcc_release.a(rail_rf_hal.o)
                0x00010fd4                RFHAL_GetRxPacketInfo
 .text.RFHAL_GetRxPacketDetails
                0x0001101c       0xcc C:\Users\harsi\Desktop\project\soc-empty_4\platform\radio\rail_lib\autogen\librail_release\librail_efr32xg1_gcc_release.a(rail_rf_hal.o)
                0x0001101c                RFHAL_GetRxPacketDetails
 .text.RFHAL_SetTxBuffer
                0x000110e8       0x3a C:\Users\harsi\Desktop\project\soc-empty_4\platform\radio\rail_lib\autogen\librail_release\librail_efr32xg1_gcc_release.a(rail_rf_hal.o)
                0x000110e8                RFHAL_SetTxBuffer
 *fill*         0x00011122        0x2 
 .text.RFHAL_ResetTxFifo
                0x00011124       0x2c C:\Users\harsi\Desktop\project\soc-empty_4\platform\radio\rail_lib\autogen\librail_release\librail_efr32xg1_gcc_release.a(rail_rf_hal.o)
                0x00011124                RFHAL_ResetTxFifo
 .text.RFHAL_WriteTxFifo
                0x00011150       0x28 C:\Users\harsi\Desktop\project\soc-empty_4\platform\radio\rail_lib\autogen\librail_release\librail_efr32xg1_gcc_release.a(rail_rf_hal.o)
                0x00011150                RFHAL_WriteTxFifo
 .text.RFHAL_ResetRxFifo
                0x00011178       0x40 C:\Users\harsi\Desktop\project\soc-empty_4\platform\radio\rail_lib\autogen\librail_release\librail_efr32xg1_gcc_release.a(rail_rf_hal.o)
                0x00011178                RFHAL_ResetRxFifo
 .text.RFHAL_ConfigData
                0x000111b8       0x7c C:\Users\harsi\Desktop\project\soc-empty_4\platform\radio\rail_lib\autogen\librail_release\librail_efr32xg1_gcc_release.a(rail_rf_hal.o)
                0x000111b8                RFHAL_ConfigData
 .text.RFHAL_Init
                0x00011234       0xa0 C:\Users\harsi\Desktop\project\soc-empty_4\platform\radio\rail_lib\autogen\librail_release\librail_efr32xg1_gcc_release.a(rail_rf_hal.o)
                0x00011234                RFHAL_Init
 .text.RFHAL_SetFixedLength
                0x000112d4       0x8c C:\Users\harsi\Desktop\project\soc-empty_4\platform\radio\rail_lib\autogen\librail_release\librail_efr32xg1_gcc_release.a(rail_rf_hal.o)
                0x000112d4                RFHAL_SetFixedLength
 .text.RFHAL_SetAbortScheduledTxDuringRx
                0x00011360       0x18 C:\Users\harsi\Desktop\project\soc-empty_4\platform\radio\rail_lib\autogen\librail_release\librail_efr32xg1_gcc_release.a(rail_rf_hal.o)
                0x00011360                RFHAL_SetAbortScheduledTxDuringRx
 .text.RFHAL_ConfigRadio
                0x00011378       0xe0 C:\Users\harsi\Desktop\project\soc-empty_4\platform\radio\rail_lib\autogen\librail_release\librail_efr32xg1_gcc_release.a(rail_rf_hal.o)
                0x00011378                RFHAL_ConfigRadio
 .text.RFHAL_GetTime
                0x00011458        0xe C:\Users\harsi\Desktop\project\soc-empty_4\platform\radio\rail_lib\autogen\librail_release\librail_efr32xg1_gcc_release.a(rail_rf_hal.o)
                0x00011458                RFHAL_GetTime
 .text.RFHAL_GetRadioEntropy
                0x00011466        0x4 C:\Users\harsi\Desktop\project\soc-empty_4\platform\radio\rail_lib\autogen\librail_release\librail_efr32xg1_gcc_release.a(rail_rf_hal.o)
                0x00011466                RFHAL_GetRadioEntropy
 .text.RFHAL_SetStateTiming
                0x0001146a       0x4e C:\Users\harsi\Desktop\project\soc-empty_4\platform\radio\rail_lib\autogen\librail_release\librail_efr32xg1_gcc_release.a(rail_rf_hal.o)
                0x0001146a                RFHAL_SetStateTiming
 .text.RFHAL_ConfigPti
                0x000114b8        0x4 C:\Users\harsi\Desktop\project\soc-empty_4\platform\radio\rail_lib\autogen\librail_release\librail_efr32xg1_gcc_release.a(rail_rf_hal.o)
                0x000114b8                RFHAL_ConfigPti
 .text.RFHAL_EnablePti
                0x000114bc        0x4 C:\Users\harsi\Desktop\project\soc-empty_4\platform\radio\rail_lib\autogen\librail_release\librail_efr32xg1_gcc_release.a(rail_rf_hal.o)
                0x000114bc                RFHAL_EnablePti
 .text.RAIL_Init
                0x000114c0       0x20 C:\Users\harsi\Desktop\project\soc-empty_4\platform\radio\rail_lib\autogen\librail_release\librail_efr32xg1_gcc_release.a(rail_singleprotocol.o)
                0x000114c0                RAIL_Init
 .text.RAIL_GetSchedulerStatus
                0x000114e0        0x4 C:\Users\harsi\Desktop\project\soc-empty_4\platform\radio\rail_lib\autogen\librail_release\librail_efr32xg1_gcc_release.a(rail_singleprotocol.o)
                0x000114e0                RAIL_GetSchedulerStatus
 .text.RAIL_Idle
                0x000114e4        0x8 C:\Users\harsi\Desktop\project\soc-empty_4\platform\radio\rail_lib\autogen\librail_release\librail_efr32xg1_gcc_release.a(rail_singleprotocol.o)
                0x000114e4                RAIL_Idle
 .text.RAIL_YieldRadio
                0x000114ec        0x2 C:\Users\harsi\Desktop\project\soc-empty_4\platform\radio\rail_lib\autogen\librail_release\librail_efr32xg1_gcc_release.a(rail_singleprotocol.o)
                0x000114ec                RAIL_YieldRadio
 .text.RAIL_GetRadioEntropy
                0x000114ee        0x8 C:\Users\harsi\Desktop\project\soc-empty_4\platform\radio\rail_lib\autogen\librail_release\librail_efr32xg1_gcc_release.a(rail_singleprotocol.o)
                0x000114ee                RAIL_GetRadioEntropy
 .text.RAIL_SetTimer
                0x000114f6       0x14 C:\Users\harsi\Desktop\project\soc-empty_4\platform\radio\rail_lib\autogen\librail_release\librail_efr32xg1_gcc_release.a(rail_singleprotocol.o)
                0x000114f6                RAIL_SetTimer
 .text.RAIL_CancelTimer
                0x0001150a        0x4 C:\Users\harsi\Desktop\project\soc-empty_4\platform\radio\rail_lib\autogen\librail_release\librail_efr32xg1_gcc_release.a(rail_singleprotocol.o)
                0x0001150a                RAIL_CancelTimer
 .text.RAIL_StartTx
                0x0001150e        0xa C:\Users\harsi\Desktop\project\soc-empty_4\platform\radio\rail_lib\autogen\librail_release\librail_efr32xg1_gcc_release.a(rail_singleprotocol.o)
                0x0001150e                RAIL_StartTx
 .text.RAIL_StartScheduledTx
                0x00011518        0xa C:\Users\harsi\Desktop\project\soc-empty_4\platform\radio\rail_lib\autogen\librail_release\librail_efr32xg1_gcc_release.a(rail_singleprotocol.o)
                0x00011518                RAIL_StartScheduledTx
 .text.RAIL_ScheduleRx
                0x00011522        0xa C:\Users\harsi\Desktop\project\soc-empty_4\platform\radio\rail_lib\autogen\librail_release\librail_efr32xg1_gcc_release.a(rail_singleprotocol.o)
                0x00011522                RAIL_ScheduleRx
 .text.radioConfigChangedDefault
                0x0001152c        0x2 C:\Users\harsi\Desktop\project\soc-empty_4\platform\radio\rail_lib\autogen\librail_release\librail_efr32xg1_gcc_release.a(rail_rf.o)
 .text.isTransitionState
                0x0001152e       0x12 C:\Users\harsi\Desktop\project\soc-empty_4\platform\radio\rail_lib\autogen\librail_release\librail_efr32xg1_gcc_release.a(rail_rf.o)
 .text.RAILCore_Init
                0x00011540       0x12 C:\Users\harsi\Desktop\project\soc-empty_4\platform\radio\rail_lib\autogen\librail_release\librail_efr32xg1_gcc_release.a(rail_rf.o)
                0x00011540                RAILCore_Init
 *fill*         0x00011552        0x2 
 .text.RAILInt_SetCallbackConfig
                0x00011554       0x20 C:\Users\harsi\Desktop\project\soc-empty_4\platform\radio\rail_lib\autogen\librail_release\librail_efr32xg1_gcc_release.a(rail_rf.o)
                0x00011554                RAILInt_SetCallbackConfig
 .text.RAILCore_Idle
                0x00011574       0x14 C:\Users\harsi\Desktop\project\soc-empty_4\platform\radio\rail_lib\autogen\librail_release\librail_efr32xg1_gcc_release.a(rail_rf.o)
                0x00011574                RAILCore_Idle
 .text.RAILCore_GetRadioState
                0x00011588        0x4 C:\Users\harsi\Desktop\project\soc-empty_4\platform\radio\rail_lib\autogen\librail_release\librail_efr32xg1_gcc_release.a(rail_rf.o)
                0x00011588                RAILCore_GetRadioState
 .text.RAIL_SetStateTiming
                0x0001158c        0xa C:\Users\harsi\Desktop\project\soc-empty_4\platform\radio\rail_lib\autogen\librail_release\librail_efr32xg1_gcc_release.a(rail_rf.o)
                0x0001158c                RAIL_SetStateTiming
 *fill*         0x00011596        0x2 
 .text.RAILInt_IsPowerInRange
                0x00011598       0x3c C:\Users\harsi\Desktop\project\soc-empty_4\platform\radio\rail_lib\autogen\librail_release\librail_efr32xg1_gcc_release.a(rail_rf.o)
                0x00011598                RAILInt_IsPowerInRange
 .text.RAILInt_SetChannel
                0x000115d4      0x1d8 C:\Users\harsi\Desktop\project\soc-empty_4\platform\radio\rail_lib\autogen\librail_release\librail_efr32xg1_gcc_release.a(rail_rf.o)
                0x000115d4                RAILInt_SetChannel
 .text.RAILCore_ConfigChannels
                0x000117ac       0x58 C:\Users\harsi\Desktop\project\soc-empty_4\platform\radio\rail_lib\autogen\librail_release\librail_efr32xg1_gcc_release.a(rail_rf.o)
                0x000117ac                RAILCore_ConfigChannels
 .text.RAILInt_GetChannel
                0x00011804        0x4 C:\Users\harsi\Desktop\project\soc-empty_4\platform\radio\rail_lib\autogen\librail_release\librail_efr32xg1_gcc_release.a(rail_rf.o)
                0x00011804                RAILInt_GetChannel
 .text.RAILCore_SetTxTransitions
                0x00011808       0x3c C:\Users\harsi\Desktop\project\soc-empty_4\platform\radio\rail_lib\autogen\librail_release\librail_efr32xg1_gcc_release.a(rail_rf.o)
                0x00011808                RAILCore_SetTxTransitions
 .text.RAIL_SetTxTransitions
                0x00011844        0xa C:\Users\harsi\Desktop\project\soc-empty_4\platform\radio\rail_lib\autogen\librail_release\librail_efr32xg1_gcc_release.a(rail_rf.o)
                0x00011844                RAIL_SetTxTransitions
 .text.RAILCore_SetRxTransitions
                0x0001184e       0x38 C:\Users\harsi\Desktop\project\soc-empty_4\platform\radio\rail_lib\autogen\librail_release\librail_efr32xg1_gcc_release.a(rail_rf.o)
                0x0001184e                RAILCore_SetRxTransitions
 .text.RAIL_SetRxTransitions
                0x00011886        0xa C:\Users\harsi\Desktop\project\soc-empty_4\platform\radio\rail_lib\autogen\librail_release\librail_efr32xg1_gcc_release.a(rail_rf.o)
                0x00011886                RAIL_SetRxTransitions
 .text.RAIL_ConfigEvents
                0x00011890       0x14 C:\Users\harsi\Desktop\project\soc-empty_4\platform\radio\rail_lib\autogen\librail_release\librail_efr32xg1_gcc_release.a(rail_rf.o)
                0x00011890                RAIL_ConfigEvents
 .text.RAIL_ConfigRxOptions
                0x000118a4        0xa C:\Users\harsi\Desktop\project\soc-empty_4\platform\radio\rail_lib\autogen\librail_release\librail_efr32xg1_gcc_release.a(rail_rx.o)
                0x000118a4                RAIL_ConfigRxOptions
 .text.RAILCore_ScheduleRx
                0x000118ae       0x2c C:\Users\harsi\Desktop\project\soc-empty_4\platform\radio\rail_lib\autogen\librail_release\librail_efr32xg1_gcc_release.a(rail_rx.o)
                0x000118ae                RAILCore_ScheduleRx
 .text.RAILInt_PreTxOps
                0x000118da       0x1c C:\Users\harsi\Desktop\project\soc-empty_4\platform\radio\rail_lib\autogen\librail_release\librail_efr32xg1_gcc_release.a(rail_tx.o)
                0x000118da                RAILInt_PreTxOps
 .text.RAILCore_StartTx
                0x000118f6       0x1a C:\Users\harsi\Desktop\project\soc-empty_4\platform\radio\rail_lib\autogen\librail_release\librail_efr32xg1_gcc_release.a(rail_tx.o)
                0x000118f6                RAILCore_StartTx
 .text.RAILCore_StartScheduledTx
                0x00011910       0x1e C:\Users\harsi\Desktop\project\soc-empty_4\platform\radio\rail_lib\autogen\librail_release\librail_efr32xg1_gcc_release.a(rail_tx.o)
                0x00011910                RAILCore_StartScheduledTx
 .text.RAIL_SetTxPower
                0x0001192e        0xa C:\Users\harsi\Desktop\project\soc-empty_4\platform\radio\rail_lib\autogen\librail_release\librail_efr32xg1_gcc_release.a(rail_tx.o)
                0x0001192e                RAIL_SetTxPower
 .text.RAIL_GetTxPower
                0x00011938        0xa C:\Users\harsi\Desktop\project\soc-empty_4\platform\radio\rail_lib\autogen\librail_release\librail_efr32xg1_gcc_release.a(rail_tx.o)
                0x00011938                RAIL_GetTxPower
 .text.RAIL_ConfigTxPower
                0x00011942       0x1a C:\Users\harsi\Desktop\project\soc-empty_4\platform\radio\rail_lib\autogen\librail_release\librail_efr32xg1_gcc_release.a(rail_tx.o)
                0x00011942                RAIL_ConfigTxPower
 .text.RAILInt_PendCal
                0x0001195c       0x24 C:\Users\harsi\Desktop\project\soc-empty_4\platform\radio\rail_lib\autogen\librail_release\librail_efr32xg1_gcc_release.a(rail_calibration.o)
                0x0001195c                RAILInt_PendCal
 .text.RAILCb_AssertFailed
                0x00011980       0x14 C:\Users\harsi\Desktop\project\soc-empty_4\platform\radio\rail_lib\autogen\librail_release\librail_efr32xg1_gcc_release.a(rail_assert.o)
                0x00011980                RAILCb_AssertFailed
 .text.RAILInt_Assert
                0x00011994       0x1c C:\Users\harsi\Desktop\project\soc-empty_4\platform\radio\rail_lib\autogen\librail_release\librail_efr32xg1_gcc_release.a(rail_assert.o)
                0x00011994                RAILInt_Assert
 .text.RAILCore_GetRadioEntropy
                0x000119b0        0x4 C:\Users\harsi\Desktop\project\soc-empty_4\platform\radio\rail_lib\autogen\librail_release\librail_efr32xg1_gcc_release.a(rail_rssi.o)
                0x000119b0                RAILCore_GetRadioEntropy
 .text.BUFC_ReadHelper
                0x000119b4       0x7c C:\Users\harsi\Desktop\project\soc-empty_4\platform\radio\rail_lib\autogen\librail_release\librail_efr32xg1_gcc_release.a(bufc.o)
 .text.checkAndAddRxLenOverflowEntry
                0x00011a30       0x3c C:\Users\harsi\Desktop\project\soc-empty_4\platform\radio\rail_lib\autogen\librail_release\librail_efr32xg1_gcc_release.a(bufc.o)
 .text.BUFC_SetTxBuffer
                0x00011a6c       0x38 C:\Users\harsi\Desktop\project\soc-empty_4\platform\radio\rail_lib\autogen\librail_release\librail_efr32xg1_gcc_release.a(bufc.o)
                0x00011a6c                BUFC_SetTxBuffer
 .text.BUFC_WriteBuffer
                0x00011aa4       0xa8 C:\Users\harsi\Desktop\project\soc-empty_4\platform\radio\rail_lib\autogen\librail_release\librail_efr32xg1_gcc_release.a(bufc.o)
                0x00011aa4                BUFC_WriteBuffer
 .text.BUFC_Peek
                0x00011b4c       0x12 C:\Users\harsi\Desktop\project\soc-empty_4\platform\radio\rail_lib\autogen\librail_release\librail_efr32xg1_gcc_release.a(bufc.o)
                0x00011b4c                BUFC_Peek
 .text.BUFC_PeekByte
                0x00011b5e       0x34 C:\Users\harsi\Desktop\project\soc-empty_4\platform\radio\rail_lib\autogen\librail_release\librail_efr32xg1_gcc_release.a(bufc.o)
                0x00011b5e                BUFC_PeekByte
 *fill*         0x00011b92        0x2 
 .text.BUFC_GetSpaceAvailable
                0x00011b94       0x28 C:\Users\harsi\Desktop\project\soc-empty_4\platform\radio\rail_lib\autogen\librail_release\librail_efr32xg1_gcc_release.a(bufc.o)
                0x00011b94                BUFC_GetSpaceAvailable
 .text.BUFC_GetBytesAvailable
                0x00011bbc       0x14 C:\Users\harsi\Desktop\project\soc-empty_4\platform\radio\rail_lib\autogen\librail_release\librail_efr32xg1_gcc_release.a(bufc.o)
                0x00011bbc                BUFC_GetBytesAvailable
 .text.BUFC_TxAckBufferSet
                0x00011bd0       0x38 C:\Users\harsi\Desktop\project\soc-empty_4\platform\radio\rail_lib\autogen\librail_release\librail_efr32xg1_gcc_release.a(bufc.o)
                0x00011bd0                BUFC_TxAckBufferSet
 .text.BUFC_TxAckBufferReset
                0x00011c08        0x8 C:\Users\harsi\Desktop\project\soc-empty_4\platform\radio\rail_lib\autogen\librail_release\librail_efr32xg1_gcc_release.a(bufc.o)
                0x00011c08                BUFC_TxAckBufferReset
 .text.BUFC_RxBufferReset
                0x00011c10       0x5c C:\Users\harsi\Desktop\project\soc-empty_4\platform\radio\rail_lib\autogen\librail_release\librail_efr32xg1_gcc_release.a(bufc.o)
                0x00011c10                BUFC_RxBufferReset
 .text.BUFC_Init
                0x00011c6c       0x98 C:\Users\harsi\Desktop\project\soc-empty_4\platform\radio\rail_lib\autogen\librail_release\librail_efr32xg1_gcc_release.a(bufc.o)
                0x00011c6c                BUFC_Init
 .text.BUFC_RxBufferBytesAvailable
                0x00011d04       0x10 C:\Users\harsi\Desktop\project\soc-empty_4\platform\radio\rail_lib\autogen\librail_release\librail_efr32xg1_gcc_release.a(bufc.o)
                0x00011d04                BUFC_RxBufferBytesAvailable
 .text.BUFC_ReleaseRxPacket
                0x00011d14      0x10c C:\Users\harsi\Desktop\project\soc-empty_4\platform\radio\rail_lib\autogen\librail_release\librail_efr32xg1_gcc_release.a(bufc.o)
                0x00011d14                BUFC_ReleaseRxPacket
 .text.BUFC_StartRxLenThrEvent
                0x00011e20       0x8c C:\Users\harsi\Desktop\project\soc-empty_4\platform\radio\rail_lib\autogen\librail_release\librail_efr32xg1_gcc_release.a(bufc.o)
                0x00011e20                BUFC_StartRxLenThrEvent
 .text.BUFC_EndRxLenThrEvent
                0x00011eac       0x1c C:\Users\harsi\Desktop\project\soc-empty_4\platform\radio\rail_lib\autogen\librail_release\librail_efr32xg1_gcc_release.a(bufc.o)
                0x00011eac                BUFC_EndRxLenThrEvent
 .text.BUFC_HandleRxLenOvfEvent
                0x00011ec8       0x28 C:\Users\harsi\Desktop\project\soc-empty_4\platform\radio\rail_lib\autogen\librail_release\librail_efr32xg1_gcc_release.a(bufc.o)
                0x00011ec8                BUFC_HandleRxLenOvfEvent
 .text.BUFC_GetRxPacketInfo
                0x00011ef0      0x138 C:\Users\harsi\Desktop\project\soc-empty_4\platform\radio\rail_lib\autogen\librail_release\librail_efr32xg1_gcc_release.a(bufc.o)
                0x00011ef0                BUFC_GetRxPacketInfo
 .text.IRCAL_Set
                0x00012028       0x1c C:\Users\harsi\Desktop\project\soc-empty_4\platform\radio\rail_lib\autogen\librail_release\librail_efr32xg1_gcc_release.a(ir_cal.o)
                0x00012028                IRCAL_Set
 .text.IRCAL_Init
                0x00012044       0xa8 C:\Users\harsi\Desktop\project\soc-empty_4\platform\radio\rail_lib\autogen\librail_release\librail_efr32xg1_gcc_release.a(ir_cal.o)
                0x00012044                IRCAL_Init
 .text.PA_ProtectPa
                0x000120ec       0xbc C:\Users\harsi\Desktop\project\soc-empty_4\platform\radio\rail_lib\autogen\librail_release\librail_efr32xg1_gcc_release.a(pa.o)
 .text.getRampTimeFromLevelAndRate
                0x000121a8       0x20 C:\Users\harsi\Desktop\project\soc-empty_4\platform\radio\rail_lib\autogen\librail_release\librail_efr32xg1_gcc_release.a(pa.o)
 .text.PA_GetTxPowerConfig
                0x000121c8       0x14 C:\Users\harsi\Desktop\project\soc-empty_4\platform\radio\rail_lib\autogen\librail_release\librail_efr32xg1_gcc_release.a(pa.o)
                0x000121c8                PA_GetTxPowerConfig
 .text.PA_GetPowerLevel
                0x000121dc        0xc C:\Users\harsi\Desktop\project\soc-empty_4\platform\radio\rail_lib\autogen\librail_release\librail_efr32xg1_gcc_release.a(pa.o)
                0x000121dc                PA_GetPowerLevel
 .text.PA_SetPowerLevel
                0x000121e8      0x194 C:\Users\harsi\Desktop\project\soc-empty_4\platform\radio\rail_lib\autogen\librail_release\librail_efr32xg1_gcc_release.a(pa.o)
                0x000121e8                PA_SetPowerLevel
 .text.PA_RunPeakDetectorHigh
                0x0001237c       0x4c C:\Users\harsi\Desktop\project\soc-empty_4\platform\radio\rail_lib\autogen\librail_release\librail_efr32xg1_gcc_release.a(pa.o)
                0x0001237c                PA_RunPeakDetectorHigh
 .text.PA_RunPeakDetectorLow
                0x000123c8        0x2 C:\Users\harsi\Desktop\project\soc-empty_4\platform\radio\rail_lib\autogen\librail_release\librail_efr32xg1_gcc_release.a(pa.o)
                0x000123c8                PA_RunPeakDetectorLow
 *fill*         0x000123ca        0x2 
 .text.PA_RunBatHigh
                0x000123cc       0x2c C:\Users\harsi\Desktop\project\soc-empty_4\platform\radio\rail_lib\autogen\librail_release\librail_efr32xg1_gcc_release.a(pa.o)
                0x000123cc                PA_RunBatHigh
 .text.PA_GetRampTime
                0x000123f8        0xc C:\Users\harsi\Desktop\project\soc-empty_4\platform\radio\rail_lib\autogen\librail_release\librail_efr32xg1_gcc_release.a(pa.o)
                0x000123f8                PA_GetRampTime
 .text.PA_ConfigRamp
                0x00012404       0x20 C:\Users\harsi\Desktop\project\soc-empty_4\platform\radio\rail_lib\autogen\librail_release\librail_efr32xg1_gcc_release.a(pa.o)
                0x00012404                PA_ConfigRamp
 .text.PA_CalcRampTime
                0x00012424       0x44 C:\Users\harsi\Desktop\project\soc-empty_4\platform\radio\rail_lib\autogen\librail_release\librail_efr32xg1_gcc_release.a(pa.o)
                0x00012424                PA_CalcRampTime
 .text.PA_SetRampTime
                0x00012468       0xac C:\Users\harsi\Desktop\project\soc-empty_4\platform\radio\rail_lib\autogen\librail_release\librail_efr32xg1_gcc_release.a(pa.o)
                0x00012468                PA_SetRampTime
 .text.PA_SelectBand
                0x00012514       0x50 C:\Users\harsi\Desktop\project\soc-empty_4\platform\radio\rail_lib\autogen\librail_release\librail_efr32xg1_gcc_release.a(pa.o)
                0x00012514                PA_SelectBand
 .text.PA_Config
                0x00012564      0x15c C:\Users\harsi\Desktop\project\soc-empty_4\platform\radio\rail_lib\autogen\librail_release\librail_efr32xg1_gcc_release.a(pa.o)
                0x00012564                PA_Config
 .text.PA_UpdateConfig
                0x000126c0       0x38 C:\Users\harsi\Desktop\project\soc-empty_4\platform\radio\rail_lib\autogen\librail_release\librail_efr32xg1_gcc_release.a(pa.o)
                0x000126c0                PA_UpdateConfig
 .text.PROTIMER_Init
                0x000126f8      0x108 C:\Users\harsi\Desktop\project\soc-empty_4\platform\radio\rail_lib\autogen\librail_release\librail_efr32xg1_gcc_release.a(protimer.o)
                0x000126f8                PROTIMER_Init
 .text.PROTIMER_Start
                0x00012800       0x1c C:\Users\harsi\Desktop\project\soc-empty_4\platform\radio\rail_lib\autogen\librail_release\librail_efr32xg1_gcc_release.a(protimer.o)
                0x00012800                PROTIMER_Start
 .text.PROTIMER_IsRunning
                0x0001281c       0x10 C:\Users\harsi\Desktop\project\soc-empty_4\platform\radio\rail_lib\autogen\librail_release\librail_efr32xg1_gcc_release.a(protimer.o)
                0x0001281c                PROTIMER_IsRunning
 .text.PROTIMER_ElapsedTime
                0x0001282c       0x18 C:\Users\harsi\Desktop\project\soc-empty_4\platform\radio\rail_lib\autogen\librail_release\librail_efr32xg1_gcc_release.a(protimer.o)
                0x0001282c                PROTIMER_ElapsedTime
 .text.PROTIMER_CCTimerStop
                0x00012844       0x20 C:\Users\harsi\Desktop\project\soc-empty_4\platform\radio\rail_lib\autogen\librail_release\librail_efr32xg1_gcc_release.a(protimer.o)
                0x00012844                PROTIMER_CCTimerStop
 .text.PROTIMER_CCTimerStart
                0x00012864      0x164 C:\Users\harsi\Desktop\project\soc-empty_4\platform\radio\rail_lib\autogen\librail_release\librail_efr32xg1_gcc_release.a(protimer.o)
                0x00012864                PROTIMER_CCTimerStart
 .text.PROTIMER_WrapMultiple
                0x000129c8       0x12 C:\Users\harsi\Desktop\project\soc-empty_4\platform\radio\rail_lib\autogen\librail_release\librail_efr32xg1_gcc_release.a(protimer.o)
                0x000129c8                PROTIMER_WrapMultiple
 *fill*         0x000129da        0x2 
 .text.PROTIMER_CCTimerIsEnabled
                0x000129dc       0x10 C:\Users\harsi\Desktop\project\soc-empty_4\platform\radio\rail_lib\autogen\librail_release\librail_efr32xg1_gcc_release.a(protimer.o)
                0x000129dc                PROTIMER_CCTimerIsEnabled
 .text.PROTIMER_CCTimerCapture
                0x000129ec       0x14 C:\Users\harsi\Desktop\project\soc-empty_4\platform\radio\rail_lib\autogen\librail_release\librail_efr32xg1_gcc_release.a(protimer.o)
                0x000129ec                PROTIMER_CCTimerCapture
 .text.PROTIMER_ScheduleTxEnable
                0x00012a00       0x2c C:\Users\harsi\Desktop\project\soc-empty_4\platform\radio\rail_lib\autogen\librail_release\librail_efr32xg1_gcc_release.a(protimer.o)
                0x00012a00                PROTIMER_ScheduleTxEnable
 .text.PROTIMER_ClearTxEnable
                0x00012a2c        0xc C:\Users\harsi\Desktop\project\soc-empty_4\platform\radio\rail_lib\autogen\librail_release\librail_efr32xg1_gcc_release.a(protimer.o)
                0x00012a2c                PROTIMER_ClearTxEnable
 .text.PROTIMER_ScheduleRxEnable
                0x00012a38       0x2c C:\Users\harsi\Desktop\project\soc-empty_4\platform\radio\rail_lib\autogen\librail_release\librail_efr32xg1_gcc_release.a(protimer.o)
                0x00012a38                PROTIMER_ScheduleRxEnable
 .text.PROTIMER_ScheduleRxDisable
                0x00012a64       0x38 C:\Users\harsi\Desktop\project\soc-empty_4\platform\radio\rail_lib\autogen\librail_release\librail_efr32xg1_gcc_release.a(protimer.o)
                0x00012a64                PROTIMER_ScheduleRxDisable
 .text.PROTIMER_ClearRxEnable
                0x00012a9c       0x10 C:\Users\harsi\Desktop\project\soc-empty_4\platform\radio\rail_lib\autogen\librail_release\librail_efr32xg1_gcc_release.a(protimer.o)
                0x00012a9c                PROTIMER_ClearRxEnable
 .text.PROTIMER_GetTime
                0x00012aac        0xc C:\Users\harsi\Desktop\project\soc-empty_4\platform\radio\rail_lib\autogen\librail_release\librail_efr32xg1_gcc_release.a(protimer.o)
                0x00012aac                PROTIMER_GetTime
 .text.PROTIMER_GetCCTime
                0x00012ab8        0xc C:\Users\harsi\Desktop\project\soc-empty_4\platform\radio\rail_lib\autogen\librail_release\librail_efr32xg1_gcc_release.a(protimer.o)
                0x00012ab8                PROTIMER_GetCCTime
 .text.PROTIMER_LBTStop
                0x00012ac4       0x18 C:\Users\harsi\Desktop\project\soc-empty_4\platform\radio\rail_lib\autogen\librail_release\librail_efr32xg1_gcc_release.a(protimer.o)
                0x00012ac4                PROTIMER_LBTStop
 .text.PROTIMER_PrecntOverflowToUs
                0x00012adc       0x38 C:\Users\harsi\Desktop\project\soc-empty_4\platform\radio\rail_lib\autogen\librail_release\librail_efr32xg1_gcc_release.a(protimer.o)
                0x00012adc                PROTIMER_PrecntOverflowToUs
 .text.PROTIMER_UsToPrecntOverflow
                0x00012b14       0x2c C:\Users\harsi\Desktop\project\soc-empty_4\platform\radio\rail_lib\autogen\librail_release\librail_efr32xg1_gcc_release.a(protimer.o)
                0x00012b14                PROTIMER_UsToPrecntOverflow
 .text.PROTIMER_DelayUs
                0x00012b40       0x44 C:\Users\harsi\Desktop\project\soc-empty_4\platform\radio\rail_lib\autogen\librail_release\librail_efr32xg1_gcc_release.a(protimer.o)
                0x00012b40                PROTIMER_DelayUs
 .text.PROTIMER_CheckCcaReallyFailed
                0x00012b84       0xbc C:\Users\harsi\Desktop\project\soc-empty_4\platform\radio\rail_lib\autogen\librail_release\librail_efr32xg1_gcc_release.a(protimer.o)
                0x00012b84                PROTIMER_CheckCcaReallyFailed
 .text.PTI_Config
                0x00012c40       0xc8 C:\Users\harsi\Desktop\project\soc-empty_4\platform\radio\rail_lib\autogen\librail_release\librail_efr32xg1_gcc_release.a(pti.o)
                0x00012c40                PTI_Config
 .text.PTI_EnableAppendedInfo
                0x00012d08       0x18 C:\Users\harsi\Desktop\project\soc-empty_4\platform\radio\rail_lib\autogen\librail_release\librail_efr32xg1_gcc_release.a(pti.o)
                0x00012d08                PTI_EnableAppendedInfo
 .text.PTI_Enable
                0x00012d20       0x58 C:\Users\harsi\Desktop\project\soc-empty_4\platform\radio\rail_lib\autogen\librail_release\librail_efr32xg1_gcc_release.a(pti.o)
                0x00012d20                PTI_Enable
 .text.PTI_AuxdataOutput
                0x00012d78       0x1c C:\Users\harsi\Desktop\project\soc-empty_4\platform\radio\rail_lib\autogen\librail_release\librail_efr32xg1_gcc_release.a(pti.o)
                0x00012d78                PTI_AuxdataOutput
 .text.PTI_EnableSyncword
                0x00012d94       0x18 C:\Users\harsi\Desktop\project\soc-empty_4\platform\radio\rail_lib\autogen\librail_release\librail_efr32xg1_gcc_release.a(pti.o)
                0x00012d94                PTI_EnableSyncword
 .text.RADIO_SetAndForgetWrite
                0x00012dac       0x8c C:\Users\harsi\Desktop\project\soc-empty_4\platform\radio\rail_lib\autogen\librail_release\librail_efr32xg1_gcc_release.a(radio.o)
                0x00012dac                RADIO_SetAndForgetWrite
 .text.RADIO_SeqInit
                0x00012e38       0x68 C:\Users\harsi\Desktop\project\soc-empty_4\platform\radio\rail_lib\autogen\librail_release\librail_efr32xg1_gcc_release.a(radio.o)
                0x00012e38                RADIO_SeqInit
 .text.RADIO_CLKEnable
                0x00012ea0       0x68 C:\Users\harsi\Desktop\project\soc-empty_4\platform\radio\rail_lib\autogen\librail_release\librail_efr32xg1_gcc_release.a(radio.o)
                0x00012ea0                RADIO_CLKEnable
 .text.RADIO_Init
                0x00012f08       0x40 C:\Users\harsi\Desktop\project\soc-empty_4\platform\radio\rail_lib\autogen\librail_release\librail_efr32xg1_gcc_release.a(radio.o)
                0x00012f08                RADIO_Init
 .text.RADIO_Config
                0x00012f48       0xa8 C:\Users\harsi\Desktop\project\soc-empty_4\platform\radio\rail_lib\autogen\librail_release\librail_efr32xg1_gcc_release.a(radio.o)
                0x00012f48                RADIO_Config
 .text.RADIO_IsRxOnForRssi
                0x00012ff0       0x18 C:\Users\harsi\Desktop\project\soc-empty_4\platform\radio\rail_lib\autogen\librail_release\librail_efr32xg1_gcc_release.a(radio.o)
                0x00012ff0                RADIO_IsRxOnForRssi
 .text.RADIO_RxTrailDataLength
                0x00013008       0x3c C:\Users\harsi\Desktop\project\soc-empty_4\platform\radio\rail_lib\autogen\librail_release\librail_efr32xg1_gcc_release.a(radio.o)
                0x00013008                RADIO_RxTrailDataLength
 .text.RADIO_FrameControlDescrBufferIdSet
                0x00013044       0x20 C:\Users\harsi\Desktop\project\soc-empty_4\platform\radio\rail_lib\autogen\librail_release\librail_efr32xg1_gcc_release.a(radio.o)
                0x00013044                RADIO_FrameControlDescrBufferIdSet
 .text.RADIO_ComputeTxBaudrate
                0x00013064       0x28 C:\Users\harsi\Desktop\project\soc-empty_4\platform\radio\rail_lib\autogen\librail_release\librail_efr32xg1_gcc_release.a(radio.o)
                0x00013064                RADIO_ComputeTxBaudrate
 .text.RADIO_ComputeTxSymbolRate
                0x0001308c       0x2c C:\Users\harsi\Desktop\project\soc-empty_4\platform\radio\rail_lib\autogen\librail_release\librail_efr32xg1_gcc_release.a(radio.o)
                0x0001308c                RADIO_ComputeTxSymbolRate
 .text.RADIO_ComputeTxBitRate
                0x000130b8       0x50 C:\Users\harsi\Desktop\project\soc-empty_4\platform\radio\rail_lib\autogen\librail_release\librail_efr32xg1_gcc_release.a(radio.o)
                0x000130b8                RADIO_ComputeTxBitRate
 .text.RADIO_GetRssi
                0x00013108       0x54 C:\Users\harsi\Desktop\project\soc-empty_4\platform\radio\rail_lib\autogen\librail_release\librail_efr32xg1_gcc_release.a(radio.o)
                0x00013108                RADIO_GetRssi
 .text.RADIO_SetCRCInitVal
                0x0001315c       0x10 C:\Users\harsi\Desktop\project\soc-empty_4\platform\radio\rail_lib\autogen\librail_release\librail_efr32xg1_gcc_release.a(radio.o)
                0x0001315c                RADIO_SetCRCInitVal
 .text.RADIO_RACClearRxOverflow
                0x0001316c       0x20 C:\Users\harsi\Desktop\project\soc-empty_4\platform\radio\rail_lib\autogen\librail_release\librail_efr32xg1_gcc_release.a(radio.o)
                0x0001316c                RADIO_RACClearRxOverflow
 .text.RFSENSE_Disable
                0x0001318c       0x44 C:\Users\harsi\Desktop\project\soc-empty_4\platform\radio\rail_lib\autogen\librail_release\librail_efr32xg1_gcc_release.a(rfsense.o)
 .text.RFSENSE_Sensed
                0x000131d0       0x50 C:\Users\harsi\Desktop\project\soc-empty_4\platform\radio\rail_lib\autogen\librail_release\librail_efr32xg1_gcc_release.a(rfsense.o)
                0x000131d0                RFSENSE_Sensed
 .text.RFSENSE_IRQHandler
                0x00013220        0x4 C:\Users\harsi\Desktop\project\soc-empty_4\platform\radio\rail_lib\autogen\librail_release\librail_efr32xg1_gcc_release.a(rfsense.o)
                0x00013220                RFSENSE_IRQHandler
 .text.RTCCSYNC_RTCCClockFreqGet
                0x00013224       0x30 C:\Users\harsi\Desktop\project\soc-empty_4\platform\radio\rail_lib\autogen\librail_release\librail_efr32xg1_gcc_release.a(rtccsync.o)
 .text.RTCCSYNC_Init
                0x00013254       0x10 C:\Users\harsi\Desktop\project\soc-empty_4\platform\radio\rail_lib\autogen\librail_release\librail_efr32xg1_gcc_release.a(rtccsync.o)
                0x00013254                RTCCSYNC_Init
 .text.RTCCSYNC_PreSleep
                0x00013264      0x260 C:\Users\harsi\Desktop\project\soc-empty_4\platform\radio\rail_lib\autogen\librail_release\librail_efr32xg1_gcc_release.a(rtccsync.o)
                0x00013264                RTCCSYNC_PreSleep
 .text.RTCCSYNC_PostWakeUp
                0x000134c4      0x1c4 C:\Users\harsi\Desktop\project\soc-empty_4\platform\radio\rail_lib\autogen\librail_release\librail_efr32xg1_gcc_release.a(rtccsync.o)
                0x000134c4                RTCCSYNC_PostWakeUp
 .text.SYNTH_RfFreqGet
                0x00013688        0xc C:\Users\harsi\Desktop\project\soc-empty_4\platform\radio\rail_lib\autogen\librail_release\librail_efr32xg1_gcc_release.a(synth.o)
                0x00013688                SYNTH_RfFreqGet
 .text.SYNTH_ChSpacingGet
                0x00013694        0xc C:\Users\harsi\Desktop\project\soc-empty_4\platform\radio\rail_lib\autogen\librail_release\librail_efr32xg1_gcc_release.a(synth.o)
                0x00013694                SYNTH_ChSpacingGet
 .text.SYNTH_LoDivGet
                0x000136a0       0x20 C:\Users\harsi\Desktop\project\soc-empty_4\platform\radio\rail_lib\autogen\librail_release\librail_efr32xg1_gcc_release.a(synth.o)
                0x000136a0                SYNTH_LoDivGet
 .text.SYNTH_Is2p4GHz
                0x000136c0       0x14 C:\Users\harsi\Desktop\project\soc-empty_4\platform\radio\rail_lib\autogen\librail_release\librail_efr32xg1_gcc_release.a(synth.o)
                0x000136c0                SYNTH_Is2p4GHz
 .text.SYNTH_VcoRangeIsValid
                0x000136d4       0x30 C:\Users\harsi\Desktop\project\soc-empty_4\platform\radio\rail_lib\autogen\librail_release\librail_efr32xg1_gcc_release.a(synth.o)
                0x000136d4                SYNTH_VcoRangeIsValid
 .text.SYNTH_RetimeLimitsConfig
                0x00013704       0x64 C:\Users\harsi\Desktop\project\soc-empty_4\platform\radio\rail_lib\autogen\librail_release\librail_efr32xg1_gcc_release.a(synth.o)
                0x00013704                SYNTH_RetimeLimitsConfig
 .text.SYNTH_RetimeClkConfig
                0x00013768       0xb4 C:\Users\harsi\Desktop\project\soc-empty_4\platform\radio\rail_lib\autogen\librail_release\librail_efr32xg1_gcc_release.a(synth.o)
                0x00013768                SYNTH_RetimeClkConfig
 .text.SYNTH_Config
                0x0001381c      0x108 C:\Users\harsi\Desktop\project\soc-empty_4\platform\radio\rail_lib\autogen\librail_release\librail_efr32xg1_gcc_release.a(synth.o)
                0x0001381c                SYNTH_Config
 .text.SYNTH_ChannelSet
                0x00013924       0x40 C:\Users\harsi\Desktop\project\soc-empty_4\platform\radio\rail_lib\autogen\librail_release\librail_efr32xg1_gcc_release.a(synth.o)
                0x00013924                SYNTH_ChannelSet
 .text.SYNTH_DCDCRetimeClkSet
                0x00013964       0x6c C:\Users\harsi\Desktop\project\soc-empty_4\platform\radio\rail_lib\autogen\librail_release\librail_efr32xg1_gcc_release.a(synth.o)
                0x00013964                SYNTH_DCDCRetimeClkSet
 .text.SYNTH_DCDCRetimeEnable
                0x000139d0       0x18 C:\Users\harsi\Desktop\project\soc-empty_4\platform\radio\rail_lib\autogen\librail_release\librail_efr32xg1_gcc_release.a(synth.o)
                0x000139d0                SYNTH_DCDCRetimeEnable
 .text.SYNTH_DCDCRetimeDisable
                0x000139e8       0x18 C:\Users\harsi\Desktop\project\soc-empty_4\platform\radio\rail_lib\autogen\librail_release\librail_efr32xg1_gcc_release.a(synth.o)
                0x000139e8                SYNTH_DCDCRetimeDisable
 .text.SYNTH_KvnFreqCompensationEnable
                0x00013a00        0xc C:\Users\harsi\Desktop\project\soc-empty_4\platform\radio\rail_lib\autogen\librail_release\librail_efr32xg1_gcc_release.a(synth.o)
                0x00013a00                SYNTH_KvnFreqCompensationEnable
 .text.RADIOCMU_ClockEnable
                0x00013a0c       0x40 C:\Users\harsi\Desktop\project\soc-empty_4\platform\radio\rail_lib\autogen\librail_release\librail_efr32xg1_gcc_release.a(radio_cmu.o)
                0x00013a0c                RADIOCMU_ClockEnable
 .text.RADIOCMU_ClockFreqGet
                0x00013a4c       0x88 C:\Users\harsi\Desktop\project\soc-empty_4\platform\radio\rail_lib\autogen\librail_release\librail_efr32xg1_gcc_release.a(radio_cmu.o)
                0x00013a4c                RADIOCMU_ClockFreqGet
 .text.RADIOCMU_ClockPrescGet
                0x00013ad4       0x1c C:\Users\harsi\Desktop\project\soc-empty_4\platform\radio\rail_lib\autogen\librail_release\librail_efr32xg1_gcc_release.a(radio_cmu.o)
                0x00013ad4                RADIOCMU_ClockPrescGet
 .text.TEMPCAL_Init
                0x00013af0       0x40 C:\Users\harsi\Desktop\project\soc-empty_4\platform\radio\rail_lib\autogen\librail_release\librail_efr32xg1_gcc_release.a(tempcal.o)
                0x00013af0                TEMPCAL_Init
 .text.TIMING_PreambleSyncBits
                0x00013b30       0x2c C:\Users\harsi\Desktop\project\soc-empty_4\platform\radio\rail_lib\autogen\librail_release\librail_efr32xg1_gcc_release.a(timings.o)
 .text.TIMING_CalcAdjustUs
                0x00013b5c       0x28 C:\Users\harsi\Desktop\project\soc-empty_4\platform\radio\rail_lib\autogen\librail_release\librail_efr32xg1_gcc_release.a(timings.o)
 .text.TIMING_SeqTimingInit
                0x00013b84        0x2 C:\Users\harsi\Desktop\project\soc-empty_4\platform\radio\rail_lib\autogen\librail_release\librail_efr32xg1_gcc_release.a(timings.o)
                0x00013b84                TIMING_SeqTimingInit
 *fill*         0x00013b86        0x2 
 .text.TIMING_NsToStimerTickCalcSigned
                0x00013b88       0x28 C:\Users\harsi\Desktop\project\soc-empty_4\platform\radio\rail_lib\autogen\librail_release\librail_efr32xg1_gcc_release.a(timings.o)
                0x00013b88                TIMING_NsToStimerTickCalcSigned
 .text.TIMING_NsToStimerTickCalc
                0x00013bb0        0xc C:\Users\harsi\Desktop\project\soc-empty_4\platform\radio\rail_lib\autogen\librail_release\librail_efr32xg1_gcc_release.a(timings.o)
                0x00013bb0                TIMING_NsToStimerTickCalc
 .text.TIMING_InitStimer
                0x00013bbc       0x58 C:\Users\harsi\Desktop\project\soc-empty_4\platform\radio\rail_lib\autogen\librail_release\librail_efr32xg1_gcc_release.a(timings.o)
                0x00013bbc                TIMING_InitStimer
 .text.TIMING_TxWarmTimeRecalculate
                0x00013c14       0x34 C:\Users\harsi\Desktop\project\soc-empty_4\platform\radio\rail_lib\autogen\librail_release\librail_efr32xg1_gcc_release.a(timings.o)
                0x00013c14                TIMING_TxWarmTimeRecalculate
 .text.TIMING_TxWarmTimeSet
                0x00013c48       0x18 C:\Users\harsi\Desktop\project\soc-empty_4\platform\radio\rail_lib\autogen\librail_release\librail_efr32xg1_gcc_release.a(timings.o)
                0x00013c48                TIMING_TxWarmTimeSet
 .text.TIMING_RxToTxTimeRecalculate
                0x00013c60       0x34 C:\Users\harsi\Desktop\project\soc-empty_4\platform\radio\rail_lib\autogen\librail_release\librail_efr32xg1_gcc_release.a(timings.o)
                0x00013c60                TIMING_RxToTxTimeRecalculate
 .text.TIMING_RxFrameToTxTimeRecalculate
                0x00013c94       0x38 C:\Users\harsi\Desktop\project\soc-empty_4\platform\radio\rail_lib\autogen\librail_release\librail_efr32xg1_gcc_release.a(timings.o)
                0x00013c94                TIMING_RxFrameToTxTimeRecalculate
 .text.TIMING_RxFrameToTxTimeSet
                0x00013ccc       0x18 C:\Users\harsi\Desktop\project\soc-empty_4\platform\radio\rail_lib\autogen\librail_release\librail_efr32xg1_gcc_release.a(timings.o)
                0x00013ccc                TIMING_RxFrameToTxTimeSet
 .text.TIMING_TxToTxTimeRecalculate
                0x00013ce4       0x24 C:\Users\harsi\Desktop\project\soc-empty_4\platform\radio\rail_lib\autogen\librail_release\librail_efr32xg1_gcc_release.a(timings.o)
                0x00013ce4                TIMING_TxToTxTimeRecalculate
 .text.TIMING_TxToRxTimeRecalculate
                0x00013d08       0x24 C:\Users\harsi\Desktop\project\soc-empty_4\platform\radio\rail_lib\autogen\librail_release\librail_efr32xg1_gcc_release.a(timings.o)
                0x00013d08                TIMING_TxToRxTimeRecalculate
 .text.TIMING_TxToRxTimeSet
                0x00013d2c       0x18 C:\Users\harsi\Desktop\project\soc-empty_4\platform\radio\rail_lib\autogen\librail_release\librail_efr32xg1_gcc_release.a(timings.o)
                0x00013d2c                TIMING_TxToRxTimeSet
 .text.TIMING_RxWarmTimeRecalculate
                0x00013d44       0x20 C:\Users\harsi\Desktop\project\soc-empty_4\platform\radio\rail_lib\autogen\librail_release\librail_efr32xg1_gcc_release.a(timings.o)
                0x00013d44                TIMING_RxWarmTimeRecalculate
 .text.TIMING_RxWarmTimeSet
                0x00013d64       0x18 C:\Users\harsi\Desktop\project\soc-empty_4\platform\radio\rail_lib\autogen\librail_release\librail_efr32xg1_gcc_release.a(timings.o)
                0x00013d64                TIMING_RxWarmTimeSet
 .text.TIMING_RxSearchTimeRecalculate
                0x00013d7c       0x28 C:\Users\harsi\Desktop\project\soc-empty_4\platform\radio\rail_lib\autogen\librail_release\librail_efr32xg1_gcc_release.a(timings.o)
                0x00013d7c                TIMING_RxSearchTimeRecalculate
 .text.TIMING_RxSearchTimeSet
                0x00013da4       0x10 C:\Users\harsi\Desktop\project\soc-empty_4\platform\radio\rail_lib\autogen\librail_release\librail_efr32xg1_gcc_release.a(timings.o)
                0x00013da4                TIMING_RxSearchTimeSet
 .text.TIMING_TxToRxSearchTimeRecalculate
                0x00013db4       0x28 C:\Users\harsi\Desktop\project\soc-empty_4\platform\radio\rail_lib\autogen\librail_release\librail_efr32xg1_gcc_release.a(timings.o)
                0x00013db4                TIMING_TxToRxSearchTimeRecalculate
 .text.TIMING_TxToRxSearchTimeSet
                0x00013ddc       0x10 C:\Users\harsi\Desktop\project\soc-empty_4\platform\radio\rail_lib\autogen\librail_release\librail_efr32xg1_gcc_release.a(timings.o)
                0x00013ddc                TIMING_TxToRxSearchTimeSet
 .text.TIMING_RecalculateAll
                0x00013dec       0x3a C:\Users\harsi\Desktop\project\soc-empty_4\platform\radio\rail_lib\autogen\librail_release\librail_efr32xg1_gcc_release.a(timings.o)
                0x00013dec                TIMING_RecalculateAll
 .text.TIMING_RecalculatePaRampChanged
                0x00013e26       0x22 C:\Users\harsi\Desktop\project\soc-empty_4\platform\radio\rail_lib\autogen\librail_release\librail_efr32xg1_gcc_release.a(timings.o)
                0x00013e26                TIMING_RecalculatePaRampChanged
 .text.TIMING_SetChainDelays
                0x00013e48        0x8 C:\Users\harsi\Desktop\project\soc-empty_4\platform\radio\rail_lib\autogen\librail_release\librail_efr32xg1_gcc_release.a(timings.o)
                0x00013e48                TIMING_SetChainDelays
 .text.TIMING_SetRxDoneDelay
                0x00013e50        0x6 C:\Users\harsi\Desktop\project\soc-empty_4\platform\radio\rail_lib\autogen\librail_release\librail_efr32xg1_gcc_release.a(timings.o)
                0x00013e50                TIMING_SetRxDoneDelay
 .text.TIMING_CalcRxTimeStampUs
                0x00013e56       0x7a C:\Users\harsi\Desktop\project\soc-empty_4\platform\radio\rail_lib\autogen\librail_release\librail_efr32xg1_gcc_release.a(timings.o)
                0x00013e56                TIMING_CalcRxTimeStampUs
 .text.RFRAND_GetRadioEntropy
                0x00013ed0       0xf0 C:\Users\harsi\Desktop\project\soc-empty_4\platform\radio\rail_lib\autogen\librail_release\librail_efr32xg1_gcc_release.a(rf_rand.o)
                0x00013ed0                RFRAND_GetRadioEntropy
 .text.RFRAND_SeedProtimerRandom
                0x00013fc0       0x3c C:\Users\harsi\Desktop\project\soc-empty_4\platform\radio\rail_lib\autogen\librail_release\librail_efr32xg1_gcc_release.a(rf_rand.o)
                0x00013fc0                RFRAND_SeedProtimerRandom
 .text.RAIL_GetTxPowerCurve
                0x00013ffc       0x14 C:\Users\harsi\Desktop\project\soc-empty_4\platform\radio\rail_lib\autogen\librail_release\librail_efr32xg1_gcc_release.a(pa_conversions_efr32.o)
                0x00013ffc                RAIL_GetTxPowerCurve
 .text.RAIL_InitTxPowerCurves
                0x00014010       0x2c C:\Users\harsi\Desktop\project\soc-empty_4\platform\radio\rail_lib\autogen\librail_release\librail_efr32xg1_gcc_release.a(pa_conversions_efr32.o)
                0x00014010                RAIL_InitTxPowerCurves
 .text.RAIL_ConvertDbmToRaw
                0x0001403c       0xe4 C:\Users\harsi\Desktop\project\soc-empty_4\platform\radio\rail_lib\autogen\librail_release\librail_efr32xg1_gcc_release.a(pa_conversions_efr32.o)
                0x0001403c                RAIL_ConvertDbmToRaw
 .text.RAIL_ConvertRawToDbm
                0x00014120       0xb4 C:\Users\harsi\Desktop\project\soc-empty_4\platform\radio\rail_lib\autogen\librail_release\librail_efr32xg1_gcc_release.a(pa_conversions_efr32.o)
                0x00014120                RAIL_ConvertRawToDbm
 .text.GENERIC_PHY_ConfigureRollbackReporting
                0x000141d4       0x64 C:\Users\harsi\Desktop\project\soc-empty_4\platform\radio\rail_lib\autogen\librail_release\librail_efr32xg1_gcc_release.a(generic_phy.o)
 .text.GENERIC_PHY_ClearPendedRxWindowEnd
                0x00014238       0x1c C:\Users\harsi\Desktop\project\soc-empty_4\platform\radio\rail_lib\autogen\librail_release\librail_efr32xg1_gcc_release.a(generic_phy.o)
 .text.RADIO_RACRxAbort
                0x00014254       0x3c C:\Users\harsi\Desktop\project\soc-empty_4\platform\radio\rail_lib\autogen\librail_release\librail_efr32xg1_gcc_release.a(generic_phy.o)
 .text.GENERIC_PHY_RxOverflowHook
                0x00014290       0x34 C:\Users\harsi\Desktop\project\soc-empty_4\platform\radio\rail_lib\autogen\librail_release\librail_efr32xg1_gcc_release.a(generic_phy.o)
 .text.GENERIC_PHY_DisableRadioIrqs
                0x000142c4       0x50 C:\Users\harsi\Desktop\project\soc-empty_4\platform\radio\rail_lib\autogen\librail_release\librail_efr32xg1_gcc_release.a(generic_phy.o)
 .text.GENERIC_PHY_CheckPendedRxWindowEnd
                0x00014314       0x3c C:\Users\harsi\Desktop\project\soc-empty_4\platform\radio\rail_lib\autogen\librail_release\librail_efr32xg1_gcc_release.a(generic_phy.o)
 .text.GENERIC_PHY_ConfigureEvents
                0x00014350      0x35c C:\Users\harsi\Desktop\project\soc-empty_4\platform\radio\rail_lib\autogen\librail_release\librail_efr32xg1_gcc_release.a(generic_phy.o)
                0x00014350                GENERIC_PHY_ConfigureEvents
 .text.GENERIC_PHY_PacketTxCommon
                0x000146ac       0x3c C:\Users\harsi\Desktop\project\soc-empty_4\platform\radio\rail_lib\autogen\librail_release\librail_efr32xg1_gcc_release.a(generic_phy.o)
                0x000146ac                GENERIC_PHY_PacketTxCommon
 .text.GENERIC_PHY_PacketTx
                0x000146e8       0x40 C:\Users\harsi\Desktop\project\soc-empty_4\platform\radio\rail_lib\autogen\librail_release\librail_efr32xg1_gcc_release.a(generic_phy.o)
                0x000146e8                GENERIC_PHY_PacketTx
 .text.GENERIC_PHY_SchedulePacketRx
                0x00014728      0x10c C:\Users\harsi\Desktop\project\soc-empty_4\platform\radio\rail_lib\autogen\librail_release\librail_efr32xg1_gcc_release.a(generic_phy.o)
                0x00014728                GENERIC_PHY_SchedulePacketRx
 .text.GENERIC_PHY_SchedulePacketTx
                0x00014834       0x7c C:\Users\harsi\Desktop\project\soc-empty_4\platform\radio\rail_lib\autogen\librail_release\librail_efr32xg1_gcc_release.a(generic_phy.o)
                0x00014834                GENERIC_PHY_SchedulePacketTx
 .text.GENERIC_PHY_ChannelSet
                0x000148b0        0x6 C:\Users\harsi\Desktop\project\soc-empty_4\platform\radio\rail_lib\autogen\librail_release\librail_efr32xg1_gcc_release.a(generic_phy.o)
                0x000148b0                GENERIC_PHY_ChannelSet
 *fill*         0x000148b6        0x2 
 .text.GENERIC_PHY_SeqAtomicLock
                0x000148b8       0x34 C:\Users\harsi\Desktop\project\soc-empty_4\platform\radio\rail_lib\autogen\librail_release\librail_efr32xg1_gcc_release.a(generic_phy.o)
                0x000148b8                GENERIC_PHY_SeqAtomicLock
 .text.GENERIC_PHY_PreviousTxTime
                0x000148ec        0xc C:\Users\harsi\Desktop\project\soc-empty_4\platform\radio\rail_lib\autogen\librail_release\librail_efr32xg1_gcc_release.a(generic_phy.o)
                0x000148ec                GENERIC_PHY_PreviousTxTime
 .text.GENERIC_PHY_RACConfig
                0x000148f8       0x40 C:\Users\harsi\Desktop\project\soc-empty_4\platform\radio\rail_lib\autogen\librail_release\librail_efr32xg1_gcc_release.a(generic_phy.o)
                0x000148f8                GENERIC_PHY_RACConfig
 .text.GENERIC_PHY_ResetRxFifo
                0x00014938       0x30 C:\Users\harsi\Desktop\project\soc-empty_4\platform\radio\rail_lib\autogen\librail_release\librail_efr32xg1_gcc_release.a(generic_phy.o)
                0x00014938                GENERIC_PHY_ResetRxFifo
 .text.GENERIC_PHY_RadioIdle
                0x00014968      0x138 C:\Users\harsi\Desktop\project\soc-empty_4\platform\radio\rail_lib\autogen\librail_release\librail_efr32xg1_gcc_release.a(generic_phy.o)
                0x00014968                GENERIC_PHY_RadioIdle
 .text.FRC_IRQHandler
                0x00014aa0      0x448 C:\Users\harsi\Desktop\project\soc-empty_4\platform\radio\rail_lib\autogen\librail_release\librail_efr32xg1_gcc_release.a(generic_phy.o)
                0x00014aa0                FRC_IRQHandler
 .text.FRC_PRI_IRQHandler
                0x00014ee8        0x4 C:\Users\harsi\Desktop\project\soc-empty_4\platform\radio\rail_lib\autogen\librail_release\librail_efr32xg1_gcc_release.a(generic_phy.o)
                0x00014ee8                FRC_PRI_IRQHandler
 .text.BUFC_IRQHandler
                0x00014eec        0x4 C:\Users\harsi\Desktop\project\soc-empty_4\platform\radio\rail_lib\autogen\librail_release\librail_efr32xg1_gcc_release.a(generic_phy.o)
                0x00014eec                BUFC_IRQHandler
 .text.PROTIMER_IRQHandler
                0x00014ef0        0x4 C:\Users\harsi\Desktop\project\soc-empty_4\platform\radio\rail_lib\autogen\librail_release\librail_efr32xg1_gcc_release.a(generic_phy.o)
                0x00014ef0                PROTIMER_IRQHandler
 .text.RAC_SEQ_IRQHandler
                0x00014ef4        0x4 C:\Users\harsi\Desktop\project\soc-empty_4\platform\radio\rail_lib\autogen\librail_release\librail_efr32xg1_gcc_release.a(generic_phy.o)
                0x00014ef4                RAC_SEQ_IRQHandler
 .text.RAILCb_RadioStateChanged
                0x00014ef8       0x14 C:\Users\harsi\Desktop\project\soc-empty_4\platform\radio\rail_lib\autogen\librail_release\librail_efr32xg1_gcc_release.a(generic_phy.o)
                0x00014ef8                RAILCb_RadioStateChanged
 .text.RAC_RSM_IRQHandler
                0x00014f0c       0x48 C:\Users\harsi\Desktop\project\soc-empty_4\platform\radio\rail_lib\autogen\librail_release\librail_efr32xg1_gcc_release.a(generic_phy.o)
                0x00014f0c                RAC_RSM_IRQHandler
 .text.MODEM_IRQHandler
                0x00014f54        0x4 C:\Users\harsi\Desktop\project\soc-empty_4\platform\radio\rail_lib\autogen\librail_release\librail_efr32xg1_gcc_release.a(generic_phy.o)
                0x00014f54                MODEM_IRQHandler
 .text.AGC_IRQHandler
                0x00014f58       0x40 C:\Users\harsi\Desktop\project\soc-empty_4\platform\radio\rail_lib\autogen\librail_release\librail_efr32xg1_gcc_release.a(generic_phy.o)
                0x00014f58                AGC_IRQHandler
 .text.SYNTH_IRQHandler
                0x00014f98       0x10 C:\Users\harsi\Desktop\project\soc-empty_4\platform\radio\rail_lib\autogen\librail_release\librail_efr32xg1_gcc_release.a(generic_phy.o)
                0x00014f98                SYNTH_IRQHandler
 .text.GENERIC_PHY_SetFeatures
                0x00014fa8       0x28 C:\Users\harsi\Desktop\project\soc-empty_4\platform\radio\rail_lib\autogen\librail_release\librail_efr32xg1_gcc_release.a(generic_phy.o)
                0x00014fa8                GENERIC_PHY_SetFeatures
 .text.GENERIC_PHY_IsFeatureEnabled
                0x00014fd0       0x14 C:\Users\harsi\Desktop\project\soc-empty_4\platform\radio\rail_lib\autogen\librail_release\librail_efr32xg1_gcc_release.a(generic_phy.o)
                0x00014fd0                GENERIC_PHY_IsFeatureEnabled
 .text.GENERIC_PHY_ConfigureFrameType
                0x00014fe4       0x70 C:\Users\harsi\Desktop\project\soc-empty_4\platform\radio\rail_lib\autogen\librail_release\librail_efr32xg1_gcc_release.a(generic_phy.o)
                0x00014fe4                GENERIC_PHY_ConfigureFrameType
 .text.GENERIC_PHY_ResetAddressFiltering
                0x00015054       0x10 C:\Users\harsi\Desktop\project\soc-empty_4\platform\radio\rail_lib\autogen\librail_release\librail_efr32xg1_gcc_release.a(generic_phy.o)
                0x00015054                GENERIC_PHY_ResetAddressFiltering
 .text.GENERIC_PHY_Init
                0x00015064       0x74 C:\Users\harsi\Desktop\project\soc-empty_4\platform\radio\rail_lib\autogen\librail_release\librail_efr32xg1_gcc_release.a(generic_phy.o)
                0x00015064                GENERIC_PHY_Init
 .text.GENERIC_PHY_IsEnabledIEEE802154
                0x000150d8       0x10 C:\Users\harsi\Desktop\project\soc-empty_4\platform\radio\rail_lib\autogen\librail_release\librail_efr32xg1_gcc_release.a(generic_phy.o)
                0x000150d8                GENERIC_PHY_IsEnabledIEEE802154
 .text.GENERIC_PHY_TimerStart
                0x000150e8        0xc C:\Users\harsi\Desktop\project\soc-empty_4\platform\radio\rail_lib\autogen\librail_release\librail_efr32xg1_gcc_release.a(generic_phy.o)
                0x000150e8                GENERIC_PHY_TimerStart
 .text.GENERIC_PHY_TimerStop
                0x000150f4        0x6 C:\Users\harsi\Desktop\project\soc-empty_4\platform\radio\rail_lib\autogen\librail_release\librail_efr32xg1_gcc_release.a(generic_phy.o)
                0x000150f4                GENERIC_PHY_TimerStop
 .text.CORTEX_UTILS_BitsetLowestSetBit
                0x000150fa       0x26 C:\Users\harsi\Desktop\project\soc-empty_4\platform\radio\rail_lib\autogen\librail_release\librail_efr32xg1_gcc_release.a(cortex_utils.o)
                0x000150fa                CORTEX_UTILS_BitsetLowestSetBit
 .text.register_message_handler
                0x00015120        0xc C:\Users\harsi\Desktop\project\soc-empty_4\protocol\bluetooth_2.7\lib\EFR32BG1B\GCC\libbluetooth.a(bgapi.c.obj)
                0x00015120                register_message_handler
 .text.uint8array_to_uuid
                0x0001512c       0x18 C:\Users\harsi\Desktop\project\soc-empty_4\protocol\bluetooth_2.7\lib\EFR32BG1B\GCC\libbluetooth.a(bgapi.c.obj)
                0x0001512c                uint8array_to_uuid
 .text.bgapi_ubt_listener
                0x00015144      0x3e8 C:\Users\harsi\Desktop\project\soc-empty_4\protocol\bluetooth_2.7\lib\EFR32BG1B\GCC\libbluetooth.a(bgapi.c.obj)