Archive member included because of file (symbol)

C:\Users\harsi\Desktop\project\soc-empty_4\platform\radio\rail_lib\autogen\librail_release\librail_efr32xg1_gcc_release.a(rail_pti.o)
                              ./pti.o (RAIL_ConfigPti)
C:\Users\harsi\Desktop\project\soc-empty_4\platform\radio\rail_lib\autogen\librail_release\librail_efr32xg1_gcc_release.a(rail_rf_hal.o)
                              C:\Users\harsi\Desktop\project\soc-empty_4\platform\radio\rail_lib\autogen\librail_release\librail_efr32xg1_gcc_release.a(rail_pti.o) (RFHAL_ConfigPti)
C:\Users\harsi\Desktop\project\soc-empty_4\platform\radio\rail_lib\autogen\librail_release\librail_efr32xg1_gcc_release.a(rail_singleprotocol.o)
                              C:\Users\harsi\Desktop\project\soc-empty_4\platform\radio\rail_lib\autogen\librail_release\librail_efr32xg1_gcc_release.a(rail_rf_hal.o) (RAIL_ActiveHandle)
C:\Users\harsi\Desktop\project\soc-empty_4\platform\radio\rail_lib\autogen\librail_release\librail_efr32xg1_gcc_release.a(rail_rf.o)
                              C:\Users\harsi\Desktop\project\soc-empty_4\platform\radio\rail_lib\autogen\librail_release\librail_efr32xg1_gcc_release.a(rail_singleprotocol.o) (RAILCore_Init)
C:\Users\harsi\Desktop\project\soc-empty_4\platform\radio\rail_lib\autogen\librail_release\librail_efr32xg1_gcc_release.a(rail_rx.o)
                              C:\Users\harsi\Desktop\project\soc-empty_4\platform\radio\rail_lib\autogen\librail_release\librail_efr32xg1_gcc_release.a(rail_rf_hal.o) (RAILCore_StartRx)
C:\Users\harsi\Desktop\project\soc-empty_4\platform\radio\rail_lib\autogen\librail_release\librail_efr32xg1_gcc_release.a(rail_tx.o)
                              C:\Users\harsi\Desktop\project\soc-empty_4\platform\radio\rail_lib\autogen\librail_release\librail_efr32xg1_gcc_release.a(rail_singleprotocol.o) (RAILCore_StartTx)
C:\Users\harsi\Desktop\project\soc-empty_4\platform\radio\rail_lib\autogen\librail_release\librail_efr32xg1_gcc_release.a(rail_calibration.o)
                              C:\Users\harsi\Desktop\project\soc-empty_4\platform\radio\rail_lib\autogen\librail_release\librail_efr32xg1_gcc_release.a(rail_rf_hal.o) (RAILInt_PendCal)
C:\Users\harsi\Desktop\project\soc-empty_4\platform\radio\rail_lib\autogen\librail_release\librail_efr32xg1_gcc_release.a(rail_assert.o)
                              C:\Users\harsi\Desktop\project\soc-empty_4\platform\radio\rail_lib\autogen\librail_release\librail_efr32xg1_gcc_release.a(rail_rf.o) (RAILInt_Assert)
C:\Users\harsi\Desktop\project\soc-empty_4\platform\radio\rail_lib\autogen\librail_release\librail_efr32xg1_gcc_release.a(rail_rssi.o)
                              C:\Users\harsi\Desktop\project\soc-empty_4\platform\radio\rail_lib\autogen\librail_release\librail_efr32xg1_gcc_release.a(rail_singleprotocol.o) (RAILCore_GetRssi)
C:\Users\harsi\Desktop\project\soc-empty_4\platform\radio\rail_lib\autogen\librail_release\librail_efr32xg1_gcc_release.a(bufc.o)
                              C:\Users\harsi\Desktop\project\soc-empty_4\platform\radio\rail_lib\autogen\librail_release\librail_efr32xg1_gcc_release.a(rail_rf_hal.o) (BUFC_SetTxBuffer)
C:\Users\harsi\Desktop\project\soc-empty_4\platform\radio\rail_lib\autogen\librail_release\librail_efr32xg1_gcc_release.a(ir_cal.o)
                              C:\Users\harsi\Desktop\project\soc-empty_4\platform\radio\rail_lib\autogen\librail_release\librail_efr32xg1_gcc_release.a(rail_rf_hal.o) (IRCAL_Set)
C:\Users\harsi\Desktop\project\soc-empty_4\platform\radio\rail_lib\autogen\librail_release\librail_efr32xg1_gcc_release.a(pa.o)
                              C:\Users\harsi\Desktop\project\soc-empty_4\platform\radio\rail_lib\autogen\librail_release\librail_efr32xg1_gcc_release.a(rail_rf_hal.o) (PA_GetTxPowerConfig)
C:\Users\harsi\Desktop\project\soc-empty_4\platform\radio\rail_lib\autogen\librail_release\librail_efr32xg1_gcc_release.a(protimer.o)
                              C:\Users\harsi\Desktop\project\soc-empty_4\platform\radio\rail_lib\autogen\librail_release\librail_efr32xg1_gcc_release.a(rail_rf_hal.o) (PROTIMER_Start)
C:\Users\harsi\Desktop\project\soc-empty_4\platform\radio\rail_lib\autogen\librail_release\librail_efr32xg1_gcc_release.a(pti.o)
                              C:\Users\harsi\Desktop\project\soc-empty_4\platform\radio\rail_lib\autogen\librail_release\librail_efr32xg1_gcc_release.a(rail_rf_hal.o) (PTI_Config)
C:\Users\harsi\Desktop\project\soc-empty_4\platform\radio\rail_lib\autogen\librail_release\librail_efr32xg1_gcc_release.a(antenna.o)
                              C:\Users\harsi\Desktop\project\soc-empty_4\platform\radio\rail_lib\autogen\librail_release\librail_efr32xg1_gcc_release.a(rail_rf_hal.o) (ANTENNA_Config)
C:\Users\harsi\Desktop\project\soc-empty_4\platform\radio\rail_lib\autogen\librail_release\librail_efr32xg1_gcc_release.a(radio.o)
[...]
Memory Configuration

Name             Origin             Length             Attributes
FLASH_BOOTLOADER 0x00000000         0x00004000         xr
FLASH            0x00004000         0x0003b000         xr
RAM              0x20000000         0x00007bfc         xrw
*default*        0x00000000         0xffffffff

Linker script and memory map

LOAD c:/siliconlabs/simplicitystudio/v4_2/developer/toolchains/gnu_arm/4.9_2015q3/bin/../lib/gcc/arm-none-eabi/4.9.3/armv7e-m/softfp/crti.o
LOAD c:/siliconlabs/simplicitystudio/v4_2/developer/toolchains/gnu_arm/4.9_2015q3/bin/../lib/gcc/arm-none-eabi/4.9.3/armv7e-m/softfp/crtbegin.o
LOAD c:/siliconlabs/simplicitystudio/v4_2/developer/toolchains/gnu_arm/4.9_2015q3/bin/../lib/gcc/arm-none-eabi/4.9.3/../../../../arm-none-eabi/lib/armv7e-m/softfp/crt0.o
START GROUP
LOAD ./Ultrasonic.o
LOAD ./application_properties.o
LOAD ./gatt_db.o
LOAD ./init_app.o
LOAD ./init_board.o
LOAD ./init_mcu.o
LOAD ./main.o
LOAD ./pti.o
LOAD ./hardware/kit/common/bsp/bsp_stk.o
LOAD ./hardware/kit/common/drivers/mx25flash_spi.o
LOAD ./lcd/bmp.o
LOAD ./lcd/display.o
LOAD ./lcd/displayls013b7dh03.o
LOAD ./lcd/displaypalemlib.o
LOAD ./lcd/dmd_display.o
LOAD ./lcd/glib.o
LOAD ./lcd/glib_bitmap.o
LOAD ./lcd/glib_circle.o
LOAD ./lcd/glib_font_narrow_6x8.o
LOAD ./lcd/glib_font_normal_8x8.o
LOAD ./lcd/glib_font_number_16x20.o
LOAD ./lcd/glib_line.o
LOAD ./lcd/glib_polygon.o
LOAD ./lcd/glib_rectangle.o
LOAD ./lcd/glib_string.o
LOAD ./lcd/graphics.o
LOAD ./lcd/udelay.o
LOAD ./platform/Device/SiliconLabs/EFR32BG1B/Source/GCC/startup_efr32bg1b.o
LOAD ./platform/Device/SiliconLabs/EFR32BG1B/Source/system_efr32bg1b.o
LOAD ./platform/emdrv/sleep/src/sleep.o
LOAD ./platform/emdrv/tempdrv/src/tempdrv.o
LOAD ./platform/emlib/src/em_cmu.o
LOAD ./platform/emlib/src/em_core.o
LOAD ./platform/emlib/src/em_cryotimer.o
LOAD ./platform/emlib/src/em_crypto.o
LOAD ./platform/emlib/src/em_emu.o
LOAD ./platform/emlib/src/em_gpio.o
LOAD ./platform/emlib/src/em_i2c.o
LOAD ./platform/emlib/src/em_msc.o
LOAD ./platform/emlib/src/em_rmu.o
LOAD ./platform/emlib/src/em_rtcc.o
LOAD ./platform/emlib/src/em_system.o
LOAD ./platform/emlib/src/em_usart.o
LOAD C:\Users\harsi\Desktop\project\soc-empty_4\platform\radio\rail_lib\autogen\librail_release\librail_efr32xg1_gcc_release.a
LOAD C:\Users\harsi\Desktop\project\soc-empty_4\protocol\bluetooth_2.7\lib\EFR32BG1B\GCC\libmbedtls.a
LOAD C:\Users\harsi\Desktop\project\soc-empty_4\protocol\bluetooth_2.7\lib\EFR32BG1B\GCC\libbluetooth.a
LOAD C:\Users\harsi\Desktop\project\soc-empty_4\protocol\bluetooth_2.7\lib\EFR32BG1B\GCC\binapploader.o
LOAD C:\Users\harsi\Desktop\project\soc-empty_4\protocol\bluetooth_2.7\lib\EFR32BG1B\GCC\libpsstore.a
LOAD c:/siliconlabs/simplicitystudio/v4_2/developer/toolchains/gnu_arm/4.9_2015q3/bin/../lib/gcc/arm-none-eabi/4.9.3/../../../../arm-none-eabi/lib/armv7e-m/softfp\libm.a
END GROUP
START GROUP
LOAD c:/siliconlabs/simplicitystudio/v4_2/developer/toolchains/gnu_arm/4.9_2015q3/bin/../lib/gcc/arm-none-eabi/4.9.3/armv7e-m/softfp\libgcc.a
LOAD c:/siliconlabs/simplicitystudio/v4_2/developer/toolchains/gnu_arm/4.9_2015q3/bin/../lib/gcc/arm-none-eabi/4.9.3/../../../../arm-none-eabi/lib/armv7e-m/softfp\libc_nano.a
LOAD c:/siliconlabs/simplicitystudio/v4_2/developer/toolchains/gnu_arm/4.9_2015q3/bin/../lib/gcc/arm-none-eabi/4.9.3/../../../../arm-none-eabi/lib/armv7e-m/softfp\libnosys.a
END GROUP
START GROUP
LOAD c:/siliconlabs/simplicitystudio/v4_2/developer/toolchains/gnu_arm/4.9_2015q3/bin/../lib/gcc/arm-none-eabi/4.9.3/armv7e-m/softfp\libgcc.a
LOAD c:/siliconlabs/simplicitystudio/v4_2/developer/toolchains/gnu_arm/4.9_2015q3/bin/../lib/gcc/arm-none-eabi/4.9.3/../../../../arm-none-eabi/lib/armv7e-m/softfp\libg_nano.a
LOAD c:/siliconlabs/simplicitystudio/v4_2/developer/toolchains/gnu_arm/4.9_2015q3/bin/../lib/gcc/arm-none-eabi/4.9.3/../../../../arm-none-eabi/lib/armv7e-m/softfp\libc_nano.a
END GROUP
START GROUP
LOAD c:/siliconlabs/simplicitystudio/v4_2/developer/toolchains/gnu_arm/4.9_2015q3/bin/../lib/gcc/arm-none-eabi/4.9.3/armv7e-m/softfp\libgcc.a
LOAD c:/siliconlabs/simplicitystudio/v4_2/developer/toolchains/gnu_arm/4.9_2015q3/bin/../lib/gcc/arm-none-eabi/4.9.3/../../../../arm-none-eabi/lib/armv7e-m/softfp\libc_nano.a
END GROUP
LOAD c:/siliconlabs/simplicitystudio/v4_2/developer/toolchains/gnu_arm/4.9_2015q3/bin/../lib/gcc/arm-none-eabi/4.9.3/armv7e-m/softfp/crtend.o
LOAD c:/siliconlabs/simplicitystudio/v4_2/developer/toolchains/gnu_arm/4.9_2015q3/bin/../lib/gcc/arm-none-eabi/4.9.3/armv7e-m/softfp/crtn.o

.text_bootloader
                0x00000000        0x0
 *(.binbootloader*)
                0x00000000                . = ALIGN (0x4000)

.text_apploader
                0x00004000     0x8fc0
 *(.binapploader*)
 .binapploader  0x00004000     0x8fc0 C:\Users\harsi\Desktop\project\soc-empty_4\protocol\bluetooth_2.7\lib\EFR32BG1B\GCC\binapploader.o

.text_signature
                0x0000cfc0       0x40
                0x0000d000                . = ALIGN (0x800)
 *fill*         0x0000cfc0       0x40 
                0x0000d000                __text_start__ = .

.text_application
                0x0000d000    0x1fde4
 *(.vectors)
 .vectors       0x0000d000       0xc8 ./platform/Device/SiliconLabs/EFR32BG1B/Source/GCC/startup_efr32bg1b.o
                0x0000d000                __Vectors
                0x0000d0c8                __Vectors_End = .
                0x000000c8                __Vectors_Size = (__Vectors_End - __Vectors)
                0x0000d0c8                __end__ = .
 *(.application_properties)
 .application_properties
                0x0000d0c8       0x38 ./application_properties.o
                0x0000d0c8                applicationProperties
 *(.gecko_configuration)
 *(.xo_configuration)
 *(.gatt_header)
 .gatt_header   0x0000d100       0x34 ./gatt_db.o
                0x0000d100                bg_gattdb_data
 *(.gatt_data)
 .gatt_data     0x0000d134      0x1d6 ./gatt_db.o
                0x0000d134                bg_gattdb_data_adv_uuid128_map
                0x0000d138                bg_gattdb_data_adv_uuid16_map
                0x0000d13c                bg_gattdb_data_attributes_dynamic_mapping_map
                0x0000d144                bg_gattdb_data_attributes_map
                0x0000d228                bg_gattdb_data_attribute_field_0
                0x0000d22c                bg_gattdb_data_attribute_field_1
                0x0000d234                bg_gattdb_data_attribute_field_2
                0x0000d23c                bg_gattdb_data_attribute_field_4
                0x0000d240                bg_gattdb_data_attribute_field_5
                0x0000d248                bg_gattdb_data_attribute_field_6
                0x0000d250                bg_gattdb_data_attribute_field_7
                0x0000d258                bg_gattdb_data_attribute_field_8
                0x0000d25c                bg_gattdb_data_attribute_field_9
                0x0000d260                bg_gattdb_data_attribute_field_10
                0x0000d268                bg_gattdb_data_attribute_field_11
                0x0000d278                bg_gattdb_data_attribute_field_12
                0x0000d280                bg_gattdb_data_attribute_field_13
                0x0000d28c                bg_gattdb_data_attribute_field_14
                0x0000d294                bg_gattdb_data_attribute_field_15
                0x0000d29c                bg_gattdb_data_attribute_field_16
                0x0000d2b0                bg_gattdb_data_attribute_field_17
                0x0000d2c8                bg_gattdb_data_attribute_field_18
                0x0000d2d0                bg_gattdb_data_uuidtable_128_map
                0x0000d2f0                bg_gattdb_data_uuidtable_16_map
 *(.text*)
 *fill*         0x0000d30a        0x2 
 .text          0x0000d30c       0x5c c:/siliconlabs/simplicitystudio/v4_2/developer/toolchains/gnu_arm/4.9_2015q3/bin/../lib/gcc/arm-none-eabi/4.9.3/armv7e-m/softfp/crtbegin.o
 .text          0x0000d368       0x74 c:/siliconlabs/simplicitystudio/v4_2/developer/toolchains/gnu_arm/4.9_2015q3/bin/../lib/gcc/arm-none-eabi/4.9.3/../../../../arm-none-eabi/lib/armv7e-m/softfp/crt0.o
                0x0000d368                _start
                0x0000d368                _mainCRTStartup
 .text.ultrasonic_read
                0x0000d3dc       0x44 ./Ultrasonic.o
                0x0000d3dc                ultrasonic_read
 .text.gpio_init
                0x0000d420       0x6c ./Ultrasonic.o
                0x0000d420                gpio_init
 .text.motor_drive
                0x0000d48c      0x124 ./Ultrasonic.o
                0x0000d48c                motor_drive
 .text.initApp  0x0000d5b0       0x30 ./init_app.o
                0x0000d5b0                initApp
 .text.initBoard
                0x0000d5e0       0x48 ./init_board.o
                0x0000d5e0                initBoard
 .text.initMcu  0x0000d628      0x168 ./init_mcu.o
                0x0000d628                initMcu
 .text.startup.main
                0x0000d790      0x764 ./main.o
                0x0000d790                main
 .text.configEnablePti
                0x0000def4       0x30 ./pti.o
                0x0000def4                configEnablePti
 .text.MX25_init
                0x0000df24       0xa4 ./hardware/kit/common/drivers/mx25flash_spi.o
                0x0000df24                MX25_init
 .text.MX25_DP  0x0000dfc8       0x5c ./hardware/kit/common/drivers/mx25flash_spi.o
                0x0000dfc8                MX25_DP
 .text.DISPLAY_Init
                0x0000e024       0x34 ./lcd/display.o
                0x0000e024                DISPLAY_Init
 .text.DISPLAY_DeviceGet
                0x0000e058       0x5c ./lcd/display.o
                0x0000e058                DISPLAY_DeviceGet
 .text.DISPLAY_DeviceRegister
                0x0000e0b4       0x64 ./lcd/display.o
                0x0000e0b4                DISPLAY_DeviceRegister
 .text.DisplayPolarityInverse
                0x0000e118        0x4 ./lcd/displayls013b7dh03.o
 .text.PixelMatrixAllocate
                0x0000e11c       0x3c ./lcd/displayls013b7dh03.o
 .text.PixelMatrixFree
                0x0000e158        0x8 ./lcd/displayls013b7dh03.o
 .text.DriverRefresh
                0x0000e160       0x10 ./lcd/displayls013b7dh03.o
 .text.PixelMatrixClear
                0x0000e170       0x20 ./lcd/displayls013b7dh03.o
 .text.PixelMatrixDraw
                0x0000e190       0x8c ./lcd/displayls013b7dh03.o
 .text.DisplayEnable
                0x0000e21c       0x1c ./lcd/displayls013b7dh03.o
 .text.DISPLAY_Ls013b7dh03Init
                0x0000e238       0xe8 ./lcd/displayls013b7dh03.o
                0x0000e238                DISPLAY_Ls013b7dh03Init
 .text.PAL_SpiInit
                0x0000e320       0x50 ./lcd/displaypalemlib.o
                0x0000e320                PAL_SpiInit
 .text.PAL_SpiTransmit
                0x0000e370       0x40 ./lcd/displaypalemlib.o
                0x0000e370                PAL_SpiTransmit
 .text.PAL_TimerInit
                0x0000e3b0        0xc ./lcd/displaypalemlib.o
                0x0000e3b0                PAL_TimerInit
 .text.PAL_TimerMicroSecondsDelay
                0x0000e3bc        0xc ./lcd/displaypalemlib.o
                0x0000e3bc                PAL_TimerMicroSecondsDelay
 .text.PAL_TimerRepeat
                0x0000e3c8       0x18 ./lcd/displaypalemlib.o
                0x0000e3c8                PAL_TimerRepeat
 .text.PAL_GpioInit
                0x0000e3e0       0x14 ./lcd/displaypalemlib.o
                0x0000e3e0                PAL_GpioInit
 .text.PAL_GpioPinModeSet
                0x0000e3f4       0x1c ./lcd/displaypalemlib.o
                0x0000e3f4                PAL_GpioPinModeSet
 .text.PAL_GpioPinOutSet
                0x0000e410       0x1c ./lcd/displaypalemlib.o
                0x0000e410                PAL_GpioPinOutSet
 .text.PAL_GpioPinOutClear
                0x0000e42c       0x1c ./lcd/displaypalemlib.o
                0x0000e42c                PAL_GpioPinOutClear
 .text.DMD_writeColor.part.0
                0x0000e448      0x18c ./lcd/dmd_display.o
 .text.DMD_getDisplayGeometry
                0x0000e5d4       0x1c ./lcd/dmd_display.o
                0x0000e5d4                DMD_getDisplayGeometry
 .text.DMD_setClippingArea
                0x0000e5f0       0x44 ./lcd/dmd_display.o
                0x0000e5f0                DMD_setClippingArea
 .text.DMD_writeColor
                0x0000e634       0x20 ./lcd/dmd_display.o
                0x0000e634                DMD_writeColor
 .text.DMD_allocateFramebuffer
                0x0000e654       0x38 ./lcd/dmd_display.o
                0x0000e654                DMD_allocateFramebuffer
 .text.DMD_init
                0x0000e68c       0x78 ./lcd/dmd_display.o
                0x0000e68c                DMD_init
 .text.DMD_updateDisplay
                0x0000e704       0xc8 ./lcd/dmd_display.o
                0x0000e704                DMD_updateDisplay
 .text.GLIB_applyClippingRegion.part.1
                0x0000e7cc       0x1c ./lcd/glib.o
 .text.GLIB_setClippingRegion.part.2
                0x0000e7e8       0x48 ./lcd/glib.o
 .text.GLIB_contextInit
                0x0000e830       0x58 ./lcd/glib.o
                0x0000e830                GLIB_contextInit
 .text.GLIB_clear
                0x0000e888       0x48 ./lcd/glib.o
                0x0000e888                GLIB_clear
 .text.GLIB_drawPixel
                0x0000e8d0       0x40 ./lcd/glib.o
                0x0000e8d0                GLIB_drawPixel
 .text.GLIB_drawPixelColor
                0x0000e910       0x3c ./lcd/glib.o
                0x0000e910                GLIB_drawPixelColor
 .text.GLIB_rectContainsPoint
                0x0000e94c       0x24 ./lcd/glib_rectangle.o
                0x0000e94c                GLIB_rectContainsPoint
 .text.GLIB_drawChar.part.0
                0x0000e970      0x164 ./lcd/glib_string.o
 .text.GLIB_drawString
                0x0000ead4       0x90 ./lcd/glib_string.o
                0x0000ead4                GLIB_drawString
 .text.GLIB_setFont
                0x0000eb64       0x30 ./lcd/glib_string.o
                0x0000eb64                GLIB_setFont
 .text.GRAPHICS_Init
                0x0000eb94       0x3c ./lcd/graphics.o
                0x0000eb94                GRAPHICS_Init
 .text.GRAPHICS_Update
                0x0000ebd0        0x4 ./lcd/graphics.o
                0x0000ebd0                GRAPHICS_Update
 .text.GRAPHICS_Clear
                0x0000ebd4       0x24 ./lcd/graphics.o
                0x0000ebd4                GRAPHICS_Clear
 .text.GRAPHICS_AppendString
                0x0000ebf8       0x44 ./lcd/graphics.o
                0x0000ebf8                GRAPHICS_AppendString
 .text.rtcIntCallbackRegister
                0x0000ec3c        0x4 ./lcd/graphics.o
                0x0000ec3c                rtcIntCallbackRegister
 .text.UDELAY_Calibrate
                0x0000ec40      0x1c0 ./lcd/udelay.o
                0x0000ec40                UDELAY_Calibrate
 .text.UDELAY_Delay
                0x0000ee00       0x28 ./lcd/udelay.o
                0x0000ee00                UDELAY_Delay
 .text.Default_Handler
                0x0000ee28        0x4 ./platform/Device/SiliconLabs/EFR32BG1B/Source/GCC/startup_efr32bg1b.o
                0x0000ee28                DebugMon_Handler
                0x0000ee28                USART0_TX_IRQHandler
                0x0000ee28                I2C0_IRQHandler
                0x0000ee28                HardFault_Handler
                0x0000ee28                SysTick_Handler
                0x0000ee28                USART1_RX_IRQHandler
                0x0000ee28                PendSV_Handler
                0x0000ee28                NMI_Handler
                0x0000ee28                WDOG0_IRQHandler
                0x0000ee28                USART1_TX_IRQHandler
                0x0000ee28                MSC_IRQHandler
                0x0000ee28                ADC0_IRQHandler
                0x0000ee28                UsageFault_Handler
                0x0000ee28                LEUART0_IRQHandler
                0x0000ee28                FPUEH_IRQHandler
                0x0000ee28                GPIO_EVEN_IRQHandler
                0x0000ee28                LDMA_IRQHandler
                0x0000ee28                TIMER0_IRQHandler
                0x0000ee28                LETIMER0_IRQHandler
                0x0000ee28                TIMER1_IRQHandler
                0x0000ee28                Default_Handler
                0x0000ee28                CRYOTIMER_IRQHandler
                0x0000ee28                PCNT0_IRQHandler
                0x0000ee28                ACMP0_IRQHandler
                0x0000ee28                USART0_RX_IRQHandler
                0x0000ee28                MemManage_Handler
                0x0000ee28                SVC_Handler
                0x0000ee28                RTCC_IRQHandler
                0x0000ee28                CRYPTO_IRQHandler
                0x0000ee28                CMU_IRQHandler
                0x0000ee28                GPIO_ODD_IRQHandler
                0x0000ee28                BusFault_Handler
                0x0000ee28                IDAC0_IRQHandler
 .text.Reset_Handler
                0x0000ee2c       0x38 ./platform/Device/SiliconLabs/EFR32BG1B/Source/GCC/startup_efr32bg1b.o
                0x0000ee2c                Reset_Handler
 .text.SystemMaxCoreClockGet
                0x0000ee64        0x8 ./platform/Device/SiliconLabs/EFR32BG1B/Source/system_efr32bg1b.o
                0x0000ee64                SystemMaxCoreClockGet
 .text.SystemHFClockGet
                0x0000ee6c       0x50 ./platform/Device/SiliconLabs/EFR32BG1B/Source/system_efr32bg1b.o
                0x0000ee6c                SystemHFClockGet
 .text.SystemCoreClockGet
                0x0000eebc       0x24 ./platform/Device/SiliconLabs/EFR32BG1B/Source/system_efr32bg1b.o
                0x0000eebc                SystemCoreClockGet
 .text.SystemHFXOClockGet
                0x0000eee0        0xc ./platform/Device/SiliconLabs/EFR32BG1B/Source/system_efr32bg1b.o
                0x0000eee0                SystemHFXOClockGet
 .text.SystemHFXOClockSet
                0x0000eeec       0x20 ./platform/Device/SiliconLabs/EFR32BG1B/Source/system_efr32bg1b.o
                0x0000eeec                SystemHFXOClockSet
 .text.SystemInit
                0x0000ef0c       0x4c ./platform/Device/SiliconLabs/EFR32BG1B/Source/system_efr32bg1b.o
                0x0000ef0c                SystemInit
 .text.SystemLFRCOClockGet
                0x0000ef58        0x8 ./platform/Device/SiliconLabs/EFR32BG1B/Source/system_efr32bg1b.o
                0x0000ef58                SystemLFRCOClockGet
 .text.SystemULFRCOClockGet
                0x0000ef60        0x8 ./platform/Device/SiliconLabs/EFR32BG1B/Source/system_efr32bg1b.o
                0x0000ef60                SystemULFRCOClockGet
 .text.SystemLFXOClockGet
                0x0000ef68        0xc ./platform/Device/SiliconLabs/EFR32BG1B/Source/system_efr32bg1b.o
                0x0000ef68                SystemLFXOClockGet
 .text.SystemLFXOClockSet
                0x0000ef74       0x20 ./platform/Device/SiliconLabs/EFR32BG1B/Source/system_efr32bg1b.o
                0x0000ef74                SystemLFXOClockSet
 .text.sleepCallbackWrapper
                0x0000ef94       0x14 ./platform/emdrv/sleep/src/sleep.o
 .text.enterEMx
                0x0000efa8       0x70 ./platform/emdrv/sleep/src/sleep.o
 .text.SLEEP_Init
                0x0000f018       0x44 ./platform/emdrv/sleep/src/sleep.o
                0x0000f018                SLEEP_Init
 .text.SLEEP_Sleep
                0x0000f05c       0x70 ./platform/emdrv/sleep/src/sleep.o
                0x0000f05c                SLEEP_Sleep
 .text.SLEEP_SleepBlockBegin
                0x0000f0cc       0x28 ./platform/emdrv/sleep/src/sleep.o
                0x0000f0cc                SLEEP_SleepBlockBegin
 .text.SLEEP_SleepBlockEnd
                0x0000f0f4       0x2c ./platform/emdrv/sleep/src/sleep.o
                0x0000f0f4                SLEEP_SleepBlockEnd
 .text.SLEEP_LowestEnergyModeGet
                0x0000f120       0x1c ./platform/emdrv/sleep/src/sleep.o
                0x0000f120                SLEEP_LowestEnergyModeGet
 .text.updateInterrupts
                0x0000f13c       0xe0 ./platform/emdrv/tempdrv/src/tempdrv.o
 .text.errataStateUpdate
                0x0000f21c       0xbc ./platform/emdrv/tempdrv/src/tempdrv.o
 .text.errataCallback
                0x0000f2d8        0x4 ./platform/emdrv/tempdrv/src/tempdrv.o
 .text.TEMPDRV_IRQHandler
                0x0000f2dc       0xd4 ./platform/emdrv/tempdrv/src/tempdrv.o
                0x0000f2dc                TEMPDRV_IRQHandler
 .text.EMU_IRQHandler
                0x0000f3b0        0x4 ./platform/emdrv/tempdrv/src/tempdrv.o
                0x0000f3b0                EMU_IRQHandler
 .text.TEMPDRV_Init
                0x0000f3b4      0x14c ./platform/emdrv/tempdrv/src/tempdrv.o
                0x0000f3b4                TEMPDRV_Init
 .text.flashWaitStateControl.isra.0
                0x0000f500       0x48 ./platform/emlib/src/em_cmu.o
 .text.CMU_OscillatorTuningSet.part.3
                0x0000f548       0x3c ./platform/emlib/src/em_cmu.o
 .text.CMU_ClockEnable
                0x0000f584       0x8c ./platform/emlib/src/em_cmu.o
                0x0000f584                CMU_ClockEnable
 .text.CMU_ClockPrescGet
                0x0000f610       0x94 ./platform/emlib/src/em_cmu.o
                0x0000f610                CMU_ClockPrescGet
 .text.CMU_ClockDivGet
                0x0000f6a4        0xc ./platform/emlib/src/em_cmu.o
                0x0000f6a4                CMU_ClockDivGet
 .text.CMU_ClockSelectGet
                0x0000f6b0       0xc4 ./platform/emlib/src/em_cmu.o
                0x0000f6b0                CMU_ClockSelectGet
 .text.lfClkGet
                0x0000f774       0x94 ./platform/emlib/src/em_cmu.o
 .text.CMU_ClockFreqGet
                0x0000f808      0x160 ./platform/emlib/src/em_cmu.o
                0x0000f808                CMU_ClockFreqGet
 .text.CMU_ClockPrescSet
                0x0000f968      0x1ec ./platform/emlib/src/em_cmu.o
                0x0000f968                CMU_ClockPrescSet
 .text.CMU_ClockDivSet
                0x0000fb54        0x8 ./platform/emlib/src/em_cmu.o
                0x0000fb54                CMU_ClockDivSet
 .text.CMU_HFXOAutostartEnable
                0x0000fb5c       0x74 ./platform/emlib/src/em_cmu.o
                0x0000fb5c                CMU_HFXOAutostartEnable
 .text.CMU_OscillatorTuningWait
                0x0000fbd0       0x5c ./platform/emlib/src/em_cmu.o
                0x0000fbd0                CMU_OscillatorTuningWait
 .text.CMU_OscillatorEnable
                0x0000fc2c      0x110 ./platform/emlib/src/em_cmu.o
                0x0000fc2c                CMU_OscillatorEnable
 .text.CMU_ClockSelectSet
                0x0000fd3c      0x200 ./platform/emlib/src/em_cmu.o
                0x0000fd3c                CMU_ClockSelectSet
 .text.CMU_HFXOInit
                0x0000ff3c       0x88 ./platform/emlib/src/em_cmu.o
                0x0000ff3c                CMU_HFXOInit
 .text.CMU_LFXOInit
                0x0000ffc4       0x40 ./platform/emlib/src/em_cmu.o
                0x0000ffc4                CMU_LFXOInit
 .text.CORE_EnterCritical
                0x00010004        0x8 ./platform/emlib/src/em_core.o
                0x00010004                CORE_EnterCritical
 .text.CORE_ExitCritical
                0x0001000c        0x8 ./platform/emlib/src/em_core.o
                0x0001000c                CORE_ExitCritical
 .text.CORE_EnterAtomic
                0x00010014        0x8 ./platform/emlib/src/em_core.o
                0x00010014                CORE_EnterAtomic
 .text.CORE_ExitAtomic
                0x0001001c        0x8 ./platform/emlib/src/em_core.o
                0x0001001c                CORE_ExitAtomic
 .text.CORE_SetNvicRamTableHandler
                0x00010024       0x10 ./platform/emlib/src/em_core.o
                0x00010024                CORE_SetNvicRamTableHandler
 .text.CORE_InitNvicVectorTable
                0x00010034       0x48 ./platform/emlib/src/em_core.o
                0x00010034                CORE_InitNvicVectorTable
 .text.CRYPTO_ModulusSet
                0x0001007c       0x38 ./platform/emlib/src/em_crypto.o
                0x0001007c                CRYPTO_ModulusSet
 .text.CRYPTO_KeyRead
                0x000100b4       0x2c ./platform/emlib/src/em_crypto.o
                0x000100b4                CRYPTO_KeyRead
 .text.currentLimitersUpdate
                0x000100e0       0x74 ./platform/emlib/src/em_emu.o
 .text.dcdcHsFixLnBlock.part.0
                0x00010154       0x30 ./platform/emlib/src/em_emu.o
 .text.dcdcFetCntSet.part.1
                0x00010184       0x20 ./platform/emlib/src/em_emu.o
 .text.emState.part.2
                0x000101a4       0x24 ./platform/emlib/src/em_emu.o
 .text.emState  0x000101c8       0x60 ./platform/emlib/src/em_emu.o
 .text.EMU_EnterEM2
                0x00010228       0x5c ./platform/emlib/src/em_emu.o
                0x00010228                EMU_EnterEM2
 .text.EMU_EnterEM3
                0x00010284       0x80 ./platform/emlib/src/em_emu.o
                0x00010284                EMU_EnterEM3
 .text.EMU_Save
                0x00010304        0x4 ./platform/emlib/src/em_emu.o
                0x00010304                EMU_Save
 .text.EMU_Restore
                0x00010308        0x8 ./platform/emlib/src/em_emu.o
                0x00010308                EMU_Restore
 .text.EMU_DCDCModeSet
                0x00010310       0x64 ./platform/emlib/src/em_emu.o
                0x00010310                EMU_DCDCModeSet
 .text.EMU_EnterEM4
                0x00010374       0x98 ./platform/emlib/src/em_emu.o
                0x00010374                EMU_EnterEM4
 .text.EMU_DCDCOutputVoltageSet
                0x0001040c      0x1d0 ./platform/emlib/src/em_emu.o
                0x0001040c                EMU_DCDCOutputVoltageSet
 .text.EMU_DCDCOptimizeSlice
                0x000105dc       0x94 ./platform/emlib/src/em_emu.o
                0x000105dc                EMU_DCDCOptimizeSlice
 .text.EMU_DCDCLnRcoBandSet
                0x00010670       0x24 ./platform/emlib/src/em_emu.o
                0x00010670                EMU_DCDCLnRcoBandSet
 .text.EMU_DCDCInit
                0x00010694      0x18c ./platform/emlib/src/em_emu.o
                0x00010694                EMU_DCDCInit
 .text.EMU_SetBiasMode
                0x00010820       0x84 ./platform/emlib/src/em_emu.o
                0x00010820                EMU_SetBiasMode
 .text.GPIO_DriveStrengthSet
                0x000108a4       0x20 ./platform/emlib/src/em_gpio.o
                0x000108a4                GPIO_DriveStrengthSet
 .text.GPIO_PinModeSet
                0x000108c4       0x84 ./platform/emlib/src/em_gpio.o
                0x000108c4                GPIO_PinModeSet
 .text.MSC_Init
                0x00010948       0x18 ./platform/emlib/src/em_msc.o
                0x00010948                MSC_Init
 .text.MSC_Deinit
                0x00010960       0x14 ./platform/emlib/src/em_msc.o
                0x00010960                MSC_Deinit
 .text.RMU_ResetCauseClear
                0x00010974        0xc ./platform/emlib/src/em_rmu.o
                0x00010974                RMU_ResetCauseClear
 .text.RMU_ResetCauseGet
                0x00010980       0x7c ./platform/emlib/src/em_rmu.o
                0x00010980                RMU_ResetCauseGet
 .text.RTCC_ChannelInit
                0x000109fc       0x3c ./platform/emlib/src/em_rtcc.o
                0x000109fc                RTCC_ChannelInit
 .text.RTCC_Enable
                0x00010a38        0xc ./platform/emlib/src/em_rtcc.o
                0x00010a38                RTCC_Enable
 .text.RTCC_Init
                0x00010a44       0x6c ./platform/emlib/src/em_rtcc.o
                0x00010a44                RTCC_Init
 .text.SYSTEM_ChipRevisionGet
                0x00010ab0       0x34 ./platform/emlib/src/em_system.o
                0x00010ab0                SYSTEM_ChipRevisionGet
 .text.USART_BaudrateSyncSet
                0x00010ae4       0x24 ./platform/emlib/src/em_usart.o
                0x00010ae4                USART_BaudrateSyncSet
 .text.USART_InitSync
                0x00010b08       0xc8 ./platform/emlib/src/em_usart.o
                0x00010b08                USART_InitSync
 .text.USART_Reset
                0x00010bd0       0x4c ./platform/emlib/src/em_usart.o
                0x00010bd0                USART_Reset
 .text.USART_SpiTransfer
                0x00010c1c       0x14 ./platform/emlib/src/em_usart.o
                0x00010c1c                USART_SpiTransfer
 .text.USART_Tx
                0x00010c30        0xc ./platform/emlib/src/em_usart.o
                0x00010c30                USART_Tx
 .text.USART_TxDouble
                0x00010c3c        0xc ./platform/emlib/src/em_usart.o
                0x00010c3c                USART_TxDouble
 .text.RAIL_ConfigPti
                0x00010c48        0x6 C:\Users\harsi\Desktop\project\soc-empty_4\platform\radio\rail_lib\autogen\librail_release\librail_efr32xg1_gcc_release.a(rail_pti.o)
                0x00010c48                RAIL_ConfigPti
 .text.RAIL_EnablePti
                0x00010c4e        0x6 C:\Users\harsi\Desktop\project\soc-empty_4\platform\radio\rail_lib\autogen\librail_release\librail_efr32xg1_gcc_release.a(rail_pti.o)
                0x00010c4e                RAIL_EnablePti
 .text.eventDefault
                0x00010c54        0x2 C:\Users\harsi\Desktop\project\soc-empty_4\platform\radio\rail_lib\autogen\librail_release\librail_efr32xg1_gcc_release.a(rail_rf_hal.o)
 *fill*         0x00010c56        0x2 
 .text.setRssiPeriod
                0x00010c58       0x18 C:\Users\harsi\Desktop\project\soc-empty_4\platform\radio\rail_lib\autogen\librail_release\librail_efr32xg1_gcc_release.a(rail_rf_hal.o)
 .text.RFHAL_NotifyUserOfIrCal
                0x00010c70       0x80 C:\Users\harsi\Desktop\project\soc-empty_4\platform\radio\rail_lib\autogen\librail_release\librail_efr32xg1_gcc_release.a(rail_rf_hal.o)
 .text.GENERIC_PHY_EventCallback
                0x00010cf0      0x19c C:\Users\harsi\Desktop\project\soc-empty_4\platform\radio\rail_lib\autogen\librail_release\librail_efr32xg1_gcc_release.a(rail_rf_hal.o)
                0x00010cf0                GENERIC_PHY_EventCallback
 .text.RFHAL_IntEnable
                0x00010e8c       0x56 C:\Users\harsi\Desktop\project\soc-empty_4\platform\radio\rail_lib\autogen\librail_release\librail_efr32xg1_gcc_release.a(rail_rf_hal.o)
                0x00010e8c                RFHAL_IntEnable
 *fill*         0x00010ee2        0x2 
 .text.RFHAL_SetEventCallback
                0x00010ee4       0x18 C:\Users\harsi\Desktop\project\soc-empty_4\platform\radio\rail_lib\autogen\librail_release\librail_efr32xg1_gcc_release.a(rail_rf_hal.o)
                0x00010ee4                RFHAL_SetEventCallback
 .text.RFHAL_SetPtiProtocol
                0x00010efc       0x20 C:\Users\harsi\Desktop\project\soc-empty_4\platform\radio\rail_lib\autogen\librail_release\librail_efr32xg1_gcc_release.a(rail_rf_hal.o)
                0x00010efc                RFHAL_SetPtiProtocol
 .text.RFHAL_Idle
                0x00010f1c       0x40 C:\Users\harsi\Desktop\project\soc-empty_4\platform\radio\rail_lib\autogen\librail_release\librail_efr32xg1_gcc_release.a(rail_rf_hal.o)
                0x00010f1c                RFHAL_Idle
 .text.RFHAL_GetRadioState
                0x00010f5c       0x7c C:\Users\harsi\Desktop\project\soc-empty_4\platform\radio\rail_lib\autogen\librail_release\librail_efr32xg1_gcc_release.a(rail_rf_hal.o)
                0x00010f5c                RFHAL_GetRadioState
 .text.RFHAL_OkToTransmit
                0x00010fd8       0x14 C:\Users\harsi\Desktop\project\soc-empty_4\platform\radio\rail_lib\autogen\librail_release\librail_efr32xg1_gcc_release.a(rail_rf_hal.o)
                0x00010fd8                RFHAL_OkToTransmit
 .text.RFHAL_ScheduleRx
                0x00010fec       0x74 C:\Users\harsi\Desktop\project\soc-empty_4\platform\radio\rail_lib\autogen\librail_release\librail_efr32xg1_gcc_release.a(rail_rf_hal.o)
                0x00010fec                RFHAL_ScheduleRx
 .text.RFHAL_EnableRxRawCapture
                0x00011060       0x5c C:\Users\harsi\Desktop\project\soc-empty_4\platform\radio\rail_lib\autogen\librail_release\librail_efr32xg1_gcc_release.a(rail_rf_hal.o)
                0x00011060                RFHAL_EnableRxRawCapture
 .text.RFHAL_DisableRxRawCapture
                0x000110bc       0x38 C:\Users\harsi\Desktop\project\soc-empty_4\platform\radio\rail_lib\autogen\librail_release\librail_efr32xg1_gcc_release.a(rail_rf_hal.o)
                0x000110bc                RFHAL_DisableRxRawCapture
 .text.RFHAL_AcceptCrcErrors
                0x000110f4       0x18 C:\Users\harsi\Desktop\project\soc-empty_4\platform\radio\rail_lib\autogen\librail_release\librail_efr32xg1_gcc_release.a(rail_rf_hal.o)
                0x000110f4                RFHAL_AcceptCrcErrors
 .text.RFHAL_ConfigRxOptions
                0x0001110c       0x74 C:\Users\harsi\Desktop\project\soc-empty_4\platform\radio\rail_lib\autogen\librail_release\librail_efr32xg1_gcc_release.a(rail_rf_hal.o)
                0x0001110c                RFHAL_ConfigRxOptions
 .text.RFHAL_CancelTimer
                0x00011180       0x28 C:\Users\harsi\Desktop\project\soc-empty_4\platform\radio\rail_lib\autogen\librail_release\librail_efr32xg1_gcc_release.a(rail_rf_hal.o)
                0x00011180                RFHAL_CancelTimer
 .text.RFHAL_SetTimer
                0x000111a8       0x80 C:\Users\harsi\Desktop\project\soc-empty_4\platform\radio\rail_lib\autogen\librail_release\librail_efr32xg1_gcc_release.a(rail_rf_hal.o)
                0x000111a8                RFHAL_SetTimer
 .text.RFHAL_SetTxTransitions
                0x00011228       0x1c C:\Users\harsi\Desktop\project\soc-empty_4\platform\radio\rail_lib\autogen\librail_release\librail_efr32xg1_gcc_release.a(rail_rf_hal.o)
                0x00011228                RFHAL_SetTxTransitions
 .text.RFHAL_SetRxTransitions
                0x00011244       0x1c C:\Users\harsi\Desktop\project\soc-empty_4\platform\radio\rail_lib\autogen\librail_release\librail_efr32xg1_gcc_release.a(rail_rf_hal.o)
                0x00011244                RFHAL_SetRxTransitions
 .text.RFHAL_SetCRCInitVal
                0x00011260        0x4 C:\Users\harsi\Desktop\project\soc-empty_4\platform\radio\rail_lib\autogen\librail_release\librail_efr32xg1_gcc_release.a(rail_rf_hal.o)
                0x00011260                RFHAL_SetCRCInitVal
 .text.RFHAL_ConfigTxPower
                0x00011264        0xc C:\Users\harsi\Desktop\project\soc-empty_4\platform\radio\rail_lib\autogen\librail_release\librail_efr32xg1_gcc_release.a(rail_rf_hal.o)
                0x00011264                RFHAL_ConfigTxPower
 .text.RFHAL_SetTxPowerUnchecked
                0x00011270       0x18 C:\Users\harsi\Desktop\project\soc-empty_4\platform\radio\rail_lib\autogen\librail_release\librail_efr32xg1_gcc_release.a(rail_rf_hal.o)
                0x00011270                RFHAL_SetTxPowerUnchecked
 .text.RFHAL_SetTxPower
                0x00011288       0x3c C:\Users\harsi\Desktop\project\soc-empty_4\platform\radio\rail_lib\autogen\librail_release\librail_efr32xg1_gcc_release.a(rail_rf_hal.o)
                0x00011288                RFHAL_SetTxPower
 .text.RFHAL_GetTxPowerConfig
                0x000112c4        0xc C:\Users\harsi\Desktop\project\soc-empty_4\platform\radio\rail_lib\autogen\librail_release\librail_efr32xg1_gcc_release.a(rail_rf_hal.o)
                0x000112c4                RFHAL_GetTxPowerConfig
 .text.RFHAL_GetTxPower
                0x000112d0        0x4 C:\Users\harsi\Desktop\project\soc-empty_4\platform\radio\rail_lib\autogen\librail_release\librail_efr32xg1_gcc_release.a(rail_rf_hal.o)
                0x000112d0                RFHAL_GetTxPower
 .text.RFHAL_SetChannel
                0x000112d4       0x98 C:\Users\harsi\Desktop\project\soc-empty_4\platform\radio\rail_lib\autogen\librail_release\librail_efr32xg1_gcc_release.a(rail_rf_hal.o)
                0x000112d4                RFHAL_SetChannel
 .text.RFHAL_IsAutoAckEnabled
                0x0001136c        0x6 C:\Users\harsi\Desktop\project\soc-empty_4\platform\radio\rail_lib\autogen\librail_release\librail_efr32xg1_gcc_release.a(rail_rf_hal.o)
                0x0001136c                RFHAL_IsAutoAckEnabled
 *fill*         0x00011372        0x2 
 .text.RFHAL_AutoAckWaitForAck
                0x00011374       0x18 C:\Users\harsi\Desktop\project\soc-empty_4\platform\radio\rail_lib\autogen\librail_release\librail_efr32xg1_gcc_release.a(rail_rf_hal.o)
                0x00011374                RFHAL_AutoAckWaitForAck
 .text.preTxOps
                0x0001138c       0xc4 C:\Users\harsi\Desktop\project\soc-empty_4\platform\radio\rail_lib\autogen\librail_release\librail_efr32xg1_gcc_release.a(rail_rf_hal.o)
 .text.RFHAL_StartTx
                0x00011450       0x12 C:\Users\harsi\Desktop\project\soc-empty_4\platform\radio\rail_lib\autogen\librail_release\librail_efr32xg1_gcc_release.a(rail_rf_hal.o)
                0x00011450                RFHAL_StartTx
 .text.RFHAL_StartScheduledTx
                0x00011462       0x3a C:\Users\harsi\Desktop\project\soc-empty_4\platform\radio\rail_lib\autogen\librail_release\librail_efr32xg1_gcc_release.a(rail_rf_hal.o)
                0x00011462                RFHAL_StartScheduledTx
 .text.RFHAL_GetRxPacketInfo
                0x0001149c       0x48 C:\Users\harsi\Desktop\project\soc-empty_4\platform\radio\rail_lib\autogen\librail_release\librail_efr32xg1_gcc_release.a(rail_rf_hal.o)
                0x0001149c                RFHAL_GetRxPacketInfo
 .text.RFHAL_GetRxPacketDetails
                0x000114e4       0xcc C:\Users\harsi\Desktop\project\soc-empty_4\platform\radio\rail_lib\autogen\librail_release\librail_efr32xg1_gcc_release.a(rail_rf_hal.o)
                0x000114e4                RFHAL_GetRxPacketDetails
 .text.RFHAL_SetTxBuffer
                0x000115b0       0x3a C:\Users\harsi\Desktop\project\soc-empty_4\platform\radio\rail_lib\autogen\librail_release\librail_efr32xg1_gcc_release.a(rail_rf_hal.o)
                0x000115b0                RFHAL_SetTxBuffer
 *fill*         0x000115ea        0x2 
 .text.RFHAL_ResetTxFifo
                0x000115ec       0x2c C:\Users\harsi\Desktop\project\soc-empty_4\platform\radio\rail_lib\autogen\librail_release\librail_efr32xg1_gcc_release.a(rail_rf_hal.o)
                0x000115ec                RFHAL_ResetTxFifo
 .text.RFHAL_WriteTxFifo
                0x00011618       0x28 C:\Users\harsi\Desktop\project\soc-empty_4\platform\radio\rail_lib\autogen\librail_release\librail_efr32xg1_gcc_release.a(rail_rf_hal.o)
                0x00011618                RFHAL_WriteTxFifo
 .text.RFHAL_ResetRxFifo
                0x00011640       0x40 C:\Users\harsi\Desktop\project\soc-empty_4\platform\radio\rail_lib\autogen\librail_release\librail_efr32xg1_gcc_release.a(rail_rf_hal.o)
                0x00011640                RFHAL_ResetRxFifo
 .text.RFHAL_ConfigData
                0x00011680       0x7c C:\Users\harsi\Desktop\project\soc-empty_4\platform\radio\rail_lib\autogen\librail_release\librail_efr32xg1_gcc_release.a(rail_rf_hal.o)
                0x00011680                RFHAL_ConfigData
 .text.RFHAL_Init
                0x000116fc       0xa0 C:\Users\harsi\Desktop\project\soc-empty_4\platform\radio\rail_lib\autogen\librail_release\librail_efr32xg1_gcc_release.a(rail_rf_hal.o)
                0x000116fc                RFHAL_Init
 .text.RFHAL_SetFixedLength
                0x0001179c       0x8c C:\Users\harsi\Desktop\project\soc-empty_4\platform\radio\rail_lib\autogen\librail_release\librail_efr32xg1_gcc_release.a(rail_rf_hal.o)
                0x0001179c                RFHAL_SetFixedLength
 .text.RFHAL_SetAbortScheduledTxDuringRx
                0x00011828       0x18 C:\Users\harsi\Desktop\project\soc-empty_4\platform\radio\rail_lib\autogen\librail_release\librail_efr32xg1_gcc_release.a(rail_rf_hal.o)
                0x00011828                RFHAL_SetAbortScheduledTxDuringRx
 .text.RFHAL_ConfigRadio
                0x00011840       0xe0 C:\Users\harsi\Desktop\project\soc-empty_4\platform\radio\rail_lib\autogen\librail_release\librail_efr32xg1_gcc_release.a(rail_rf_hal.o)
                0x00011840                RFHAL_ConfigRadio
 .text.RFHAL_GetTime
                0x00011920        0xe C:\Users\harsi\Desktop\project\soc-empty_4\platform\radio\rail_lib\autogen\librail_release\librail_efr32xg1_gcc_release.a(rail_rf_hal.o)
                0x00011920                RFHAL_GetTime
 .text.RFHAL_GetRadioEntropy
                0x0001192e        0x4 C:\Users\harsi\Desktop\project\soc-empty_4\platform\radio\rail_lib\autogen\librail_release\librail_efr32xg1_gcc_release.a(rail_rf_hal.o)
                0x0001192e                RFHAL_GetRadioEntropy
 .text.RFHAL_SetStateTiming
                0x00011932       0x4e C:\Users\harsi\Desktop\project\soc-empty_4\platform\radio\rail_lib\autogen\librail_release\librail_efr32xg1_gcc_release.a(rail_rf_hal.o)
                0x00011932                RFHAL_SetStateTiming
 .text.RFHAL_ConfigPti
                0x00011980        0x4 C:\Users\harsi\Desktop\project\soc-empty_4\platform\radio\rail_lib\autogen\librail_release\librail_efr32xg1_gcc_release.a(rail_rf_hal.o)
                0x00011980                RFHAL_ConfigPti
 .text.RFHAL_EnablePti
                0x00011984        0x4 C:\Users\harsi\Desktop\project\soc-empty_4\platform\radio\rail_lib\autogen\librail_release\librail_efr32xg1_gcc_release.a(rail_rf_hal.o)
                0x00011984                RFHAL_EnablePti
 .text.RAIL_Init
                0x00011988       0x20 C:\Users\harsi\Desktop\project\soc-empty_4\platform\radio\rail_lib\autogen\librail_release\librail_efr32xg1_gcc_release.a(rail_singleprotocol.o)
                0x00011988                RAIL_Init
 .text.RAIL_GetSchedulerStatus
                0x000119a8        0x4 C:\Users\harsi\Desktop\project\soc-empty_4\platform\radio\rail_lib\autogen\librail_release\librail_efr32xg1_gcc_release.a(rail_singleprotocol.o)
                0x000119a8                RAIL_GetSchedulerStatus
 .text.RAIL_Idle
                0x000119ac        0x8 C:\Users\harsi\Desktop\project\soc-empty_4\platform\radio\rail_lib\autogen\librail_release\librail_efr32xg1_gcc_release.a(rail_singleprotocol.o)
                0x000119ac                RAIL_Idle
 .text.RAIL_YieldRadio
                0x000119b4        0x2 C:\Users\harsi\Desktop\project\soc-empty_4\platform\radio\rail_lib\autogen\librail_release\librail_efr32xg1_gcc_release.a(rail_singleprotocol.o)
                0x000119b4                RAIL_YieldRadio
 .text.RAIL_GetRadioEntropy
                0x000119b6        0x8 C:\Users\harsi\Desktop\project\soc-empty_4\platform\radio\rail_lib\autogen\librail_release\librail_efr32xg1_gcc_release.a(rail_singleprotocol.o)
                0x000119b6                RAIL_GetRadioEntropy
 .text.RAIL_SetTimer
                0x000119be       0x14 C:\Users\harsi\Desktop\project\soc-empty_4\platform\radio\rail_lib\autogen\librail_release\librail_efr32xg1_gcc_release.a(rail_singleprotocol.o)
                0x000119be                RAIL_SetTimer
 .text.RAIL_CancelTimer
                0x000119d2        0x4 C:\Users\harsi\Desktop\project\soc-empty_4\platform\radio\rail_lib\autogen\librail_release\librail_efr32xg1_gcc_release.a(rail_singleprotocol.o)
                0x000119d2                RAIL_CancelTimer
 .text.RAIL_StartTx
                0x000119d6        0xa C:\Users\harsi\Desktop\project\soc-empty_4\platform\radio\rail_lib\autogen\librail_release\librail_efr32xg1_gcc_release.a(rail_singleprotocol.o)
                0x000119d6                RAIL_StartTx
 .text.RAIL_StartScheduledTx
                0x000119e0        0xa C:\Users\harsi\Desktop\project\soc-empty_4\platform\radio\rail_lib\autogen\librail_release\librail_efr32xg1_gcc_release.a(rail_singleprotocol.o)
                0x000119e0                RAIL_StartScheduledTx
 .text.RAIL_ScheduleRx
                0x000119ea        0xa C:\Users\harsi\Desktop\project\soc-empty_4\platform\radio\rail_lib\autogen\librail_release\librail_efr32xg1_gcc_release.a(rail_singleprotocol.o)
                0x000119ea                RAIL_ScheduleRx
 .text.radioConfigChangedDefault
                0x000119f4        0x2 C:\Users\harsi\Desktop\project\soc-empty_4\platform\radio\rail_lib\autogen\librail_release\librail_efr32xg1_gcc_release.a(rail_rf.o)
 .text.isTransitionState
                0x000119f6       0x12 C:\Users\harsi\Desktop\project\soc-empty_4\platform\radio\rail_lib\autogen\librail_release\librail_efr32xg1_gcc_release.a(rail_rf.o)
 .text.RAILCore_Init
                0x00011a08       0x12 C:\Users\harsi\Desktop\project\soc-empty_4\platform\radio\rail_lib\autogen\librail_release\librail_efr32xg1_gcc_release.a(rail_rf.o)
                0x00011a08                RAILCore_Init
 *fill*         0x00011a1a        0x2 
 .text.RAILInt_SetCallbackConfig
                0x00011a1c       0x20 C:\Users\harsi\Desktop\project\soc-empty_4\platform\radio\rail_lib\autogen\librail_release\librail_efr32xg1_gcc_release.a(rail_rf.o)
                0x00011a1c                RAILInt_SetCallbackConfig
 .text.RAILCore_Idle
                0x00011a3c       0x14 C:\Users\harsi\Desktop\project\soc-empty_4\platform\radio\rail_lib\autogen\librail_release\librail_efr32xg1_gcc_release.a(rail_rf.o)
                0x00011a3c                RAILCore_Idle
 .text.RAILCore_GetRadioState
                0x00011a50        0x4 C:\Users\harsi\Desktop\project\soc-empty_4\platform\radio\rail_lib\autogen\librail_release\librail_efr32xg1_gcc_release.a(rail_rf.o)
                0x00011a50                RAILCore_GetRadioState
 .text.RAIL_SetStateTiming
                0x00011a54        0xa C:\Users\harsi\Desktop\project\soc-empty_4\platform\radio\rail_lib\autogen\librail_release\librail_efr32xg1_gcc_release.a(rail_rf.o)
                0x00011a54                RAIL_SetStateTiming
 *fill*         0x00011a5e        0x2 
 .text.RAILInt_IsPowerInRange
                0x00011a60       0x3c C:\Users\harsi\Desktop\project\soc-empty_4\platform\radio\rail_lib\autogen\librail_release\librail_efr32xg1_gcc_release.a(rail_rf.o)
                0x00011a60                RAILInt_IsPowerInRange
 .text.RAILInt_SetChannel
                0x00011a9c      0x1d8 C:\Users\harsi\Desktop\project\soc-empty_4\platform\radio\rail_lib\autogen\librail_release\librail_efr32xg1_gcc_release.a(rail_rf.o)
                0x00011a9c                RAILInt_SetChannel
 .text.RAILCore_ConfigChannels
                0x00011c74       0x58 C:\Users\harsi\Desktop\project\soc-empty_4\platform\radio\rail_lib\autogen\librail_release\librail_efr32xg1_gcc_release.a(rail_rf.o)
                0x00011c74                RAILCore_ConfigChannels
 .text.RAILInt_GetChannel
                0x00011ccc        0x4 C:\Users\harsi\Desktop\project\soc-empty_4\platform\radio\rail_lib\autogen\librail_release\librail_efr32xg1_gcc_release.a(rail_rf.o)
                0x00011ccc                RAILInt_GetChannel
 .text.RAILCore_SetTxTransitions
                0x00011cd0       0x3c C:\Users\harsi\Desktop\project\soc-empty_4\platform\radio\rail_lib\autogen\librail_release\librail_efr32xg1_gcc_release.a(rail_rf.o)
                0x00011cd0                RAILCore_SetTxTransitions
 .text.RAIL_SetTxTransitions
                0x00011d0c        0xa C:\Users\harsi\Desktop\project\soc-empty_4\platform\radio\rail_lib\autogen\librail_release\librail_efr32xg1_gcc_release.a(rail_rf.o)
                0x00011d0c                RAIL_SetTxTransitions
 .text.RAILCore_SetRxTransitions
                0x00011d16       0x38 C:\Users\harsi\Desktop\project\soc-empty_4\platform\radio\rail_lib\autogen\librail_release\librail_efr32xg1_gcc_release.a(rail_rf.o)
                0x00011d16                RAILCore_SetRxTransitions
 .text.RAIL_SetRxTransitions
                0x00011d4e        0xa C:\Users\harsi\Desktop\project\soc-empty_4\platform\radio\rail_lib\autogen\librail_release\librail_efr32xg1_gcc_release.a(rail_rf.o)
                0x00011d4e                RAIL_SetRxTransitions
 .text.RAIL_ConfigEvents
                0x00011d58       0x14 C:\Users\harsi\Desktop\project\soc-empty_4\platform\radio\rail_lib\autogen\librail_release\librail_efr32xg1_gcc_release.a(rail_rf.o)
                0x00011d58                RAIL_ConfigEvents
 .text.RAIL_ConfigRxOptions
                0x00011d6c        0xa C:\Users\harsi\Desktop\project\soc-empty_4\platform\radio\rail_lib\autogen\librail_release\librail_efr32xg1_gcc_release.a(rail_rx.o)
                0x00011d6c                RAIL_ConfigRxOptions
 .text.RAILCore_ScheduleRx
                0x00011d76       0x2c C:\Users\harsi\Desktop\project\soc-empty_4\platform\radio\rail_lib\autogen\librail_release\librail_efr32xg1_gcc_release.a(rail_rx.o)
                0x00011d76                RAILCore_ScheduleRx
 .text.RAILInt_PreTxOps
                0x00011da2       0x1c C:\Users\harsi\Desktop\project\soc-empty_4\platform\radio\rail_lib\autogen\librail_release\librail_efr32xg1_gcc_release.a(rail_tx.o)
                0x00011da2                RAILInt_PreTxOps
 .text.RAILCore_StartTx
                0x00011dbe       0x1a C:\Users\harsi\Desktop\project\soc-empty_4\platform\radio\rail_lib\autogen\librail_release\librail_efr32xg1_gcc_release.a(rail_tx.o)
                0x00011dbe                RAILCore_StartTx
 .text.RAILCore_StartScheduledTx
                0x00011dd8       0x1e C:\Users\harsi\Desktop\project\soc-empty_4\platform\radio\rail_lib\autogen\librail_release\librail_efr32xg1_gcc_release.a(rail_tx.o)
                0x00011dd8                RAILCore_StartScheduledTx
 .text.RAIL_SetTxPower
                0x00011df6        0xa C:\Users\harsi\Desktop\project\soc-empty_4\platform\radio\rail_lib\autogen\librail_release\librail_efr32xg1_gcc_release.a(rail_tx.o)
                0x00011df6                RAIL_SetTxPower
 .text.RAIL_GetTxPower
                0x00011e00        0xa C:\Users\harsi\Desktop\project\soc-empty_4\platform\radio\rail_lib\autogen\librail_release\librail_efr32xg1_gcc_release.a(rail_tx.o)
                0x00011e00                RAIL_GetTxPower
 .text.RAIL_ConfigTxPower
                0x00011e0a       0x1a C:\Users\harsi\Desktop\project\soc-empty_4\platform\radio\rail_lib\autogen\librail_release\librail_efr32xg1_gcc_release.a(rail_tx.o)
                0x00011e0a                RAIL_ConfigTxPower
 .text.RAILInt_PendCal
                0x00011e24       0x24 C:\Users\harsi\Desktop\project\soc-empty_4\platform\radio\rail_lib\autogen\librail_release\librail_efr32xg1_gcc_release.a(rail_calibration.o)
                0x00011e24                RAILInt_PendCal
 .text.RAILCb_AssertFailed
                0x00011e48       0x14 C:\Users\harsi\Desktop\project\soc-empty_4\platform\radio\rail_lib\autogen\librail_release\librail_efr32xg1_gcc_release.a(rail_assert.o)
                0x00011e48                RAILCb_AssertFailed
 .text.RAILInt_Assert
                0x00011e5c       0x1c C:\Users\harsi\Desktop\project\soc-empty_4\platform\radio\rail_lib\autogen\librail_release\librail_efr32xg1_gcc_release.a(rail_assert.o)
                0x00011e5c                RAILInt_Assert
 .text.RAILCore_GetRadioEntropy
                0x00011e78        0x4 C:\Users\harsi\Desktop\project\soc-empty_4\platform\radio\rail_lib\autogen\librail_release\librail_efr32xg1_gcc_release.a(rail_rssi.o)
                0x00011e78                RAILCore_GetRadioEntropy
 .text.BUFC_ReadHelper
                0x00011e7c       0x7c C:\Users\harsi\Desktop\project\soc-empty_4\platform\radio\rail_lib\autogen\librail_release\librail_efr32xg1_gcc_release.a(bufc.o)
 .text.checkAndAddRxLenOverflowEntry
                0x00011ef8       0x3c C:\Users\harsi\Desktop\project\soc-empty_4\platform\radio\rail_lib\autogen\librail_release\librail_efr32xg1_gcc_release.a(bufc.o)
 .text.BUFC_SetTxBuffer
                0x00011f34       0x38 C:\Users\harsi\Desktop\project\soc-empty_4\platform\radio\rail_lib\autogen\librail_release\librail_efr32xg1_gcc_release.a(bufc.o)
                0x00011f34                BUFC_SetTxBuffer
 .text.BUFC_WriteBuffer
                0x00011f6c       0xa8 C:\Users\harsi\Desktop\project\soc-empty_4\platform\radio\rail_lib\autogen\librail_release\librail_efr32xg1_gcc_release.a(bufc.o)
                0x00011f6c                BUFC_WriteBuffer
 .text.BUFC_Peek
                0x00012014       0x12 C:\Users\harsi\Desktop\project\soc-empty_4\platform\radio\rail_lib\autogen\librail_release\librail_efr32xg1_gcc_release.a(bufc.o)
                0x00012014                BUFC_Peek
 .text.BUFC_PeekByte
                0x00012026       0x34 C:\Users\harsi\Desktop\project\soc-empty_4\platform\radio\rail_lib\autogen\librail_release\librail_efr32xg1_gcc_release.a(bufc.o)
                0x00012026                BUFC_PeekByte
 *fill*         0x0001205a        0x2 
 .text.BUFC_GetSpaceAvailable
                0x0001205c       0x28 C:\Users\harsi\Desktop\project\soc-empty_4\platform\radio\rail_lib\autogen\librail_release\librail_efr32xg1_gcc_release.a(bufc.o)
                0x0001205c                BUFC_GetSpaceAvailable
 .text.BUFC_GetBytesAvailable
                0x00012084       0x14 C:\Users\harsi\Desktop\project\soc-empty_4\platform\radio\rail_lib\autogen\librail_release\librail_efr32xg1_gcc_release.a(bufc.o)
                0x00012084                BUFC_GetBytesAvailable
 .text.BUFC_TxAckBufferSet
                0x00012098       0x38 C:\Users\harsi\Desktop\project\soc-empty_4\platform\radio\rail_lib\autogen\librail_release\librail_efr32xg1_gcc_release.a(bufc.o)
                0x00012098                BUFC_TxAckBufferSet
 .text.BUFC_TxAckBufferReset
                0x000120d0        0x8 C:\Users\harsi\Desktop\project\soc-empty_4\platform\radio\rail_lib\autogen\librail_release\librail_efr32xg1_gcc_release.a(bufc.o)
                0x000120d0                BUFC_TxAckBufferReset
 .text.BUFC_RxBufferReset
                0x000120d8       0x5c C:\Users\harsi\Desktop\project\soc-empty_4\platform\radio\rail_lib\autogen\librail_release\librail_efr32xg1_gcc_release.a(bufc.o)
                0x000120d8                BUFC_RxBufferReset
 .text.BUFC_Init
                0x00012134       0x98 C:\Users\harsi\Desktop\project\soc-empty_4\platform\radio\rail_lib\autogen\librail_release\librail_efr32xg1_gcc_release.a(bufc.o)
                0x00012134                BUFC_Init
 .text.BUFC_RxBufferBytesAvailable
                0x000121cc       0x10 C:\Users\harsi\Desktop\project\soc-empty_4\platform\radio\rail_lib\autogen\librail_release\librail_efr32xg1_gcc_release.a(bufc.o)
                0x000121cc                BUFC_RxBufferBytesAvailable
 .text.BUFC_ReleaseRxPacket
                0x000121dc      0x10c C:\Users\harsi\Desktop\project\soc-empty_4\platform\radio\rail_lib\autogen\librail_release\librail_efr32xg1_gcc_release.a(bufc.o)
                0x000121dc                BUFC_ReleaseRxPacket
 .text.BUFC_StartRxLenThrEvent
                0x000122e8       0x8c C:\Users\harsi\Desktop\project\soc-empty_4\platform\radio\rail_lib\autogen\librail_release\librail_efr32xg1_gcc_release.a(bufc.o)
                0x000122e8                BUFC_StartRxLenThrEvent
 .text.BUFC_EndRxLenThrEvent
                0x00012374       0x1c C:\Users\harsi\Desktop\project\soc-empty_4\platform\radio\rail_lib\autogen\librail_release\librail_efr32xg1_gcc_release.a(bufc.o)
                0x00012374                BUFC_EndRxLenThrEvent
 .text.BUFC_HandleRxLenOvfEvent
                0x00012390       0x28 C:\Users\harsi\Desktop\project\soc-empty_4\platform\radio\rail_lib\autogen\librail_release\librail_efr32xg1_gcc_release.a(bufc.o)
                0x00012390                BUFC_HandleRxLenOvfEvent
 .text.BUFC_GetRxPacketInfo
                0x000123b8      0x138 C:\Users\harsi\Desktop\project\soc-empty_4\platform\radio\rail_lib\autogen\librail_release\librail_efr32xg1_gcc_release.a(bufc.o)
                0x000123b8                BUFC_GetRxPacketInfo
 .text.IRCAL_Set
                0x000124f0       0x1c C:\Users\harsi\Desktop\project\soc-empty_4\platform\radio\rail_lib\autogen\librail_release\librail_efr32xg1_gcc_release.a(ir_cal.o)
                0x000124f0                IRCAL_Set
 .text.IRCAL_Init
                0x0001250c       0xa8 C:\Users\harsi\Desktop\project\soc-empty_4\platform\radio\rail_lib\autogen\librail_release\librail_efr32xg1_gcc_release.a(ir_cal.o)
                0x0001250c                IRCAL_Init
 .text.PA_ProtectPa
                0x000125b4       0xbc C:\Users\harsi\Desktop\project\soc-empty_4\platform\radio\rail_lib\autogen\librail_release\librail_efr32xg1_gcc_release.a(pa.o)
 .text.getRampTimeFromLevelAndRate
                0x00012670       0x20 C:\Users\harsi\Desktop\project\soc-empty_4\platform\radio\rail_lib\autogen\librail_release\librail_efr32xg1_gcc_release.a(pa.o)
 .text.PA_GetTxPowerConfig
                0x00012690       0x14 C:\Users\harsi\Desktop\project\soc-empty_4\platform\radio\rail_lib\autogen\librail_release\librail_efr32xg1_gcc_release.a(pa.o)
                0x00012690                PA_GetTxPowerConfig
 .text.PA_GetPowerLevel
                0x000126a4        0xc C:\Users\harsi\Desktop\project\soc-empty_4\platform\radio\rail_lib\autogen\librail_release\librail_efr32xg1_gcc_release.a(pa.o)
                0x000126a4                PA_GetPowerLevel
 .text.PA_SetPowerLevel
                0x000126b0      0x194 C:\Users\harsi\Desktop\project\soc-empty_4\platform\radio\rail_lib\autogen\librail_release\librail_efr32xg1_gcc_release.a(pa.o)
                0x000126b0                PA_SetPowerLevel
 .text.PA_RunPeakDetectorHigh
                0x00012844       0x4c C:\Users\harsi\Desktop\project\soc-empty_4\platform\radio\rail_lib\autogen\librail_release\librail_efr32xg1_gcc_release.a(pa.o)
                0x00012844                PA_RunPeakDetectorHigh
 .text.PA_RunPeakDetectorLow
                0x00012890        0x2 C:\Users\harsi\Desktop\project\soc-empty_4\platform\radio\rail_lib\autogen\librail_release\librail_efr32xg1_gcc_release.a(pa.o)
                0x00012890                PA_RunPeakDetectorLow
 *fill*         0x00012892        0x2 
 .text.PA_RunBatHigh
                0x00012894       0x2c C:\Users\harsi\Desktop\project\soc-empty_4\platform\radio\rail_lib\autogen\librail_release\librail_efr32xg1_gcc_release.a(pa.o)
                0x00012894                PA_RunBatHigh
 .text.PA_GetRampTime
                0x000128c0        0xc C:\Users\harsi\Desktop\project\soc-empty_4\platform\radio\rail_lib\autogen\librail_release\librail_efr32xg1_gcc_release.a(pa.o)
                0x000128c0                PA_GetRampTime
 .text.PA_ConfigRamp
                0x000128cc       0x20 C:\Users\harsi\Desktop\project\soc-empty_4\platform\radio\rail_lib\autogen\librail_release\librail_efr32xg1_gcc_release.a(pa.o)
                0x000128cc                PA_ConfigRamp
 .text.PA_CalcRampTime
                0x000128ec       0x44 C:\Users\harsi\Desktop\project\soc-empty_4\platform\radio\rail_lib\autogen\librail_release\librail_efr32xg1_gcc_release.a(pa.o)
                0x000128ec                PA_CalcRampTime
 .text.PA_SetRampTime
                0x00012930       0xac C:\Users\harsi\Desktop\project\soc-empty_4\platform\radio\rail_lib\autogen\librail_release\librail_efr32xg1_gcc_release.a(pa.o)
                0x00012930                PA_SetRampTime
 .text.PA_SelectBand
                0x000129dc       0x50 C:\Users\harsi\Desktop\project\soc-empty_4\platform\radio\rail_lib\autogen\librail_release\librail_efr32xg1_gcc_release.a(pa.o)
                0x000129dc                PA_SelectBand
 .text.PA_Config
                0x00012a2c      0x15c C:\Users\harsi\Desktop\project\soc-empty_4\platform\radio\rail_lib\autogen\librail_release\librail_efr32xg1_gcc_release.a(pa.o)
                0x00012a2c                PA_Config
 .text.PA_UpdateConfig
                0x00012b88       0x38 C:\Users\harsi\Desktop\project\soc-empty_4\platform\radio\rail_lib\autogen\librail_release\librail_efr32xg1_gcc_release.a(pa.o)
                0x00012b88                PA_UpdateConfig
 .text.PROTIMER_Init
                0x00012bc0      0x108 C:\Users\harsi\Desktop\project\soc-empty_4\platform\radio\rail_lib\autogen\librail_release\librail_efr32xg1_gcc_release.a(protimer.o)
                0x00012bc0                PROTIMER_Init
 .text.PROTIMER_Start
                0x00012cc8       0x1c C:\Users\harsi\Desktop\project\soc-empty_4\platform\radio\rail_lib\autogen\librail_release\librail_efr32xg1_gcc_release.a(protimer.o)
                0x00012cc8                PROTIMER_Start
 .text.PROTIMER_IsRunning
                0x00012ce4       0x10 C:\Users\harsi\Desktop\project\soc-empty_4\platform\radio\rail_lib\autogen\librail_release\librail_efr32xg1_gcc_release.a(protimer.o)
                0x00012ce4                PROTIMER_IsRunning
 .text.PROTIMER_ElapsedTime
                0x00012cf4       0x18 C:\Users\harsi\Desktop\project\soc-empty_4\platform\radio\rail_lib\autogen\librail_release\librail_efr32xg1_gcc_release.a(protimer.o)
                0x00012cf4                PROTIMER_ElapsedTime
 .text.PROTIMER_CCTimerStop
                0x00012d0c       0x20 C:\Users\harsi\Desktop\project\soc-empty_4\platform\radio\rail_lib\autogen\librail_release\librail_efr32xg1_gcc_release.a(protimer.o)
                0x00012d0c                PROTIMER_CCTimerStop
 .text.PROTIMER_CCTimerStart
                0x00012d2c      0x164 C:\Users\harsi\Desktop\project\soc-empty_4\platform\radio\rail_lib\autogen\librail_release\librail_efr32xg1_gcc_release.a(protimer.o)
                0x00012d2c                PROTIMER_CCTimerStart
 .text.PROTIMER_WrapMultiple
                0x00012e90       0x12 C:\Users\harsi\Desktop\project\soc-empty_4\platform\radio\rail_lib\autogen\librail_release\librail_efr32xg1_gcc_release.a(protimer.o)
                0x00012e90                PROTIMER_WrapMultiple
 *fill*         0x00012ea2        0x2 
 .text.PROTIMER_CCTimerIsEnabled
                0x00012ea4       0x10 C:\Users\harsi\Desktop\project\soc-empty_4\platform\radio\rail_lib\autogen\librail_release\librail_efr32xg1_gcc_release.a(protimer.o)
                0x00012ea4                PROTIMER_CCTimerIsEnabled
 .text.PROTIMER_CCTimerCapture
                0x00012eb4       0x14 C:\Users\harsi\Desktop\project\soc-empty_4\platform\radio\rail_lib\autogen\librail_release\librail_efr32xg1_gcc_release.a(protimer.o)
                0x00012eb4                PROTIMER_CCTimerCapture
 .text.PROTIMER_ScheduleTxEnable
                0x00012ec8       0x2c C:\Users\harsi\Desktop\project\soc-empty_4\platform\radio\rail_lib\autogen\librail_release\librail_efr32xg1_gcc_release.a(protimer.o)
                0x00012ec8                PROTIMER_ScheduleTxEnable
 .text.PROTIMER_ClearTxEnable
                0x00012ef4        0xc C:\Users\harsi\Desktop\project\soc-empty_4\platform\radio\rail_lib\autogen\librail_release\librail_efr32xg1_gcc_release.a(protimer.o)
                0x00012ef4                PROTIMER_ClearTxEnable
 .text.PROTIMER_ScheduleRxEnable
                0x00012f00       0x2c C:\Users\harsi\Desktop\project\soc-empty_4\platform\radio\rail_lib\autogen\librail_release\librail_efr32xg1_gcc_release.a(protimer.o)
                0x00012f00                PROTIMER_ScheduleRxEnable
 .text.PROTIMER_ScheduleRxDisable
                0x00012f2c       0x38 C:\Users\harsi\Desktop\project\soc-empty_4\platform\radio\rail_lib\autogen\librail_release\librail_efr32xg1_gcc_release.a(protimer.o)
                0x00012f2c                PROTIMER_ScheduleRxDisable
 .text.PROTIMER_ClearRxEnable
                0x00012f64       0x10 C:\Users\harsi\Desktop\project\soc-empty_4\platform\radio\rail_lib\autogen\librail_release\librail_efr32xg1_gcc_release.a(protimer.o)
                0x00012f64                PROTIMER_ClearRxEnable
 .text.PROTIMER_GetTime
                0x00012f74        0xc C:\Users\harsi\Desktop\project\soc-empty_4\platform\radio\rail_lib\autogen\librail_release\librail_efr32xg1_gcc_release.a(protimer.o)
                0x00012f74                PROTIMER_GetTime
 .text.PROTIMER_GetCCTime
                0x00012f80        0xc C:\Users\harsi\Desktop\project\soc-empty_4\platform\radio\rail_lib\autogen\librail_release\librail_efr32xg1_gcc_release.a(protimer.o)
                0x00012f80                PROTIMER_GetCCTime
 .text.PROTIMER_LBTStop
                0x00012f8c       0x18 C:\Users\harsi\Desktop\project\soc-empty_4\platform\radio\rail_lib\autogen\librail_release\librail_efr32xg1_gcc_release.a(protimer.o)
                0x00012f8c                PROTIMER_LBTStop
 .text.PROTIMER_PrecntOverflowToUs
                0x00012fa4       0x38 C:\Users\harsi\Desktop\project\soc-empty_4\platform\radio\rail_lib\autogen\librail_release\librail_efr32xg1_gcc_release.a(protimer.o)
                0x00012fa4                PROTIMER_PrecntOverflowToUs
 .text.PROTIMER_UsToPrecntOverflow
                0x00012fdc       0x2c C:\Users\harsi\Desktop\project\soc-empty_4\platform\radio\rail_lib\autogen\librail_release\librail_efr32xg1_gcc_release.a(protimer.o)
                0x00012fdc                PROTIMER_UsToPrecntOverflow
 .text.PROTIMER_DelayUs
                0x00013008       0x44 C:\Users\harsi\Desktop\project\soc-empty_4\platform\radio\rail_lib\autogen\librail_release\librail_efr32xg1_gcc_release.a(protimer.o)
                0x00013008                PROTIMER_DelayUs
 .text.PROTIMER_CheckCcaReallyFailed
                0x0001304c       0xbc C:\Users\harsi\Desktop\project\soc-empty_4\platform\radio\rail_lib\autogen\librail_release\librail_efr32xg1_gcc_release.a(protimer.o)
                0x0001304c                PROTIMER_CheckCcaReallyFailed
 .text.PTI_Config
                0x00013108       0xc8 C:\Users\harsi\Desktop\project\soc-empty_4\platform\radio\rail_lib\autogen\librail_release\librail_efr32xg1_gcc_release.a(pti.o)
                0x00013108                PTI_Config
 .text.PTI_EnableAppendedInfo
                0x000131d0       0x18 C:\Users\harsi\Desktop\project\soc-empty_4\platform\radio\rail_lib\autogen\librail_release\librail_efr32xg1_gcc_release.a(pti.o)
                0x000131d0                PTI_EnableAppendedInfo
 .text.PTI_Enable
                0x000131e8       0x58 C:\Users\harsi\Desktop\project\soc-empty_4\platform\radio\rail_lib\autogen\librail_release\librail_efr32xg1_gcc_release.a(pti.o)
                0x000131e8                PTI_Enable
 .text.PTI_AuxdataOutput
                0x00013240       0x1c C:\Users\harsi\Desktop\project\soc-empty_4\platform\radio\rail_lib\autogen\librail_release\librail_efr32xg1_gcc_release.a(pti.o)
                0x00013240                PTI_AuxdataOutput
 .text.PTI_EnableSyncword
                0x0001325c       0x18 C:\Users\harsi\Desktop\project\soc-empty_4\platform\radio\rail_lib\autogen\librail_release\librail_efr32xg1_gcc_release.a(pti.o)
                0x0001325c                PTI_EnableSyncword
 .text.RADIO_SetAndForgetWrite
                0x00013274       0x8c C:\Users\harsi\Desktop\project\soc-empty_4\platform\radio\rail_lib\autogen\librail_release\librail_efr32xg1_gcc_release.a(radio.o)
                0x00013274                RADIO_SetAndForgetWrite
 .text.RADIO_SeqInit
                0x00013300       0x68 C:\Users\harsi\Desktop\project\soc-empty_4\platform\radio\rail_lib\autogen\librail_release\librail_efr32xg1_gcc_release.a(radio.o)
                0x00013300                RADIO_SeqInit
 .text.RADIO_CLKEnable
                0x00013368       0x68 C:\Users\harsi\Desktop\project\soc-empty_4\platform\radio\rail_lib\autogen\librail_release\librail_efr32xg1_gcc_release.a(radio.o)
                0x00013368                RADIO_CLKEnable
 .text.RADIO_Init
                0x000133d0       0x40 C:\Users\harsi\Desktop\project\soc-empty_4\platform\radio\rail_lib\autogen\librail_release\librail_efr32xg1_gcc_release.a(radio.o)
                0x000133d0                RADIO_Init
 .text.RADIO_Config
                0x00013410       0xa8 C:\Users\harsi\Desktop\project\soc-empty_4\platform\radio\rail_lib\autogen\librail_release\librail_efr32xg1_gcc_release.a(radio.o)
                0x00013410                RADIO_Config
 .text.RADIO_IsRxOnForRssi
                0x000134b8       0x18 C:\Users\harsi\Desktop\project\soc-empty_4\platform\radio\rail_lib\autogen\librail_release\librail_efr32xg1_gcc_release.a(radio.o)
                0x000134b8                RADIO_IsRxOnForRssi
 .text.RADIO_RxTrailDataLength
                0x000134d0       0x3c C:\Users\harsi\Desktop\project\soc-empty_4\platform\radio\rail_lib\autogen\librail_release\librail_efr32xg1_gcc_release.a(radio.o)
                0x000134d0                RADIO_RxTrailDataLength
 .text.RADIO_FrameControlDescrBufferIdSet
                0x0001350c       0x20 C:\Users\harsi\Desktop\project\soc-empty_4\platform\radio\rail_lib\autogen\librail_release\librail_efr32xg1_gcc_release.a(radio.o)
                0x0001350c                RADIO_FrameControlDescrBufferIdSet
 .text.RADIO_ComputeTxBaudrate
                0x0001352c       0x28 C:\Users\harsi\Desktop\project\soc-empty_4\platform\radio\rail_lib\autogen\librail_release\librail_efr32xg1_gcc_release.a(radio.o)
                0x0001352c                RADIO_ComputeTxBaudrate
 .text.RADIO_ComputeTxSymbolRate
                0x00013554       0x2c C:\Users\harsi\Desktop\project\soc-empty_4\platform\radio\rail_lib\autogen\librail_release\librail_efr32xg1_gcc_release.a(radio.o)
                0x00013554                RADIO_ComputeTxSymbolRate
 .text.RADIO_ComputeTxBitRate
                0x00013580       0x50 C:\Users\harsi\Desktop\project\soc-empty_4\platform\radio\rail_lib\autogen\librail_release\librail_efr32xg1_gcc_release.a(radio.o)
                0x00013580                RADIO_ComputeTxBitRate
 .text.RADIO_GetRssi
                0x000135d0       0x54 C:\Users\harsi\Desktop\project\soc-empty_4\platform\radio\rail_lib\autogen\librail_release\librail_efr32xg1_gcc_release.a(radio.o)
                0x000135d0                RADIO_GetRssi
 .text.RADIO_SetCRCInitVal
                0x00013624       0x10 C:\Users\harsi\Desktop\project\soc-empty_4\platform\radio\rail_lib\autogen\librail_release\librail_efr32xg1_gcc_release.a(radio.o)
                0x00013624                RADIO_SetCRCInitVal
 .text.RADIO_RACClearRxOverflow
                0x00013634       0x20 C:\Users\harsi\Desktop\project\soc-empty_4\platform\radio\rail_lib\autogen\librail_release\librail_efr32xg1_gcc_release.a(radio.o)
                0x00013634                RADIO_RACClearRxOverflow
 .text.RFSENSE_Disable
                0x00013654       0x44 C:\Users\harsi\Desktop\project\soc-empty_4\platform\radio\rail_lib\autogen\librail_release\librail_efr32xg1_gcc_release.a(rfsense.o)
 .text.RFSENSE_Sensed
                0x00013698       0x50 C:\Users\harsi\Desktop\project\soc-empty_4\platform\radio\rail_lib\autogen\librail_release\librail_efr32xg1_gcc_release.a(rfsense.o)
                0x00013698                RFSENSE_Sensed
 .text.RFSENSE_IRQHandler
                0x000136e8        0x4 C:\Users\harsi\Desktop\project\soc-empty_4\platform\radio\rail_lib\autogen\librail_release\librail_efr32xg1_gcc_release.a(rfsense.o)
                0x000136e8                RFSENSE_IRQHandler
 .text.RTCCSYNC_RTCCClockFreqGet
                0x000136ec       0x30 C:\Users\harsi\Desktop\project\soc-empty_4\platform\radio\rail_lib\autogen\librail_release\librail_efr32xg1_gcc_release.a(rtccsync.o)
 .text.RTCCSYNC_Init
                0x0001371c       0x10 C:\Users\harsi\Desktop\project\soc-empty_4\platform\radio\rail_lib\autogen\librail_release\librail_efr32xg1_gcc_release.a(rtccsync.o)
                0x0001371c                RTCCSYNC_Init
 .text.RTCCSYNC_PreSleep
                0x0001372c      0x260 C:\Users\harsi\Desktop\project\soc-empty_4\platform\radio\rail_lib\autogen\librail_release\librail_efr32xg1_gcc_release.a(rtccsync.o)
                0x0001372c                RTCCSYNC_PreSleep
 .text.RTCCSYNC_PostWakeUp
                0x0001398c      0x1c4 C:\Users\harsi\Desktop\project\soc-empty_4\platform\radio\rail_lib\autogen\librail_release\librail_efr32xg1_gcc_release.a(rtccsync.o)
                0x0001398c                RTCCSYNC_PostWakeUp
 .text.SYNTH_RfFreqGet
                0x00013b50        0xc C:\Users\harsi\Desktop\project\soc-empty_4\platform\radio\rail_lib\autogen\librail_release\librail_efr32xg1_gcc_release.a(synth.o)
                0x00013b50                SYNTH_RfFreqGet
 .text.SYNTH_ChSpacingGet
                0x00013b5c        0xc C:\Users\harsi\Desktop\project\soc-empty_4\platform\radio\rail_lib\autogen\librail_release\librail_efr32xg1_gcc_release.a(synth.o)
                0x00013b5c                SYNTH_ChSpacingGet
 .text.SYNTH_LoDivGet
                0x00013b68       0x20 C:\Users\harsi\Desktop\project\soc-empty_4\platform\radio\rail_lib\autogen\librail_release\librail_efr32xg1_gcc_release.a(synth.o)
                0x00013b68                SYNTH_LoDivGet
 .text.SYNTH_Is2p4GHz
                0x00013b88       0x14 C:\Users\harsi\Desktop\project\soc-empty_4\platform\radio\rail_lib\autogen\librail_release\librail_efr32xg1_gcc_release.a(synth.o)
                0x00013b88                SYNTH_Is2p4GHz
 .text.SYNTH_VcoRangeIsValid
                0x00013b9c       0x30 C:\Users\harsi\Desktop\project\soc-empty_4\platform\radio\rail_lib\autogen\librail_release\librail_efr32xg1_gcc_release.a(synth.o)
                0x00013b9c                SYNTH_VcoRangeIsValid
 .text.SYNTH_RetimeLimitsConfig
                0x00013bcc       0x64 C:\Users\harsi\Desktop\project\soc-empty_4\platform\radio\rail_lib\autogen\librail_release\librail_efr32xg1_gcc_release.a(synth.o)
                0x00013bcc                SYNTH_RetimeLimitsConfig
 .text.SYNTH_RetimeClkConfig
                0x00013c30       0xb4 C:\Users\harsi\Desktop\project\soc-empty_4\platform\radio\rail_lib\autogen\librail_release\librail_efr32xg1_gcc_release.a(synth.o)
                0x00013c30                SYNTH_RetimeClkConfig
 .text.SYNTH_Config
                0x00013ce4      0x108 C:\Users\harsi\Desktop\project\soc-empty_4\platform\radio\rail_lib\autogen\librail_release\librail_efr32xg1_gcc_release.a(synth.o)
                0x00013ce4                SYNTH_Config
 .text.SYNTH_ChannelSet
                0x00013dec       0x40 C:\Users\harsi\Desktop\project\soc-empty_4\platform\radio\rail_lib\autogen\librail_release\librail_efr32xg1_gcc_release.a(synth.o)
                0x00013dec                SYNTH_ChannelSet
 .text.SYNTH_DCDCRetimeClkSet
                0x00013e2c       0x6c C:\Users\harsi\Desktop\project\soc-empty_4\platform\radio\rail_lib\autogen\librail_release\librail_efr32xg1_gcc_release.a(synth.o)
                0x00013e2c                SYNTH_DCDCRetimeClkSet
 .text.SYNTH_DCDCRetimeEnable
                0x00013e98       0x18 C:\Users\harsi\Desktop\project\soc-empty_4\platform\radio\rail_lib\autogen\librail_release\librail_efr32xg1_gcc_release.a(synth.o)
                0x00013e98                SYNTH_DCDCRetimeEnable
 .text.SYNTH_DCDCRetimeDisable
                0x00013eb0       0x18 C:\Users\harsi\Desktop\project\soc-empty_4\platform\radio\rail_lib\autogen\librail_release\librail_efr32xg1_gcc_release.a(synth.o)
                0x00013eb0                SYNTH_DCDCRetimeDisable
 .text.SYNTH_KvnFreqCompensationEnable
                0x00013ec8        0xc C:\Users\harsi\Desktop\project\soc-empty_4\platform\radio\rail_lib\autogen\librail_release\librail_efr32xg1_gcc_release.a(synth.o)
                0x00013ec8                SYNTH_KvnFreqCompensationEnable
 .text.RADIOCMU_ClockEnable
                0x00013ed4       0x40 C:\Users\harsi\Desktop\project\soc-empty_4\platform\radio\rail_lib\autogen\librail_release\librail_efr32xg1_gcc_release.a(radio_cmu.o)
                0x00013ed4                RADIOCMU_ClockEnable
 .text.RADIOCMU_ClockFreqGet
                0x00013f14       0x88 C:\Users\harsi\Desktop\project\soc-empty_4\platform\radio\rail_lib\autogen\librail_release\librail_efr32xg1_gcc_release.a(radio_cmu.o)
                0x00013f14                RADIOCMU_ClockFreqGet
 .text.RADIOCMU_ClockPrescGet
                0x00013f9c       0x1c C:\Users\harsi\Desktop\project\soc-empty_4\platform\radio\rail_lib\autogen\librail_release\librail_efr32xg1_gcc_release.a(radio_cmu.o)
                0x00013f9c                RADIOCMU_ClockPrescGet
 .text.TEMPCAL_Init
                0x00013fb8       0x40 C:\Users\harsi\Desktop\project\soc-empty_4\platform\radio\rail_lib\autogen\librail_release\librail_efr32xg1_gcc_release.a(tempcal.o)
                0x00013fb8                TEMPCAL_Init
 .text.TIMING_PreambleSyncBits
                0x00013ff8       0x2c C:\Users\harsi\Desktop\project\soc-empty_4\platform\radio\rail_lib\autogen\librail_release\librail_efr32xg1_gcc_release.a(timings.o)
 .text.TIMING_CalcAdjustUs
                0x00014024       0x28 C:\Users\harsi\Desktop\project\soc-empty_4\platform\radio\rail_lib\autogen\librail_release\librail_efr32xg1_gcc_release.a(timings.o)
 .text.TIMING_SeqTimingInit
                0x0001404c        0x2 C:\Users\harsi\Desktop\project\soc-empty_4\platform\radio\rail_lib\autogen\librail_release\librail_efr32xg1_gcc_release.a(timings.o)
                0x0001404c                TIMING_SeqTimingInit
 *fill*         0x0001404e        0x2 
 .text.TIMING_NsToStimerTickCalcSigned
                0x00014050       0x28 C:\Users\harsi\Desktop\project\soc-empty_4\platform\radio\rail_lib\autogen\librail_release\librail_efr32xg1_gcc_release.a(timings.o)
                0x00014050                TIMING_NsToStimerTickCalcSigned
 .text.TIMING_NsToStimerTickCalc
                0x00014078        0xc C:\Users\harsi\Desktop\project\soc-empty_4\platform\radio\rail_lib\autogen\librail_release\librail_efr32xg1_gcc_release.a(timings.o)
                0x00014078                TIMING_NsToStimerTickCalc
 .text.TIMING_InitStimer
                0x00014084       0x58 C:\Users\harsi\Desktop\project\soc-empty_4\platform\radio\rail_lib\autogen\librail_release\librail_efr32xg1_gcc_release.a(timings.o)
                0x00014084                TIMING_InitStimer
 .text.TIMING_TxWarmTimeRecalculate
                0x000140dc       0x34 C:\Users\harsi\Desktop\project\soc-empty_4\platform\radio\rail_lib\autogen\librail_release\librail_efr32xg1_gcc_release.a(timings.o)
                0x000140dc                TIMING_TxWarmTimeRecalculate
 .text.TIMING_TxWarmTimeSet
                0x00014110       0x18 C:\Users\harsi\Desktop\project\soc-empty_4\platform\radio\rail_lib\autogen\librail_release\librail_efr32xg1_gcc_release.a(timings.o)
                0x00014110                TIMING_TxWarmTimeSet
 .text.TIMING_RxToTxTimeRecalculate
                0x00014128       0x34 C:\Users\harsi\Desktop\project\soc-empty_4\platform\radio\rail_lib\autogen\librail_release\librail_efr32xg1_gcc_release.a(timings.o)
                0x00014128                TIMING_RxToTxTimeRecalculate
 .text.TIMING_RxFrameToTxTimeRecalculate
                0x0001415c       0x38 C:\Users\harsi\Desktop\project\soc-empty_4\platform\radio\rail_lib\autogen\librail_release\librail_efr32xg1_gcc_release.a(timings.o)
                0x0001415c                TIMING_RxFrameToTxTimeRecalculate
 .text.TIMING_RxFrameToTxTimeSet
                0x00014194       0x18 C:\Users\harsi\Desktop\project\soc-empty_4\platform\radio\rail_lib\autogen\librail_release\librail_efr32xg1_gcc_release.a(timings.o)
                0x00014194                TIMING_RxFrameToTxTimeSet
 .text.TIMING_TxToTxTimeRecalculate
                0x000141ac       0x24 C:\Users\harsi\Desktop\project\soc-empty_4\platform\radio\rail_lib\autogen\librail_release\librail_efr32xg1_gcc_release.a(timings.o)
                0x000141ac                TIMING_TxToTxTimeRecalculate
 .text.TIMING_TxToRxTimeRecalculate
                0x000141d0       0x24 C:\Users\harsi\Desktop\project\soc-empty_4\platform\radio\rail_lib\autogen\librail_release\librail_efr32xg1_gcc_release.a(timings.o)
                0x000141d0                TIMING_TxToRxTimeRecalculate
 .text.TIMING_TxToRxTimeSet
                0x000141f4       0x18 C:\Users\harsi\Desktop\project\soc-empty_4\platform\radio\rail_lib\autogen\librail_release\librail_efr32xg1_gcc_release.a(timings.o)
                0x000141f4                TIMING_TxToRxTimeSet
 .text.TIMING_RxWarmTimeRecalculate
                0x0001420c       0x20 C:\Users\harsi\Desktop\project\soc-empty_4\platform\radio\rail_lib\autogen\librail_release\librail_efr32xg1_gcc_release.a(timings.o)
                0x0001420c                TIMING_RxWarmTimeRecalculate
 .text.TIMING_RxWarmTimeSet
                0x0001422c       0x18 C:\Users\harsi\Desktop\project\soc-empty_4\platform\radio\rail_lib\autogen\librail_release\librail_efr32xg1_gcc_release.a(timings.o)
                0x0001422c                TIMING_RxWarmTimeSet
 .text.TIMING_RxSearchTimeRecalculate
                0x00014244       0x28 C:\Users\harsi\Desktop\project\soc-empty_4\platform\radio\rail_lib\autogen\librail_release\librail_efr32xg1_gcc_release.a(timings.o)
                0x00014244                TIMING_RxSearchTimeRecalculate
 .text.TIMING_RxSearchTimeSet
                0x0001426c       0x10 C:\Users\harsi\Desktop\project\soc-empty_4\platform\radio\rail_lib\autogen\librail_release\librail_efr32xg1_gcc_release.a(timings.o)
                0x0001426c                TIMING_RxSearchTimeSet
 .text.TIMING_TxToRxSearchTimeRecalculate
                0x0001427c       0x28 C:\Users\harsi\Desktop\project\soc-empty_4\platform\radio\rail_lib\autogen\librail_release\librail_efr32xg1_gcc_release.a(timings.o)
                0x0001427c                TIMING_TxToRxSearchTimeRecalculate
 .text.TIMING_TxToRxSearchTimeSet
                0x000142a4       0x10 C:\Users\harsi\Desktop\project\soc-empty_4\platform\radio\rail_lib\autogen\librail_release\librail_efr32xg1_gcc_release.a(timings.o)
                0x000142a4                TIMING_TxToRxSearchTimeSet
 .text.TIMING_RecalculateAll
                0x000142b4       0x3a C:\Users\harsi\Desktop\project\soc-empty_4\platform\radio\rail_lib\autogen\librail_release\librail_efr32xg1_gcc_release.a(timings.o)
                0x000142b4                TIMING_RecalculateAll
 .text.TIMING_RecalculatePaRampChanged
                0x000142ee       0x22 C:\Users\harsi\Desktop\project\soc-empty_4\platform\radio\rail_lib\autogen\librail_release\librail_efr32xg1_gcc_release.a(timings.o)
                0x000142ee                TIMING_RecalculatePaRampChanged
 .text.TIMING_SetChainDelays
                0x00014310        0x8 C:\Users\harsi\Desktop\project\soc-empty_4\platform\radio\rail_lib\autogen\librail_release\librail_efr32xg1_gcc_release.a(timings.o)
                0x00014310                TIMING_SetChainDelays
 .text.TIMING_SetRxDoneDelay
                0x00014318        0x6 C:\Users\harsi\Desktop\project\soc-empty_4\platform\radio\rail_lib\autogen\librail_release\librail_efr32xg1_gcc_release.a(timings.o)
                0x00014318                TIMING_SetRxDoneDelay
 .text.TIMING_CalcRxTimeStampUs
                0x0001431e       0x7a C:\Users\harsi\Desktop\project\soc-empty_4\platform\radio\rail_lib\autogen\librail_release\librail_efr32xg1_gcc_release.a(timings.o)
                0x0001431e                TIMING_CalcRxTimeStampUs
 .text.RFRAND_GetRadioEntropy
                0x00014398       0xf0 C:\Users\harsi\Desktop\project\soc-empty_4\platform\radio\rail_lib\autogen\librail_release\librail_efr32xg1_gcc_release.a(rf_rand.o)
                0x00014398                RFRAND_GetRadioEntropy
 .text.RFRAND_SeedProtimerRandom
                0x00014488       0x3c C:\Users\harsi\Desktop\project\soc-empty_4\platform\radio\rail_lib\autogen\librail_release\librail_efr32xg1_gcc_release.a(rf_rand.o)
                0x00014488                RFRAND_SeedProtimerRandom
 .text.RAIL_GetTxPowerCurve
                0x000144c4       0x14 C:\Users\harsi\Desktop\project\soc-empty_4\platform\radio\rail_lib\autogen\librail_release\librail_efr32xg1_gcc_release.a(pa_conversions_efr32.o)
                0x000144c4                RAIL_GetTxPowerCurve
 .text.RAIL_InitTxPowerCurves
                0x000144d8       0x2c C:\Users\harsi\Desktop\project\soc-empty_4\platform\radio\rail_lib\autogen\librail_release\librail_efr32xg1_gcc_release.a(pa_conversions_efr32.o)
                0x000144d8                RAIL_InitTxPowerCurves
 .text.RAIL_ConvertDbmToRaw
                0x00014504       0xe4 C:\Users\harsi\Desktop\project\soc-empty_4\platform\radio\rail_lib\autogen\librail_release\librail_efr32xg1_gcc_release.a(pa_conversions_efr32.o)
                0x00014504                RAIL_ConvertDbmToRaw
 .text.RAIL_ConvertRawToDbm
                0x000145e8       0xb4 C:\Users\harsi\Desktop\project\soc-empty_4\platform\radio\rail_lib\autogen\librail_release\librail_efr32xg1_gcc_release.a(pa_conversions_efr32.o)
                0x000145e8                RAIL_ConvertRawToDbm
 .text.GENERIC_PHY_ConfigureRollbackReporting
                0x0001469c       0x64 C:\Users\harsi\Desktop\project\soc-empty_4\platform\radio\rail_lib\autogen\librail_release\librail_efr32xg1_gcc_release.a(generic_phy.o)
 .text.GENERIC_PHY_ClearPendedRxWindowEnd
                0x00014700       0x1c C:\Users\harsi\Desktop\project\soc-empty_4\platform\radio\rail_lib\autogen\librail_release\librail_efr32xg1_gcc_release.a(generic_phy.o)
 .text.RADIO_RACRxAbort
                0x0001471c       0x3c C:\Users\harsi\Desktop\project\soc-empty_4\platform\radio\rail_lib\autogen\librail_release\librail_efr32xg1_gcc_release.a(generic_phy.o)
 .text.GENERIC_PHY_RxOverflowHook
                0x00014758       0x34 C:\Users\harsi\Desktop\project\soc-empty_4\platform\radio\rail_lib\autogen\librail_release\librail_efr32xg1_gcc_release.a(generic_phy.o)
 .text.GENERIC_PHY_DisableRadioIrqs
                0x0001478c       0x50 C:\Users\harsi\Desktop\project\soc-empty_4\platform\radio\rail_lib\autogen\librail_release\librail_efr32xg1_gcc_release.a(generic_phy.o)
 .text.GENERIC_PHY_CheckPendedRxWindowEnd
                0x000147dc       0x3c C:\Users\harsi\Desktop\project\soc-empty_4\platform\radio\rail_lib\autogen\librail_release\librail_efr32xg1_gcc_release.a(generic_phy.o)
 .text.GENERIC_PHY_ConfigureEvents
                0x00014818      0x35c C:\Users\harsi\Desktop\project\soc-empty_4\platform\radio\rail_lib\autogen\librail_release\librail_efr32xg1_gcc_release.a(generic_phy.o)
                0x00014818                GENERIC_PHY_ConfigureEvents
 .text.GENERIC_PHY_PacketTxCommon
                0x00014b74       0x3c C:\Users\harsi\Desktop\project\soc-empty_4\platform\radio\rail_lib\autogen\librail_release\librail_efr32xg1_gcc_release.a(generic_phy.o)
                0x00014b74                GENERIC_PHY_PacketTxCommon
 .text.GENERIC_PHY_PacketTx
                0x00014bb0       0x40 C:\Users\harsi\Desktop\project\soc-empty_4\platform\radio\rail_lib\autogen\librail_release\librail_efr32xg1_gcc_release.a(generic_phy.o)
                0x00014bb0                GENERIC_PHY_PacketTx
 .text.GENERIC_PHY_SchedulePacketRx
                0x00014bf0      0x10c C:\Users\harsi\Desktop\project\soc-empty_4\platform\radio\rail_lib\autogen\librail_release\librail_efr32xg1_gcc_release.a(generic_phy.o)
                0x00014bf0                GENERIC_PHY_SchedulePacketRx
 .text.GENERIC_PHY_SchedulePacketTx
                0x00014cfc       0x7c C:\Users\harsi\Desktop\project\soc-empty_4\platform\radio\rail_lib\autogen\librail_release\librail_efr32xg1_gcc_release.a(generic_phy.o)
                0x00014cfc                GENERIC_PHY_SchedulePacketTx
 .text.GENERIC_PHY_ChannelSet
                0x00014d78        0x6 C:\Users\harsi\Desktop\project\soc-empty_4\platform\radio\rail_lib\autogen\librail_release\librail_efr32xg1_gcc_release.a(generic_phy.o)
                0x00014d78                GENERIC_PHY_ChannelSet
 *fill*         0x00014d7e        0x2 
 .text.GENERIC_PHY_SeqAtomicLock
                0x00014d80       0x34 C:\Users\harsi\Desktop\project\soc-empty_4\platform\radio\rail_lib\autogen\librail_release\librail_efr32xg1_gcc_release.a(generic_phy.o)
                0x00014d80                GENERIC_PHY_SeqAtomicLock
 .text.GENERIC_PHY_PreviousTxTime
                0x00014db4        0xc C:\Users\harsi\Desktop\project\soc-empty_4\platform\radio\rail_lib\autogen\librail_release\librail_efr32xg1_gcc_release.a(generic_phy.o)
                0x00014db4                GENERIC_PHY_PreviousTxTime
 .text.GENERIC_PHY_RACConfig
                0x00014dc0       0x40 C:\Users\harsi\Desktop\project\soc-empty_4\platform\radio\rail_lib\autogen\librail_release\librail_efr32xg1_gcc_release.a(generic_phy.o)
                0x00014dc0                GENERIC_PHY_RACConfig
 .text.GENERIC_PHY_ResetRxFifo
                0x00014e00       0x30 C:\Users\harsi\Desktop\project\soc-empty_4\platform\radio\rail_lib\autogen\librail_release\librail_efr32xg1_gcc_release.a(generic_phy.o)
                0x00014e00                GENERIC_PHY_ResetRxFifo
 .text.GENERIC_PHY_RadioIdle
                0x00014e30      0x138 C:\Users\harsi\Desktop\project\soc-empty_4\platform\radio\rail_lib\autogen\librail_release\librail_efr32xg1_gcc_release.a(generic_phy.o)
                0x00014e30                GENERIC_PHY_RadioIdle
 .text.FRC_IRQHandler
                0x00014f68      0x448 C:\Users\harsi\Desktop\project\soc-empty_4\platform\radio\rail_lib\autogen\librail_release\librail_efr32xg1_gcc_release.a(generic_phy.o)
                0x00014f68                FRC_IRQHandler
 .text.FRC_PRI_IRQHandler
                0x000153b0        0x4 C:\Users\harsi\Desktop\project\soc-empty_4\platform\radio\rail_lib\autogen\librail_release\librail_efr32xg1_gcc_release.a(generic_phy.o)
                0x000153b0                FRC_PRI_IRQHandler
 .text.BUFC_IRQHandler
                0x000153b4        0x4 C:\Users\harsi\Desktop\project\soc-empty_4\platform\radio\rail_lib\autogen\librail_release\librail_efr32xg1_gcc_release.a(generic_phy.o)
                0x000153b4                BUFC_IRQHandler
 .text.PROTIMER_IRQHandler
                0x000153b8        0x4 C:\Users\harsi\Desktop\project\soc-empty_4\platform\radio\rail_lib\autogen\librail_release\librail_efr32xg1_gcc_release.a(generic_phy.o)
                0x000153b8                PROTIMER_IRQHandler
 .text.RAC_SEQ_IRQHandler
                0x000153bc        0x4 C:\Users\harsi\Desktop\project\soc-empty_4\platform\radio\rail_lib\autogen\librail_release\librail_efr32xg1_gcc_release.a(generic_phy.o)
                0x000153bc                RAC_SEQ_IRQHandler
 .text.RAILCb_RadioStateChanged
                0x000153c0       0x14 C:\Users\harsi\Desktop\project\soc-empty_4\platform\radio\rail_lib\autogen\librail_release\librail_efr32xg1_gcc_release.a(generic_phy.o)
                0x000153c0                RAILCb_RadioStateChanged
 .text.RAC_RSM_IRQHandler
                0x000153d4       0x48 C:\Users\harsi\Desktop\project\soc-empty_4\platform\radio\rail_lib\autogen\librail_release\librail_efr32xg1_gcc_release.a(generic_phy.o)
                0x000153d4                RAC_RSM_IRQHandler
 .text.MODEM_IRQHandler
                0x0001541c        0x4 C:\Users\harsi\Desktop\project\soc-empty_4\platform\radio\rail_lib\autogen\librail_release\librail_efr32xg1_gcc_release.a(generic_phy.o)
                0x0001541c                MODEM_IRQHandler
 .text.AGC_IRQHandler
                0x00015420       0x40 C:\Users\harsi\Desktop\project\soc-empty_4\platform\radio\rail_lib\autogen\librail_release\librail_efr32xg1_gcc_release.a(generic_phy.o)
                0x00015420                AGC_IRQHandler
 .text.SYNTH_IRQHandler
                0x00015460       0x10 C:\Users\harsi\Desktop\project\soc-empty_4\platform\radio\rail_lib\autogen\librail_release\librail_efr32xg1_gcc_release.a(generic_phy.o)
                0x00015460                SYNTH_IRQHandler
 .text.GENERIC_PHY_SetFeatures
                0x00015470       0x28 C:\Users\harsi\Desktop\project\soc-empty_4\platform\radio\rail_lib\autogen\librail_release\librail_efr32xg1_gcc_release.a(generic_phy.o)
                0x00015470                GENERIC_PHY_SetFeatures
 .text.GENERIC_PHY_IsFeatureEnabled
                0x00015498       0x14 C:\Users\harsi\Desktop\project\soc-empty_4\platform\radio\rail_lib\autogen\librail_release\librail_efr32xg1_gcc_release.a(generic_phy.o)
                0x00015498                GENERIC_PHY_IsFeatureEnabled
 .text.GENERIC_PHY_ConfigureFrameType
                0x000154ac       0x70 C:\Users\harsi\Desktop\project\soc-empty_4\platform\radio\rail_lib\autogen\librail_release\librail_efr32xg1_gcc_release.a(generic_phy.o)
                0x000154ac                GENERIC_PHY_ConfigureFrameType
 .text.GENERIC_PHY_ResetAddressFiltering
                0x0001551c       0x10 C:\Users\harsi\Desktop\project\soc-empty_4\platform\radio\rail_lib\autogen\librail_release\librail_efr32xg1_gcc_release.a(generic_phy.o)
                0x0001551c                GENERIC_PHY_ResetAddressFiltering
 .text.GENERIC_PHY_Init
                0x0001552c       0x74 C:\Users\harsi\Desktop\project\soc-empty_4\platform\radio\rail_lib\autogen\librail_release\librail_efr32xg1_gcc_release.a(generic_phy.o)
                0x0001552c                GENERIC_PHY_Init
 .text.GENERIC_PHY_IsEnabledIEEE802154
                0x000155a0       0x10 C:\Users\harsi\Desktop\project\soc-empty_4\platform\radio\rail_lib\autogen\librail_release\librail_efr32xg1_gcc_release.a(generic_phy.o)
                0x000155a0                GENERIC_PHY_IsEnabledIEEE802154
 .text.GENERIC_PHY_TimerStart
                0x000155b0        0xc C:\Users\harsi\Desktop\project\soc-empty_4\platform\radio\rail_lib\autogen\librail_release\librail_efr32xg1_gcc_release.a(generic_phy.o)
                0x000155b0                GENERIC_PHY_TimerStart
 .text.GENERIC_PHY_TimerStop
                0x000155bc        0x6 C:\Users\harsi\Desktop\project\soc-empty_4\platform\radio\rail_lib\autogen\librail_release\librail_efr32xg1_gcc_release.a(generic_phy.o)
                0x000155bc                GENERIC_PHY_TimerStop
 .text.CORTEX_UTILS_BitsetLowestSetBit
                0x000155c2       0x26 C:\Users\harsi\Desktop\project\soc-empty_4\platform\radio\rail_lib\autogen\librail_release\librail_efr32xg1_gcc_release.a(cortex_utils.o)
                0x000155c2                CORTEX_UTILS_BitsetLowestSetBit
 .text.register_message_handler