Archive member included because of file (symbol)

C:\Users\harsi\Desktop\project\soc-empty_2\platform\radio\rail_lib\autogen\librail_release\librail_efr32xg1_gcc_release.a(rail_pti.o)
                              ./pti.o (RAIL_ConfigPti)
C:\Users\harsi\Desktop\project\soc-empty_2\platform\radio\rail_lib\autogen\librail_release\librail_efr32xg1_gcc_release.a(rail_rf_hal.o)
                              C:\Users\harsi\Desktop\project\soc-empty_2\platform\radio\rail_lib\autogen\librail_release\librail_efr32xg1_gcc_release.a(rail_pti.o) (RFHAL_ConfigPti)
C:\Users\harsi\Desktop\project\soc-empty_2\platform\radio\rail_lib\autogen\librail_release\librail_efr32xg1_gcc_release.a(rail_singleprotocol.o)
                              C:\Users\harsi\Desktop\project\soc-empty_2\platform\radio\rail_lib\autogen\librail_release\librail_efr32xg1_gcc_release.a(rail_rf_hal.o) (RAIL_ActiveHandle)
C:\Users\harsi\Desktop\project\soc-empty_2\platform\radio\rail_lib\autogen\librail_release\librail_efr32xg1_gcc_release.a(rail_rf.o)
                              C:\Users\harsi\Desktop\project\soc-empty_2\platform\radio\rail_lib\autogen\librail_release\librail_efr32xg1_gcc_release.a(rail_singleprotocol.o) (RAILCore_Init)
C:\Users\harsi\Desktop\project\soc-empty_2\platform\radio\rail_lib\autogen\librail_release\librail_efr32xg1_gcc_release.a(rail_rx.o)
                              C:\Users\harsi\Desktop\project\soc-empty_2\platform\radio\rail_lib\autogen\librail_release\librail_efr32xg1_gcc_release.a(rail_rf_hal.o) (RAILCore_StartRx)
C:\Users\harsi\Desktop\project\soc-empty_2\platform\radio\rail_lib\autogen\librail_release\librail_efr32xg1_gcc_release.a(rail_tx.o)
                              C:\Users\harsi\Desktop\project\soc-empty_2\platform\radio\rail_lib\autogen\librail_release\librail_efr32xg1_gcc_release.a(rail_singleprotocol.o) (RAILCore_StartTx)
C:\Users\harsi\Desktop\project\soc-empty_2\platform\radio\rail_lib\autogen\librail_release\librail_efr32xg1_gcc_release.a(rail_calibration.o)
                              C:\Users\harsi\Desktop\project\soc-empty_2\platform\radio\rail_lib\autogen\librail_release\librail_efr32xg1_gcc_release.a(rail_rf_hal.o) (RAILInt_PendCal)
C:\Users\harsi\Desktop\project\soc-empty_2\platform\radio\rail_lib\autogen\librail_release\librail_efr32xg1_gcc_release.a(rail_assert.o)
                              C:\Users\harsi\Desktop\project\soc-empty_2\platform\radio\rail_lib\autogen\librail_release\librail_efr32xg1_gcc_release.a(rail_rf.o) (RAILInt_Assert)
C:\Users\harsi\Desktop\project\soc-empty_2\platform\radio\rail_lib\autogen\librail_release\librail_efr32xg1_gcc_release.a(rail_rssi.o)
                              C:\Users\harsi\Desktop\project\soc-empty_2\platform\radio\rail_lib\autogen\librail_release\librail_efr32xg1_gcc_release.a(rail_singleprotocol.o) (RAILCore_GetRssi)
C:\Users\harsi\Desktop\project\soc-empty_2\platform\radio\rail_lib\autogen\librail_release\librail_efr32xg1_gcc_release.a(bufc.o)
                              C:\Users\harsi\Desktop\project\soc-empty_2\platform\radio\rail_lib\autogen\librail_release\librail_efr32xg1_gcc_release.a(rail_rf_hal.o) (BUFC_SetTxBuffer)
C:\Users\harsi\Desktop\project\soc-empty_2\platform\radio\rail_lib\autogen\librail_release\librail_efr32xg1_gcc_release.a(ir_cal.o)
                              C:\Users\harsi\Desktop\project\soc-empty_2\platform\radio\rail_lib\autogen\librail_release\librail_efr32xg1_gcc_release.a(rail_rf_hal.o) (IRCAL_Set)
C:\Users\harsi\Desktop\project\soc-empty_2\platform\radio\rail_lib\autogen\librail_release\librail_efr32xg1_gcc_release.a(pa.o)
                              C:\Users\harsi\Desktop\project\soc-empty_2\platform\radio\rail_lib\autogen\librail_release\librail_efr32xg1_gcc_release.a(rail_rf_hal.o) (PA_GetTxPowerConfig)
C:\Users\harsi\Desktop\project\soc-empty_2\platform\radio\rail_lib\autogen\librail_release\librail_efr32xg1_gcc_release.a(protimer.o)
                              C:\Users\harsi\Desktop\project\soc-empty_2\platform\radio\rail_lib\autogen\librail_release\librail_efr32xg1_gcc_release.a(rail_rf_hal.o) (PROTIMER_Start)
C:\Users\harsi\Desktop\project\soc-empty_2\platform\radio\rail_lib\autogen\librail_release\librail_efr32xg1_gcc_release.a(pti.o)
                              C:\Users\harsi\Desktop\project\soc-empty_2\platform\radio\rail_lib\autogen\librail_release\librail_efr32xg1_gcc_release.a(rail_rf_hal.o) (PTI_Config)
C:\Users\harsi\Desktop\project\soc-empty_2\platform\radio\rail_lib\autogen\librail_release\librail_efr32xg1_gcc_release.a(antenna.o)
                              C:\Users\harsi\Desktop\project\soc-empty_2\platform\radio\rail_lib\autogen\librail_release\librail_efr32xg1_gcc_release.a(rail_rf_hal.o) (ANTENNA_Config)
C:\Users\harsi\Desktop\project\soc-empty_2\platform\radio\rail_lib\autogen\librail_release\librail_efr32xg1_gcc_release.a(radio.o)
[...]
Memory Configuration

Name             Origin             Length             Attributes
FLASH_BOOTLOADER 0x00000000         0x00004000         xr
FLASH            0x00004000         0x0003b000         xr
RAM              0x20000000         0x00007bfc         xrw
*default*        0x00000000         0xffffffff

Linker script and memory map

LOAD c:/siliconlabs/simplicitystudio/v4_2/developer/toolchains/gnu_arm/4.9_2015q3/bin/../lib/gcc/arm-none-eabi/4.9.3/armv7e-m/softfp/crti.o
LOAD c:/siliconlabs/simplicitystudio/v4_2/developer/toolchains/gnu_arm/4.9_2015q3/bin/../lib/gcc/arm-none-eabi/4.9.3/armv7e-m/softfp/crtbegin.o
LOAD c:/siliconlabs/simplicitystudio/v4_2/developer/toolchains/gnu_arm/4.9_2015q3/bin/../lib/gcc/arm-none-eabi/4.9.3/../../../../arm-none-eabi/lib/armv7e-m/softfp/crt0.o
START GROUP
LOAD ./application_properties.o
LOAD ./gatt_db.o
LOAD ./init_app.o
LOAD ./init_board.o
LOAD ./init_mcu.o
LOAD ./main.o
LOAD ./pti.o
LOAD ./hardware/kit/common/bsp/bsp_stk.o
LOAD ./hardware/kit/common/drivers/mx25flash_spi.o
LOAD ./lcd/bmp.o
LOAD ./lcd/display.o
LOAD ./lcd/displayls013b7dh03.o
LOAD ./lcd/displaypalemlib.o
LOAD ./lcd/dmd_display.o
LOAD ./lcd/glib.o
LOAD ./lcd/glib_bitmap.o
LOAD ./lcd/glib_circle.o
LOAD ./lcd/glib_font_narrow_6x8.o
LOAD ./lcd/glib_font_normal_8x8.o
LOAD ./lcd/glib_font_number_16x20.o
LOAD ./lcd/glib_line.o
LOAD ./lcd/glib_polygon.o
LOAD ./lcd/glib_rectangle.o
LOAD ./lcd/glib_string.o
LOAD ./lcd/graphics.o
LOAD ./lcd/udelay.o
LOAD ./platform/Device/SiliconLabs/EFR32BG1B/Source/GCC/startup_efr32bg1b.o
LOAD ./platform/Device/SiliconLabs/EFR32BG1B/Source/system_efr32bg1b.o
LOAD ./platform/emdrv/gpiointerrupt/gpiointerrupt.o
LOAD ./platform/emdrv/sleep/src/sleep.o
LOAD ./platform/emdrv/tempdrv/src/tempdrv.o
LOAD ./platform/emlib/src/em_cmu.o
LOAD ./platform/emlib/src/em_core.o
LOAD ./platform/emlib/src/em_cryotimer.o
LOAD ./platform/emlib/src/em_crypto.o
LOAD ./platform/emlib/src/em_emu.o
LOAD ./platform/emlib/src/em_gpio.o
LOAD ./platform/emlib/src/em_i2c.o
LOAD ./platform/emlib/src/em_msc.o
LOAD ./platform/emlib/src/em_rmu.o
LOAD ./platform/emlib/src/em_rtcc.o
LOAD ./platform/emlib/src/em_system.o
LOAD ./platform/emlib/src/em_usart.o
LOAD C:\Users\harsi\Desktop\project\soc-empty_2\protocol\bluetooth_2.7\lib\EFR32BG1B\GCC\libpsstore.a
LOAD C:\Users\harsi\Desktop\project\soc-empty_2\platform\radio\rail_lib\autogen\librail_release\librail_efr32xg1_gcc_release.a
LOAD C:\Users\harsi\Desktop\project\soc-empty_2\protocol\bluetooth_2.7\lib\EFR32BG1B\GCC\binapploader.o
LOAD C:\Users\harsi\Desktop\project\soc-empty_2\protocol\bluetooth_2.7\lib\EFR32BG1B\GCC\libbluetooth.a
LOAD C:\Users\harsi\Desktop\project\soc-empty_2\protocol\bluetooth_2.7\lib\EFR32BG1B\GCC\libmbedtls.a
LOAD c:/siliconlabs/simplicitystudio/v4_2/developer/toolchains/gnu_arm/4.9_2015q3/bin/../lib/gcc/arm-none-eabi/4.9.3/../../../../arm-none-eabi/lib/armv7e-m/softfp\libm.a
END GROUP
START GROUP
LOAD c:/siliconlabs/simplicitystudio/v4_2/developer/toolchains/gnu_arm/4.9_2015q3/bin/../lib/gcc/arm-none-eabi/4.9.3/armv7e-m/softfp\libgcc.a
LOAD c:/siliconlabs/simplicitystudio/v4_2/developer/toolchains/gnu_arm/4.9_2015q3/bin/../lib/gcc/arm-none-eabi/4.9.3/../../../../arm-none-eabi/lib/armv7e-m/softfp\libc_nano.a
LOAD c:/siliconlabs/simplicitystudio/v4_2/developer/toolchains/gnu_arm/4.9_2015q3/bin/../lib/gcc/arm-none-eabi/4.9.3/../../../../arm-none-eabi/lib/armv7e-m/softfp\libnosys.a
END GROUP
START GROUP
LOAD c:/siliconlabs/simplicitystudio/v4_2/developer/toolchains/gnu_arm/4.9_2015q3/bin/../lib/gcc/arm-none-eabi/4.9.3/armv7e-m/softfp\libgcc.a
LOAD c:/siliconlabs/simplicitystudio/v4_2/developer/toolchains/gnu_arm/4.9_2015q3/bin/../lib/gcc/arm-none-eabi/4.9.3/../../../../arm-none-eabi/lib/armv7e-m/softfp\libg_nano.a
LOAD c:/siliconlabs/simplicitystudio/v4_2/developer/toolchains/gnu_arm/4.9_2015q3/bin/../lib/gcc/arm-none-eabi/4.9.3/../../../../arm-none-eabi/lib/armv7e-m/softfp\libc_nano.a
END GROUP
START GROUP
LOAD c:/siliconlabs/simplicitystudio/v4_2/developer/toolchains/gnu_arm/4.9_2015q3/bin/../lib/gcc/arm-none-eabi/4.9.3/armv7e-m/softfp\libgcc.a
LOAD c:/siliconlabs/simplicitystudio/v4_2/developer/toolchains/gnu_arm/4.9_2015q3/bin/../lib/gcc/arm-none-eabi/4.9.3/../../../../arm-none-eabi/lib/armv7e-m/softfp\libc_nano.a
END GROUP
LOAD c:/siliconlabs/simplicitystudio/v4_2/developer/toolchains/gnu_arm/4.9_2015q3/bin/../lib/gcc/arm-none-eabi/4.9.3/armv7e-m/softfp/crtend.o
LOAD c:/siliconlabs/simplicitystudio/v4_2/developer/toolchains/gnu_arm/4.9_2015q3/bin/../lib/gcc/arm-none-eabi/4.9.3/armv7e-m/softfp/crtn.o

.text_bootloader
                0x00000000        0x0
 *(.binbootloader*)
                0x00000000                . = ALIGN (0x4000)

.text_apploader
                0x00004000     0x8fc0
 *(.binapploader*)
 .binapploader  0x00004000     0x8fc0 C:\Users\harsi\Desktop\project\soc-empty_2\protocol\bluetooth_2.7\lib\EFR32BG1B\GCC\binapploader.o

.text_signature
                0x0000cfc0       0x40
                0x0000d000                . = ALIGN (0x800)
 *fill*         0x0000cfc0       0x40 
                0x0000d000                __text_start__ = .

.text_application
                0x0000d000    0x222bc
 *(.vectors)
 .vectors       0x0000d000       0xc8 ./platform/Device/SiliconLabs/EFR32BG1B/Source/GCC/startup_efr32bg1b.o
                0x0000d000                __Vectors
                0x0000d0c8                __Vectors_End = .
                0x000000c8                __Vectors_Size = (__Vectors_End - __Vectors)
                0x0000d0c8                __end__ = .
 *(.application_properties)
 .application_properties
                0x0000d0c8       0x38 ./application_properties.o
                0x0000d0c8                applicationProperties
 *(.gecko_configuration)
 *(.xo_configuration)
 *(.gatt_header)
 .gatt_header   0x0000d100       0x34 ./gatt_db.o
                0x0000d100                bg_gattdb_data
 *(.gatt_data)
 .gatt_data     0x0000d134      0x314 ./gatt_db.o
                0x0000d134                bg_gattdb_data_uuidtable_16_map
                0x0000d150                bg_gattdb_data_uuidtable_128_map
                0x0000d1b0                bg_gattdb_data_attribute_field_27
                0x0000d1b8                bg_gattdb_data_attribute_field_26
                0x0000d1d0                bg_gattdb_data_attribute_field_24
                0x0000d1d8                bg_gattdb_data_attribute_field_23
                0x0000d1f0                bg_gattdb_data_attribute_field_21
                0x0000d1f8                bg_gattdb_data_attribute_field_20
                0x0000d210                bg_gattdb_data_attribute_field_19
                0x0000d224                bg_gattdb_data_attribute_field_18
                0x0000d22c                bg_gattdb_data_attribute_field_17
                0x0000d244                bg_gattdb_data_attribute_field_16
                0x0000d258                bg_gattdb_data_attribute_field_15
                0x0000d260                bg_gattdb_data_attribute_field_14
                0x0000d268                bg_gattdb_data_attribute_field_13
                0x0000d274                bg_gattdb_data_attribute_field_12
                0x0000d27c                bg_gattdb_data_attribute_field_11
                0x0000d28c                bg_gattdb_data_attribute_field_10
                0x0000d294                bg_gattdb_data_attribute_field_9
                0x0000d298                bg_gattdb_data_attribute_field_8
                0x0000d29c                bg_gattdb_data_attribute_field_7
                0x0000d2a4                bg_gattdb_data_attribute_field_6
                0x0000d2ac                bg_gattdb_data_attribute_field_5
                0x0000d2b4                bg_gattdb_data_attribute_field_4
                0x0000d2b8                bg_gattdb_data_attribute_field_2
                0x0000d2c0                bg_gattdb_data_attribute_field_1
                0x0000d2c8                bg_gattdb_data_attribute_field_0
                0x0000d2cc                bg_gattdb_data_attributes_map
                0x0000d428                bg_gattdb_data_attributes_dynamic_mapping_map
                0x0000d434                bg_gattdb_data_adv_uuid16_map
                0x0000d438                bg_gattdb_data_adv_uuid128_map
 *(.text*)
 .text          0x0000d448       0x5c c:/siliconlabs/simplicitystudio/v4_2/developer/toolchains/gnu_arm/4.9_2015q3/bin/../lib/gcc/arm-none-eabi/4.9.3/armv7e-m/softfp/crtbegin.o
 .text          0x0000d4a4       0x74 c:/siliconlabs/simplicitystudio/v4_2/developer/toolchains/gnu_arm/4.9_2015q3/bin/../lib/gcc/arm-none-eabi/4.9.3/../../../../arm-none-eabi/lib/armv7e-m/softfp/crt0.o
                0x0000d4a4                _start
                0x0000d4a4                _mainCRTStartup
 .text.initApp  0x0000d518       0x30 ./init_app.o
                0x0000d518                initApp
 .text.initBoard
                0x0000d548       0x48 ./init_board.o
                0x0000d548                initBoard
 .text.BUS_RegBitWrite
                0x0000d590       0x2c ./init_mcu.o
 .text.SYSTEM_GetProdRev
                0x0000d5bc       0x1c ./init_mcu.o
 .text.CHIP_Init
                0x0000d5d8       0xb4 ./init_mcu.o
 .text.initMcu  0x0000d68c       0x70 ./init_mcu.o
                0x0000d68c                initMcu
 .text.initMcu_clocks
                0x0000d6fc       0xa4 ./init_mcu.o
 .text.gecko_initCoexHAL
                0x0000d7a0        0xc ./main.o
 .text.gecko_init
                0x0000d7ac       0x48 ./main.o
 .text.gecko_cmd_system_reset
                0x0000d7f4       0x44 ./main.o
 .text.gecko_cmd_le_gap_set_mode
                0x0000d838       0x5c ./main.o
 .text.gecko_cmd_le_gap_set_adv_parameters
                0x0000d894       0x64 ./main.o
 .text.gecko_cmd_gatt_server_send_user_write_response
                0x0000d8f8       0x68 ./main.o
 .text.gecko_cmd_gatt_server_send_characteristic_notification
                0x0000d960       0x98 ./main.o
 .text.gecko_cmd_endpoint_close
                0x0000d9f8       0x50 ./main.o
 .text.gecko_cmd_hardware_set_soft_timer
                0x0000da48       0x64 ./main.o
 .text.spi_init
                0x0000daac       0xb4 ./main.o
                0x0000daac                spi_init
 .text.BMA280_RegisterRead
                0x0000db60       0x58 ./main.o
                0x0000db60                BMA280_RegisterRead
 .text.accelerationMeasure
                0x0000dbb8       0x74 ./main.o
                0x0000dbb8                accelerationMeasure
 .text.main     0x0000dc2c       0xfc ./main.o
                0x0000dc2c                main
 .text.configEnablePti
                0x0000dd28       0x48 ./pti.o
                0x0000dd28                configEnablePti
 .text.BUS_RegMaskedSet
                0x0000dd70       0x24 ./hardware/kit/common/drivers/mx25flash_spi.o
 .text.BUS_RegMaskedClear
                0x0000dd94       0x24 ./hardware/kit/common/drivers/mx25flash_spi.o
 .text.GPIO_PinOutClear
                0x0000ddb8       0x58 ./hardware/kit/common/drivers/mx25flash_spi.o
 .text.GPIO_PinOutSet
                0x0000de10       0x58 ./hardware/kit/common/drivers/mx25flash_spi.o
 .text.MX25_init
                0x0000de68       0x98 ./hardware/kit/common/drivers/mx25flash_spi.o
                0x0000de68                MX25_init
 .text.Wait_Flash_WarmUp
                0x0000df00       0x24 ./hardware/kit/common/drivers/mx25flash_spi.o
                0x0000df00                Wait_Flash_WarmUp
 .text.Initial_Spi
                0x0000df24        0xc ./hardware/kit/common/drivers/mx25flash_spi.o
                0x0000df24                Initial_Spi
 .text.CS_Low   0x0000df30       0x10 ./hardware/kit/common/drivers/mx25flash_spi.o
                0x0000df30                CS_Low
 .text.CS_High  0x0000df40       0x10 ./hardware/kit/common/drivers/mx25flash_spi.o
                0x0000df40                CS_High
 .text.InsertDummyCycle
                0x0000df50       0x38 ./hardware/kit/common/drivers/mx25flash_spi.o
                0x0000df50                InsertDummyCycle
 .text.SendByte
                0x0000df88       0x3c ./hardware/kit/common/drivers/mx25flash_spi.o
                0x0000df88                SendByte
 .text.MX25_DP  0x0000dfc4       0x34 ./hardware/kit/common/drivers/mx25flash_spi.o
                0x0000dfc4                MX25_DP
 .text.DISPLAY_Init
                0x0000dff8       0x54 ./lcd/display.o
                0x0000dff8                DISPLAY_Init
 .text.DISPLAY_DeviceGet
                0x0000e04c       0x60 ./lcd/display.o
                0x0000e04c                DISPLAY_DeviceGet
 .text.DISPLAY_DeviceRegister
                0x0000e0ac       0x6c ./lcd/display.o
                0x0000e0ac                DISPLAY_DeviceRegister
 .text.DISPLAY_Ls013b7dh03Init
                0x0000e118       0xd0 ./lcd/displayls013b7dh03.o
                0x0000e118                DISPLAY_Ls013b7dh03Init
 .text.DriverRefresh
                0x0000e1e8       0x20 ./lcd/displayls013b7dh03.o
 .text.DisplayEnable
                0x0000e208       0x30 ./lcd/displayls013b7dh03.o
 .text.DisplayClear
                0x0000e238       0x48 ./lcd/displayls013b7dh03.o
 .text.DisplayPolarityInverse
                0x0000e280       0x10 ./lcd/displayls013b7dh03.o
 .text.PixelMatrixAllocate
                0x0000e290       0x70 ./lcd/displayls013b7dh03.o
 .text.PixelMatrixFree
                0x0000e300       0x1c ./lcd/displayls013b7dh03.o
 .text.PixelMatrixClear
                0x0000e31c       0x40 ./lcd/displayls013b7dh03.o
 .text.PixelMatrixDraw
                0x0000e35c       0xb8 ./lcd/displayls013b7dh03.o
 .text.BUS_RegMaskedSet
                0x0000e414       0x24 ./lcd/displaypalemlib.o
 .text.BUS_RegMaskedClear
                0x0000e438       0x24 ./lcd/displaypalemlib.o
 .text.GPIO_PinOutClear
                0x0000e45c       0x58 ./lcd/displaypalemlib.o
 .text.GPIO_PinOutSet
                0x0000e4b4       0x58 ./lcd/displaypalemlib.o
 .text.PAL_SpiInit
                0x0000e50c       0x64 ./lcd/displaypalemlib.o
                0x0000e50c                PAL_SpiInit
 .text.PAL_SpiTransmit
                0x0000e570       0x74 ./lcd/displaypalemlib.o
                0x0000e570                PAL_SpiTransmit
 .text.PAL_TimerInit
                0x0000e5e4       0x18 ./lcd/displaypalemlib.o
                0x0000e5e4                PAL_TimerInit
 .text.PAL_TimerMicroSecondsDelay
                0x0000e5fc       0x1c ./lcd/displaypalemlib.o
                0x0000e5fc                PAL_TimerMicroSecondsDelay
 .text.PAL_TimerRepeat
                0x0000e618       0x30 ./lcd/displaypalemlib.o
                0x0000e618                PAL_TimerRepeat
 .text.PAL_GpioInit
                0x0000e648       0x20 ./lcd/displaypalemlib.o
                0x0000e648                PAL_GpioInit
 .text.PAL_GpioPinModeSet
                0x0000e668       0x44 ./lcd/displaypalemlib.o
                0x0000e668                PAL_GpioPinModeSet
 .text.PAL_GpioPinOutSet
                0x0000e6ac       0x24 ./lcd/displaypalemlib.o
                0x0000e6ac                PAL_GpioPinOutSet
 .text.PAL_GpioPinOutClear
                0x0000e6d0       0x24 ./lcd/displaypalemlib.o
                0x0000e6d0                PAL_GpioPinOutClear
 .text.DMD_init
                0x0000e6f4       0xc8 ./lcd/dmd_display.o
                0x0000e6f4                DMD_init
 .text.DMD_getDisplayGeometry
                0x0000e7bc       0x38 ./lcd/dmd_display.o
                0x0000e7bc                DMD_getDisplayGeometry
 .text.DMD_setClippingArea
                0x0000e7f4       0x8c ./lcd/dmd_display.o
                0x0000e7f4                DMD_setClippingArea
 .text.DMD_writeColor
                0x0000e880      0x2b4 ./lcd/dmd_display.o
                0x0000e880                DMD_writeColor
 .text.DMD_allocateFramebuffer
                0x0000eb34       0x54 ./lcd/dmd_display.o
                0x0000eb34                DMD_allocateFramebuffer
 .text.DMD_updateDisplay
                0x0000eb88      0x114 ./lcd/dmd_display.o
                0x0000eb88                DMD_updateDisplay
 .text.GLIB_colorTranslate24bppInl
                0x0000ec9c       0x34 ./lcd/glib.o
 .text.GLIB_contextInit
                0x0000ecd0       0x84 ./lcd/glib.o
                0x0000ecd0                GLIB_contextInit
 .text.GLIB_setClippingRegion
                0x0000ed54       0xa4 ./lcd/glib.o
                0x0000ed54                GLIB_setClippingRegion
 .text.GLIB_clear
                0x0000edf8       0x70 ./lcd/glib.o
                0x0000edf8                GLIB_clear
 .text.GLIB_resetDisplayClippingArea
                0x0000ee68       0x30 ./lcd/glib.o
                0x0000ee68                GLIB_resetDisplayClippingArea
 .text.GLIB_applyClippingRegion
                0x0000ee98       0x58 ./lcd/glib.o
                0x0000ee98                GLIB_applyClippingRegion
 .text.GLIB_colorTranslate24bpp
                0x0000eef0       0x20 ./lcd/glib.o
                0x0000eef0                GLIB_colorTranslate24bpp
 .text.GLIB_drawPixel
                0x0000ef10       0x6c ./lcd/glib.o
                0x0000ef10                GLIB_drawPixel
 .text.GLIB_drawPixelColor
                0x0000ef7c       0x6c ./lcd/glib.o
                0x0000ef7c                GLIB_drawPixelColor
 .text.GLIB_rectContainsPoint
                0x0000efe8       0x4c ./lcd/glib_rectangle.o
                0x0000efe8                GLIB_rectContainsPoint
 .text.GLIB_drawChar
                0x0000f034      0x1d8 ./lcd/glib_string.o
                0x0000f034                GLIB_drawChar
 .text.GLIB_drawString
                0x0000f20c       0xd0 ./lcd/glib_string.o
                0x0000f20c                GLIB_drawString
 .text.GLIB_setFont
                0x0000f2dc       0x44 ./lcd/glib_string.o
                0x0000f2dc                GLIB_setFont
 .text.GRAPHICS_Init
                0x0000f320       0x58 ./lcd/graphics.o
                0x0000f320                GRAPHICS_Init
 .text.GRAPHICS_Update
                0x0000f378        0xc ./lcd/graphics.o
                0x0000f378                GRAPHICS_Update
 .text.GRAPHICS_Clear
                0x0000f384       0x24 ./lcd/graphics.o
                0x0000f384                GRAPHICS_Clear
 .text.GRAPHICS_AppendString
                0x0000f3a8       0x58 ./lcd/graphics.o
                0x0000f3a8                GRAPHICS_AppendString
 .text.rtcIntCallbackRegister
                0x0000f400       0x1c ./lcd/graphics.o
                0x0000f400                rtcIntCallbackRegister
 .text.NVIC_ClearPendingIRQ
                0x0000f41c       0x34 ./lcd/udelay.o
 .text.RTCC_CounterGet
                0x0000f450       0x18 ./lcd/udelay.o
 .text.UDELAY_Calibrate
                0x0000f468      0x190 ./lcd/udelay.o
                0x0000f468                UDELAY_Calibrate
 .text.UDELAY_Delay
                0x0000f5f8       0x38 ./lcd/udelay.o
                0x0000f5f8                UDELAY_Delay
 .text.calibrate_delay
                0x0000f630       0xd8 ./lcd/udelay.o
 .text.clock    0x0000f708       0x10 ./lcd/udelay.o
 .text._delay   0x0000f718       0x18 ./lcd/udelay.o
 .text.Reset_Handler
                0x0000f730       0x3c ./platform/Device/SiliconLabs/EFR32BG1B/Source/GCC/startup_efr32bg1b.o
                0x0000f730                Reset_Handler
 .text.Default_Handler
                0x0000f76c        0x8 ./platform/Device/SiliconLabs/EFR32BG1B/Source/GCC/startup_efr32bg1b.o
                0x0000f76c                DebugMon_Handler
                0x0000f76c                USART0_TX_IRQHandler
                0x0000f76c                I2C0_IRQHandler
                0x0000f76c                HardFault_Handler
                0x0000f76c                SysTick_Handler
                0x0000f76c                USART1_RX_IRQHandler
                0x0000f76c                PendSV_Handler
                0x0000f76c                NMI_Handler
                0x0000f76c                WDOG0_IRQHandler
                0x0000f76c                USART1_TX_IRQHandler
                0x0000f76c                MSC_IRQHandler
                0x0000f76c                ADC0_IRQHandler
                0x0000f76c                UsageFault_Handler
                0x0000f76c                LEUART0_IRQHandler
                0x0000f76c                FPUEH_IRQHandler
                0x0000f76c                LDMA_IRQHandler
                0x0000f76c                TIMER0_IRQHandler
                0x0000f76c                LETIMER0_IRQHandler
                0x0000f76c                TIMER1_IRQHandler
                0x0000f76c                Default_Handler
                0x0000f76c                CRYOTIMER_IRQHandler
                0x0000f76c                PCNT0_IRQHandler
                0x0000f76c                ACMP0_IRQHandler
                0x0000f76c                USART0_RX_IRQHandler
                0x0000f76c                MemManage_Handler
                0x0000f76c                SVC_Handler
                0x0000f76c                RTCC_IRQHandler
                0x0000f76c                CRYPTO_IRQHandler
                0x0000f76c                CMU_IRQHandler
                0x0000f76c                BusFault_Handler
                0x0000f76c                IDAC0_IRQHandler
 .text.SystemCoreClockGet
                0x0000f774       0x44 ./platform/Device/SiliconLabs/EFR32BG1B/Source/system_efr32bg1b.o
                0x0000f774                SystemCoreClockGet
 .text.SystemMaxCoreClockGet
                0x0000f7b8       0x14 ./platform/Device/SiliconLabs/EFR32BG1B/Source/system_efr32bg1b.o
                0x0000f7b8                SystemMaxCoreClockGet
 .text.SystemHFClockGet
                0x0000f7cc       0x70 ./platform/Device/SiliconLabs/EFR32BG1B/Source/system_efr32bg1b.o
                0x0000f7cc                SystemHFClockGet
 .text.SystemHFXOClockGet
                0x0000f83c       0x18 ./platform/Device/SiliconLabs/EFR32BG1B/Source/system_efr32bg1b.o
                0x0000f83c                SystemHFXOClockGet
 .text.SystemHFXOClockSet
                0x0000f854       0x30 ./platform/Device/SiliconLabs/EFR32BG1B/Source/system_efr32bg1b.o
                0x0000f854                SystemHFXOClockSet
 .text.SystemInit
                0x0000f884       0x5c ./platform/Device/SiliconLabs/EFR32BG1B/Source/system_efr32bg1b.o
                0x0000f884                SystemInit
 .text.SystemLFRCOClockGet
                0x0000f8e0       0x14 ./platform/Device/SiliconLabs/EFR32BG1B/Source/system_efr32bg1b.o
                0x0000f8e0                SystemLFRCOClockGet
 .text.SystemULFRCOClockGet
                0x0000f8f4       0x14 ./platform/Device/SiliconLabs/EFR32BG1B/Source/system_efr32bg1b.o
                0x0000f8f4                SystemULFRCOClockGet
 .text.SystemLFXOClockGet
                0x0000f908       0x18 ./platform/Device/SiliconLabs/EFR32BG1B/Source/system_efr32bg1b.o
                0x0000f908                SystemLFXOClockGet
 .text.SystemLFXOClockSet
                0x0000f920       0x30 ./platform/Device/SiliconLabs/EFR32BG1B/Source/system_efr32bg1b.o
                0x0000f920                SystemLFXOClockSet
 .text.GPIO_IntClear
                0x0000f950       0x20 ./platform/emdrv/gpiointerrupt/gpiointerrupt.o
 .text.GPIO_IntGetEnabled
                0x0000f970       0x28 ./platform/emdrv/gpiointerrupt/gpiointerrupt.o
 .text.SL_CTZ   0x0000f998       0x28 ./platform/emdrv/gpiointerrupt/gpiointerrupt.o
 .text.GPIOINT_IRQDispatcher
                0x0000f9c0       0x50 ./platform/emdrv/gpiointerrupt/gpiointerrupt.o
 .text.GPIO_EVEN_IRQHandler
                0x0000fa10       0x28 ./platform/emdrv/gpiointerrupt/gpiointerrupt.o
                0x0000fa10                GPIO_EVEN_IRQHandler
 .text.GPIO_ODD_IRQHandler
                0x0000fa38       0x28 ./platform/emdrv/gpiointerrupt/gpiointerrupt.o
                0x0000fa38                GPIO_ODD_IRQHandler
 .text.BUS_RegBitWrite
                0x0000fa60       0x2c ./platform/emdrv/sleep/src/sleep.o
 .text.EMU_EnterEM1
                0x0000fa8c       0x20 ./platform/emdrv/sleep/src/sleep.o
 .text.EMU_EM2Block
                0x0000faac       0x14 ./platform/emdrv/sleep/src/sleep.o
 .text.EMU_EM2UnBlock
                0x0000fac0       0x14 ./platform/emdrv/sleep/src/sleep.o
 .text.sleepCallbackWrapper
                0x0000fad4       0x2c ./platform/emdrv/sleep/src/sleep.o
 .text.SLEEP_Init
                0x0000fb00       0x60 ./platform/emdrv/sleep/src/sleep.o
                0x0000fb00                SLEEP_Init
 .text.SLEEP_Sleep
                0x0000fb60       0x90 ./platform/emdrv/sleep/src/sleep.o
                0x0000fb60                SLEEP_Sleep
 .text.SLEEP_SleepBlockBegin
                0x0000fbf0       0x48 ./platform/emdrv/sleep/src/sleep.o
                0x0000fbf0                SLEEP_SleepBlockBegin
 .text.SLEEP_SleepBlockEnd
                0x0000fc38       0x58 ./platform/emdrv/sleep/src/sleep.o
                0x0000fc38                SLEEP_SleepBlockEnd
 .text.SLEEP_LowestEnergyModeGet
                0x0000fc90       0x40 ./platform/emdrv/sleep/src/sleep.o
                0x0000fc90                SLEEP_LowestEnergyModeGet
 .text.enterEMx
                0x0000fcd0       0xa0 ./platform/emdrv/sleep/src/sleep.o
 .text.NVIC_EnableIRQ
                0x0000fd70       0x30 ./platform/emdrv/tempdrv/src/tempdrv.o
 .text.NVIC_ClearPendingIRQ
                0x0000fda0       0x34 ./platform/emdrv/tempdrv/src/tempdrv.o
 .text.EMU_IntClear
                0x0000fdd4       0x1c ./platform/emdrv/tempdrv/src/tempdrv.o
 .text.EMU_IntDisable
                0x0000fdf0       0x24 ./platform/emdrv/tempdrv/src/tempdrv.o
 .text.EMU_IntEnable
                0x0000fe14       0x24 ./platform/emdrv/tempdrv/src/tempdrv.o
 .text.EMU_IntGetEnabled
                0x0000fe38       0x24 ./platform/emdrv/tempdrv/src/tempdrv.o
 .text.EMU_IRQHandler
                0x0000fe5c        0xc ./platform/emdrv/tempdrv/src/tempdrv.o
                0x0000fe5c                EMU_IRQHandler
 .text.TEMPDRV_IRQHandler
                0x0000fe68       0xa0 ./platform/emdrv/tempdrv/src/tempdrv.o
                0x0000fe68                TEMPDRV_IRQHandler
 .text.errataCallback
                0x0000ff08       0x20 ./platform/emdrv/tempdrv/src/tempdrv.o
 .text.errataStateUpdate
                0x0000ff28       0xbc ./platform/emdrv/tempdrv/src/tempdrv.o
 .text.errataInit
                0x0000ffe4       0x8c ./platform/emdrv/tempdrv/src/tempdrv.o
 .text.convertToTemp
                0x00010070       0x58 ./platform/emdrv/tempdrv/src/tempdrv.o
 .text.convertToEmu
                0x000100c8       0x48 ./platform/emdrv/tempdrv/src/tempdrv.o
 .text.disableInterrupts
                0x00010110       0x18 ./platform/emdrv/tempdrv/src/tempdrv.o
 .text.updateInterrupts
                0x00010128      0x140 ./platform/emdrv/tempdrv/src/tempdrv.o
 .text.TEMPDRV_Init
                0x00010268       0xd4 ./platform/emdrv/tempdrv/src/tempdrv.o
                0x00010268                TEMPDRV_Init
 .text.TEMPDRV_GetTemp
                0x0001033c       0x1c ./platform/emdrv/tempdrv/src/tempdrv.o
                0x0001033c                TEMPDRV_GetTemp
 .text.BUS_RegBitWrite
                0x00010358       0x2c ./platform/emlib/src/em_cmu.o
 .text.BUS_RegBitRead
                0x00010384       0x2c ./platform/emlib/src/em_cmu.o
 .text.BUS_RegMaskedSet
                0x000103b0       0x24 ./platform/emlib/src/em_cmu.o
 .text.BUS_RegMaskedClear
                0x000103d4       0x24 ./platform/emlib/src/em_cmu.o
 .text.BUS_RegMaskedWrite
                0x000103f8       0x24 ./platform/emlib/src/em_cmu.o
 .text.CMU_Log2ToDiv
                0x0001041c       0x1c ./platform/emlib/src/em_cmu.o
 .text.CMU_PrescToLog2
                0x00010438       0x28 ./platform/emlib/src/em_cmu.o
 .text.setHfLeConfig
                0x00010460       0x64 ./platform/emlib/src/em_cmu.o
 .text.auxClkGet
                0x000104c4       0x20 ./platform/emlib/src/em_cmu.o
 .text.hfSrcClkGet
                0x000104e4       0x2c ./platform/emlib/src/em_cmu.o
 .text.dbgClkGet
                0x00010510       0x40 ./platform/emlib/src/em_cmu.o
 .text.adcAsyncClkGet
                0x00010550       0x80 ./platform/emlib/src/em_cmu.o
 .text.flashWaitStateControl
                0x000105d0       0x7c ./platform/emlib/src/em_cmu.o
 .text.flashWaitStateMax
                0x0001064c       0x14 ./platform/emlib/src/em_cmu.o
 .text.CMU_UpdateWaitStates
                0x00010660       0x18 ./platform/emlib/src/em_cmu.o
                0x00010660                CMU_UpdateWaitStates
 .text.getRegIshUpperVal
                0x00010678       0x38 ./platform/emlib/src/em_cmu.o
 .text.getHfxoTuningMode
                0x000106b0       0x1c ./platform/emlib/src/em_cmu.o
 .text.setHfxoTuningMode
                0x000106cc       0x28 ./platform/emlib/src/em_cmu.o
 .text.lfClkGet
                0x000106f4       0xf4 ./platform/emlib/src/em_cmu.o
 .text.syncReg  0x000107e8       0x38 ./platform/emlib/src/em_cmu.o
 .text.CMU_ClockDivGet
                0x00010820       0x1c ./platform/emlib/src/em_cmu.o
                0x00010820                CMU_ClockDivGet
 .text.CMU_ClockDivSet
                0x0001083c       0x1c ./platform/emlib/src/em_cmu.o
                0x0001083c                CMU_ClockDivSet
 .text.CMU_ClockEnable
                0x00010858       0xcc ./platform/emlib/src/em_cmu.o
                0x00010858                CMU_ClockEnable
 .text.CMU_ClockFreqGet
                0x00010924      0x198 ./platform/emlib/src/em_cmu.o
                0x00010924                CMU_ClockFreqGet
 .text.CMU_ClockPrescGet
                0x00010abc      0x120 ./platform/emlib/src/em_cmu.o
                0x00010abc                CMU_ClockPrescGet
 .text.CMU_ClockPrescSet
                0x00010bdc      0x1e0 ./platform/emlib/src/em_cmu.o
                0x00010bdc                CMU_ClockPrescSet
 .text.CMU_ClockSelectGet
                0x00010dbc      0x19c ./platform/emlib/src/em_cmu.o
                0x00010dbc                CMU_ClockSelectGet
 .text.CMU_ClockSelectSet
                0x00010f58      0x260 ./platform/emlib/src/em_cmu.o
                0x00010f58                CMU_ClockSelectSet
 .text.CMU_HFXOAutostartEnable
                0x000111b8       0x7c ./platform/emlib/src/em_cmu.o
                0x000111b8                CMU_HFXOAutostartEnable
 .text.CMU_HFXOInit
                0x00011234       0xf4 ./platform/emlib/src/em_cmu.o
                0x00011234                CMU_HFXOInit
 .text.CMU_LFXOInit
                0x00011328       0x50 ./platform/emlib/src/em_cmu.o
                0x00011328                CMU_LFXOInit
 .text.CMU_OscillatorEnable
                0x00011378      0x174 ./platform/emlib/src/em_cmu.o
                0x00011378                CMU_OscillatorEnable
 .text.CMU_OscillatorTuningGet
                0x000114ec       0x74 ./platform/emlib/src/em_cmu.o
                0x000114ec                CMU_OscillatorTuningGet
 .text.CMU_OscillatorTuningSet
                0x00011560      0x100 ./platform/emlib/src/em_cmu.o
                0x00011560                CMU_OscillatorTuningSet
 .text.CMU_OscillatorTuningWait
                0x00011660       0x94 ./platform/emlib/src/em_cmu.o
                0x00011660                CMU_OscillatorTuningWait
 .text.CMU_OscillatorTuningOptimize
                0x000116f4       0x58 ./platform/emlib/src/em_cmu.o
                0x000116f4                CMU_OscillatorTuningOptimize
 .text.CORE_EnterCritical
                0x0001174c       0x20 ./platform/emlib/src/em_core.o
                0x0001174c                CORE_EnterCritical
 .text.CORE_ExitCritical
                0x0001176c       0x1c ./platform/emlib/src/em_core.o
                0x0001176c                CORE_ExitCritical
 .text.CORE_EnterAtomic
                0x00011788       0x20 ./platform/emlib/src/em_core.o
                0x00011788                CORE_EnterAtomic
 .text.CORE_ExitAtomic
                0x000117a8       0x1c ./platform/emlib/src/em_core.o
                0x000117a8                CORE_ExitAtomic
 .text.CORE_SetNvicRamTableHandler
                0x000117c4       0x44 ./platform/emlib/src/em_core.o
                0x000117c4                CORE_SetNvicRamTableHandler
 .text.CORE_InitNvicVectorTable
                0x00011808       0xc8 ./platform/emlib/src/em_core.o
                0x00011808                CORE_InitNvicVectorTable
 .text.CRYPTO_BurstFromCrypto
                0x000118d0       0x40 ./platform/emlib/src/em_crypto.o
 .text.CRYPTO_ModulusSet
                0x00011910       0x88 ./platform/emlib/src/em_crypto.o
                0x00011910                CRYPTO_ModulusSet
 .text.CRYPTO_KeyRead
                0x00011998       0x38 ./platform/emlib/src/em_crypto.o
                0x00011998                CRYPTO_KeyRead
 .text.SystemCoreClockUpdate
                0x000119d0        0xc ./platform/emlib/src/em_emu.o
 .text.BUS_RegBitWrite
                0x000119dc       0x2c ./platform/emlib/src/em_emu.o
 .text.BUS_RegBitRead
                0x00011a08       0x2c ./platform/emlib/src/em_emu.o
 .text.EMU_Unlock
                0x00011a34       0x18 ./platform/emlib/src/em_emu.o
 .text.CMU_Lock
                0x00011a4c       0x18 ./platform/emlib/src/em_emu.o
 .text.CMU_Unlock
                0x00011a64       0x1c ./platform/emlib/src/em_emu.o
 .text.SYSTEM_GetDevinfoRev
                0x00011a80       0x18 ./platform/emlib/src/em_emu.o
 .text.emState  0x00011a98       0xcc ./platform/emlib/src/em_emu.o
 .text.dcdcFetCntSet
                0x00011b64       0x50 ./platform/emlib/src/em_emu.o
 .text.dcdcHsFixLnBlock
                0x00011bb4       0x48 ./platform/emlib/src/em_emu.o
 .text.EMU_EnterEM2
                0x00011bfc       0x50 ./platform/emlib/src/em_emu.o
                0x00011bfc                EMU_EnterEM2
 .text.EMU_EnterEM3
                0x00011c4c       0x78 ./platform/emlib/src/em_emu.o
                0x00011c4c                EMU_EnterEM3
 .text.EMU_Save
                0x00011cc4        0xc ./platform/emlib/src/em_emu.o
                0x00011cc4                EMU_Save
 .text.EMU_Restore
                0x00011cd0        0xc ./platform/emlib/src/em_emu.o
                0x00011cd0                EMU_Restore
 .text.EMU_EnterEM4
                0x00011cdc       0xbc ./platform/emlib/src/em_emu.o
                0x00011cdc                EMU_EnterEM4
 .text.dcdcConstCalibrationLoad
                0x00011d98       0xc4 ./platform/emlib/src/em_emu.o
 .text.dcdcValidatedConfigSet
                0x00011e5c       0xb0 ./platform/emlib/src/em_emu.o
 .text.currentLimitersUpdate
                0x00011f0c       0xe4 ./platform/emlib/src/em_emu.o
 .text.userCurrentLimitsSet
                0x00011ff0       0x2c ./platform/emlib/src/em_emu.o
 .text.compCtrlSet
                0x0001201c       0x3c ./platform/emlib/src/em_emu.o
 .text.lpCmpHystCalibrationLoad
                0x00012058       0xd0 ./platform/emlib/src/em_emu.o
 .text.lpGetDevinfoVrefLowHigh
                0x00012128      0x164 ./platform/emlib/src/em_emu.o
 .text.EMU_DCDCModeSet
                0x0001228c       0xb8 ./platform/emlib/src/em_emu.o
                0x0001228c                EMU_DCDCModeSet
 .text.EMU_DCDCInit
                0x00012344      0x114 ./platform/emlib/src/em_emu.o
                0x00012344                EMU_DCDCInit
 .text.EMU_DCDCOutputVoltageSet
                0x00012458      0x20c ./platform/emlib/src/em_emu.o
                0x00012458                EMU_DCDCOutputVoltageSet
 .text.EMU_DCDCOptimizeSlice
                0x00012664       0xd8 ./platform/emlib/src/em_emu.o
                0x00012664                EMU_DCDCOptimizeSlice
 .text.EMU_DCDCLnRcoBandSet
                0x0001273c       0x54 ./platform/emlib/src/em_emu.o
                0x0001273c                EMU_DCDCLnRcoBandSet
 .text.EMU_SetBiasMode
                0x00012790       0xa4 ./platform/emlib/src/em_emu.o
                0x00012790                EMU_SetBiasMode
 .text.BUS_RegMaskedSet
                0x00012834       0x24 ./platform/emlib/src/em_gpio.o
 .text.BUS_RegMaskedClear
                0x00012858       0x24 ./platform/emlib/src/em_gpio.o
 .text.GPIO_PinOutClear
                0x0001287c       0x58 ./platform/emlib/src/em_gpio.o
 .text.GPIO_PinOutSet
                0x000128d4       0x58 ./platform/emlib/src/em_gpio.o
 .text.GPIO_PinModeSet
                0x0001292c      0x10c ./platform/emlib/src/em_gpio.o
                0x0001292c                GPIO_PinModeSet
 .text.MSC_Init
                0x00012a38       0x24 ./platform/emlib/src/em_msc.o
                0x00012a38                MSC_Init
 .text.MSC_Deinit
                0x00012a5c       0x24 ./platform/emlib/src/em_msc.o
                0x00012a5c                MSC_Deinit
 .text.RMU_ResetCauseClear
                0x00012a80       0x18 ./platform/emlib/src/em_rmu.o
                0x00012a80                RMU_ResetCauseClear
 .text.RMU_ResetCauseGet
                0x00012a98       0xdc ./platform/emlib/src/em_rmu.o
                0x00012a98                RMU_ResetCauseGet
 .text.BUS_RegBitWrite
                0x00012b74       0x2c ./platform/emlib/src/em_rtcc.o
 .text.RTCC_ChannelInit
                0x00012ba0       0x5c ./platform/emlib/src/em_rtcc.o
                0x00012ba0                RTCC_ChannelInit
 .text.RTCC_Enable
                0x00012bfc       0x20 ./platform/emlib/src/em_rtcc.o
                0x00012bfc                RTCC_Enable
 .text.RTCC_Init
                0x00012c1c       0x94 ./platform/emlib/src/em_rtcc.o
                0x00012c1c                RTCC_Init
 .text.SYSTEM_ChipRevisionGet
                0x00012cb0       0x78 ./platform/emlib/src/em_system.o
                0x00012cb0                SYSTEM_ChipRevisionGet
 .text.USART_BaudrateSyncSet
                0x00012d28       0x40 ./platform/emlib/src/em_usart.o
                0x00012d28                USART_BaudrateSyncSet
 .text.USART_Enable
                0x00012d68       0x4c ./platform/emlib/src/em_usart.o
                0x00012d68                USART_Enable
 .text.USART_InitSync
                0x00012db4       0xf0 ./platform/emlib/src/em_usart.o
                0x00012db4                USART_InitSync
 .text.USART_Reset
                0x00012ea4       0x9c ./platform/emlib/src/em_usart.o
                0x00012ea4                USART_Reset
 .text.USART_SpiTransfer
                0x00012f40       0x40 ./platform/emlib/src/em_usart.o
                0x00012f40                USART_SpiTransfer
 .text.USART_Tx
                0x00012f80       0x2c ./platform/emlib/src/em_usart.o
                0x00012f80                USART_Tx
 .text.USART_TxDouble
                0x00012fac       0x2c ./platform/emlib/src/em_usart.o
                0x00012fac                USART_TxDouble
 .text.RAIL_ConfigPti
                0x00012fd8        0x6 C:\Users\harsi\Desktop\project\soc-empty_2\platform\radio\rail_lib\autogen\librail_release\librail_efr32xg1_gcc_release.a(rail_pti.o)
                0x00012fd8                RAIL_ConfigPti
 .text.RAIL_EnablePti
                0x00012fde        0x6 C:\Users\harsi\Desktop\project\soc-empty_2\platform\radio\rail_lib\autogen\librail_release\librail_efr32xg1_gcc_release.a(rail_pti.o)
                0x00012fde                RAIL_EnablePti
 .text.eventDefault
                0x00012fe4        0x2 C:\Users\harsi\Desktop\project\soc-empty_2\platform\radio\rail_lib\autogen\librail_release\librail_efr32xg1_gcc_release.a(rail_rf_hal.o)
 *fill*         0x00012fe6        0x2 
 .text.setRssiPeriod
                0x00012fe8       0x18 C:\Users\harsi\Desktop\project\soc-empty_2\platform\radio\rail_lib\autogen\librail_release\librail_efr32xg1_gcc_release.a(rail_rf_hal.o)
 .text.RFHAL_NotifyUserOfIrCal
                0x00013000       0x80 C:\Users\harsi\Desktop\project\soc-empty_2\platform\radio\rail_lib\autogen\librail_release\librail_efr32xg1_gcc_release.a(rail_rf_hal.o)
 .text.GENERIC_PHY_EventCallback
                0x00013080      0x19c C:\Users\harsi\Desktop\project\soc-empty_2\platform\radio\rail_lib\autogen\librail_release\librail_efr32xg1_gcc_release.a(rail_rf_hal.o)
                0x00013080                GENERIC_PHY_EventCallback
 .text.RFHAL_IntEnable
                0x0001321c       0x56 C:\Users\harsi\Desktop\project\soc-empty_2\platform\radio\rail_lib\autogen\librail_release\librail_efr32xg1_gcc_release.a(rail_rf_hal.o)
                0x0001321c                RFHAL_IntEnable
 *fill*         0x00013272        0x2 
 .text.RFHAL_SetEventCallback
                0x00013274       0x18 C:\Users\harsi\Desktop\project\soc-empty_2\platform\radio\rail_lib\autogen\librail_release\librail_efr32xg1_gcc_release.a(rail_rf_hal.o)
                0x00013274                RFHAL_SetEventCallback
 .text.RFHAL_SetPtiProtocol
                0x0001328c       0x20 C:\Users\harsi\Desktop\project\soc-empty_2\platform\radio\rail_lib\autogen\librail_release\librail_efr32xg1_gcc_release.a(rail_rf_hal.o)
                0x0001328c                RFHAL_SetPtiProtocol
 .text.RFHAL_Idle
                0x000132ac       0x40 C:\Users\harsi\Desktop\project\soc-empty_2\platform\radio\rail_lib\autogen\librail_release\librail_efr32xg1_gcc_release.a(rail_rf_hal.o)
                0x000132ac                RFHAL_Idle
 .text.RFHAL_GetRadioState
                0x000132ec       0x7c C:\Users\harsi\Desktop\project\soc-empty_2\platform\radio\rail_lib\autogen\librail_release\librail_efr32xg1_gcc_release.a(rail_rf_hal.o)
                0x000132ec                RFHAL_GetRadioState
 .text.RFHAL_OkToTransmit
                0x00013368       0x14 C:\Users\harsi\Desktop\project\soc-empty_2\platform\radio\rail_lib\autogen\librail_release\librail_efr32xg1_gcc_release.a(rail_rf_hal.o)
                0x00013368                RFHAL_OkToTransmit
 .text.RFHAL_ScheduleRx
                0x0001337c       0x74 C:\Users\harsi\Desktop\project\soc-empty_2\platform\radio\rail_lib\autogen\librail_release\librail_efr32xg1_gcc_release.a(rail_rf_hal.o)
                0x0001337c                RFHAL_ScheduleRx
 .text.RFHAL_EnableRxRawCapture
                0x000133f0       0x5c C:\Users\harsi\Desktop\project\soc-empty_2\platform\radio\rail_lib\autogen\librail_release\librail_efr32xg1_gcc_release.a(rail_rf_hal.o)
                0x000133f0                RFHAL_EnableRxRawCapture
 .text.RFHAL_DisableRxRawCapture
                0x0001344c       0x38 C:\Users\harsi\Desktop\project\soc-empty_2\platform\radio\rail_lib\autogen\librail_release\librail_efr32xg1_gcc_release.a(rail_rf_hal.o)
                0x0001344c                RFHAL_DisableRxRawCapture
 .text.RFHAL_AcceptCrcErrors
                0x00013484       0x18 C:\Users\harsi\Desktop\project\soc-empty_2\platform\radio\rail_lib\autogen\librail_release\librail_efr32xg1_gcc_release.a(rail_rf_hal.o)
                0x00013484                RFHAL_AcceptCrcErrors
 .text.RFHAL_ConfigRxOptions
                0x0001349c       0x74 C:\Users\harsi\Desktop\project\soc-empty_2\platform\radio\rail_lib\autogen\librail_release\librail_efr32xg1_gcc_release.a(rail_rf_hal.o)
                0x0001349c                RFHAL_ConfigRxOptions
 .text.RFHAL_CancelTimer
                0x00013510       0x28 C:\Users\harsi\Desktop\project\soc-empty_2\platform\radio\rail_lib\autogen\librail_release\librail_efr32xg1_gcc_release.a(rail_rf_hal.o)
                0x00013510                RFHAL_CancelTimer
 .text.RFHAL_SetTimer
                0x00013538       0x80 C:\Users\harsi\Desktop\project\soc-empty_2\platform\radio\rail_lib\autogen\librail_release\librail_efr32xg1_gcc_release.a(rail_rf_hal.o)
                0x00013538                RFHAL_SetTimer
 .text.RFHAL_SetTxTransitions
                0x000135b8       0x1c C:\Users\harsi\Desktop\project\soc-empty_2\platform\radio\rail_lib\autogen\librail_release\librail_efr32xg1_gcc_release.a(rail_rf_hal.o)
                0x000135b8                RFHAL_SetTxTransitions
 .text.RFHAL_SetRxTransitions
                0x000135d4       0x1c C:\Users\harsi\Desktop\project\soc-empty_2\platform\radio\rail_lib\autogen\librail_release\librail_efr32xg1_gcc_release.a(rail_rf_hal.o)
                0x000135d4                RFHAL_SetRxTransitions
 .text.RFHAL_SetCRCInitVal
                0x000135f0        0x4 C:\Users\harsi\Desktop\project\soc-empty_2\platform\radio\rail_lib\autogen\librail_release\librail_efr32xg1_gcc_release.a(rail_rf_hal.o)
                0x000135f0                RFHAL_SetCRCInitVal
 .text.RFHAL_ConfigTxPower
                0x000135f4        0xc C:\Users\harsi\Desktop\project\soc-empty_2\platform\radio\rail_lib\autogen\librail_release\librail_efr32xg1_gcc_release.a(rail_rf_hal.o)
                0x000135f4                RFHAL_ConfigTxPower
 .text.RFHAL_SetTxPowerUnchecked
                0x00013600       0x18 C:\Users\harsi\Desktop\project\soc-empty_2\platform\radio\rail_lib\autogen\librail_release\librail_efr32xg1_gcc_release.a(rail_rf_hal.o)
                0x00013600                RFHAL_SetTxPowerUnchecked
 .text.RFHAL_SetTxPower
                0x00013618       0x3c C:\Users\harsi\Desktop\project\soc-empty_2\platform\radio\rail_lib\autogen\librail_release\librail_efr32xg1_gcc_release.a(rail_rf_hal.o)
                0x00013618                RFHAL_SetTxPower
 .text.RFHAL_GetTxPowerConfig
                0x00013654        0xc C:\Users\harsi\Desktop\project\soc-empty_2\platform\radio\rail_lib\autogen\librail_release\librail_efr32xg1_gcc_release.a(rail_rf_hal.o)
                0x00013654                RFHAL_GetTxPowerConfig
 .text.RFHAL_GetTxPower
                0x00013660        0x4 C:\Users\harsi\Desktop\project\soc-empty_2\platform\radio\rail_lib\autogen\librail_release\librail_efr32xg1_gcc_release.a(rail_rf_hal.o)
                0x00013660                RFHAL_GetTxPower
 .text.RFHAL_SetChannel
                0x00013664       0x98 C:\Users\harsi\Desktop\project\soc-empty_2\platform\radio\rail_lib\autogen\librail_release\librail_efr32xg1_gcc_release.a(rail_rf_hal.o)
                0x00013664                RFHAL_SetChannel
 .text.RFHAL_IsAutoAckEnabled
                0x000136fc        0x6 C:\Users\harsi\Desktop\project\soc-empty_2\platform\radio\rail_lib\autogen\librail_release\librail_efr32xg1_gcc_release.a(rail_rf_hal.o)
                0x000136fc                RFHAL_IsAutoAckEnabled
 *fill*         0x00013702        0x2 
 .text.RFHAL_AutoAckWaitForAck
                0x00013704       0x18 C:\Users\harsi\Desktop\project\soc-empty_2\platform\radio\rail_lib\autogen\librail_release\librail_efr32xg1_gcc_release.a(rail_rf_hal.o)
                0x00013704                RFHAL_AutoAckWaitForAck
 .text.preTxOps
                0x0001371c       0xc4 C:\Users\harsi\Desktop\project\soc-empty_2\platform\radio\rail_lib\autogen\librail_release\librail_efr32xg1_gcc_release.a(rail_rf_hal.o)
 .text.RFHAL_StartTx
                0x000137e0       0x12 C:\Users\harsi\Desktop\project\soc-empty_2\platform\radio\rail_lib\autogen\librail_release\librail_efr32xg1_gcc_release.a(rail_rf_hal.o)
                0x000137e0                RFHAL_StartTx
 .text.RFHAL_StartScheduledTx
                0x000137f2       0x3a C:\Users\harsi\Desktop\project\soc-empty_2\platform\radio\rail_lib\autogen\librail_release\librail_efr32xg1_gcc_release.a(rail_rf_hal.o)
                0x000137f2                RFHAL_StartScheduledTx
 .text.RFHAL_GetRxPacketInfo
                0x0001382c       0x48 C:\Users\harsi\Desktop\project\soc-empty_2\platform\radio\rail_lib\autogen\librail_release\librail_efr32xg1_gcc_release.a(rail_rf_hal.o)
                0x0001382c                RFHAL_GetRxPacketInfo
 .text.RFHAL_GetRxPacketDetails
                0x00013874       0xcc C:\Users\harsi\Desktop\project\soc-empty_2\platform\radio\rail_lib\autogen\librail_release\librail_efr32xg1_gcc_release.a(rail_rf_hal.o)
                0x00013874                RFHAL_GetRxPacketDetails
 .text.RFHAL_SetTxBuffer
                0x00013940       0x3a C:\Users\harsi\Desktop\project\soc-empty_2\platform\radio\rail_lib\autogen\librail_release\librail_efr32xg1_gcc_release.a(rail_rf_hal.o)
                0x00013940                RFHAL_SetTxBuffer
 *fill*         0x0001397a        0x2 
 .text.RFHAL_ResetTxFifo
                0x0001397c       0x2c C:\Users\harsi\Desktop\project\soc-empty_2\platform\radio\rail_lib\autogen\librail_release\librail_efr32xg1_gcc_release.a(rail_rf_hal.o)
                0x0001397c                RFHAL_ResetTxFifo
 .text.RFHAL_WriteTxFifo
                0x000139a8       0x28 C:\Users\harsi\Desktop\project\soc-empty_2\platform\radio\rail_lib\autogen\librail_release\librail_efr32xg1_gcc_release.a(rail_rf_hal.o)
                0x000139a8                RFHAL_WriteTxFifo
 .text.RFHAL_ResetRxFifo
                0x000139d0       0x40 C:\Users\harsi\Desktop\project\soc-empty_2\platform\radio\rail_lib\autogen\librail_release\librail_efr32xg1_gcc_release.a(rail_rf_hal.o)
                0x000139d0                RFHAL_ResetRxFifo
 .text.RFHAL_ConfigData
                0x00013a10       0x7c C:\Users\harsi\Desktop\project\soc-empty_2\platform\radio\rail_lib\autogen\librail_release\librail_efr32xg1_gcc_release.a(rail_rf_hal.o)
                0x00013a10                RFHAL_ConfigData
 .text.RFHAL_Init
                0x00013a8c       0xa0 C:\Users\harsi\Desktop\project\soc-empty_2\platform\radio\rail_lib\autogen\librail_release\librail_efr32xg1_gcc_release.a(rail_rf_hal.o)
                0x00013a8c                RFHAL_Init
 .text.RFHAL_SetFixedLength
                0x00013b2c       0x8c C:\Users\harsi\Desktop\project\soc-empty_2\platform\radio\rail_lib\autogen\librail_release\librail_efr32xg1_gcc_release.a(rail_rf_hal.o)
                0x00013b2c                RFHAL_SetFixedLength
 .text.RFHAL_SetAbortScheduledTxDuringRx
                0x00013bb8       0x18 C:\Users\harsi\Desktop\project\soc-empty_2\platform\radio\rail_lib\autogen\librail_release\librail_efr32xg1_gcc_release.a(rail_rf_hal.o)
                0x00013bb8                RFHAL_SetAbortScheduledTxDuringRx
 .text.RFHAL_ConfigRadio
                0x00013bd0       0xe0 C:\Users\harsi\Desktop\project\soc-empty_2\platform\radio\rail_lib\autogen\librail_release\librail_efr32xg1_gcc_release.a(rail_rf_hal.o)
                0x00013bd0                RFHAL_ConfigRadio
 .text.RFHAL_GetTime
                0x00013cb0        0xe C:\Users\harsi\Desktop\project\soc-empty_2\platform\radio\rail_lib\autogen\librail_release\librail_efr32xg1_gcc_release.a(rail_rf_hal.o)
                0x00013cb0                RFHAL_GetTime
 .text.RFHAL_GetRadioEntropy
                0x00013cbe        0x4 C:\Users\harsi\Desktop\project\soc-empty_2\platform\radio\rail_lib\autogen\librail_release\librail_efr32xg1_gcc_release.a(rail_rf_hal.o)
                0x00013cbe                RFHAL_GetRadioEntropy
 .text.RFHAL_SetStateTiming
                0x00013cc2       0x4e C:\Users\harsi\Desktop\project\soc-empty_2\platform\radio\rail_lib\autogen\librail_release\librail_efr32xg1_gcc_release.a(rail_rf_hal.o)
                0x00013cc2                RFHAL_SetStateTiming
 .text.RFHAL_ConfigPti
                0x00013d10        0x4 C:\Users\harsi\Desktop\project\soc-empty_2\platform\radio\rail_lib\autogen\librail_release\librail_efr32xg1_gcc_release.a(rail_rf_hal.o)
                0x00013d10                RFHAL_ConfigPti
 .text.RFHAL_EnablePti
                0x00013d14        0x4 C:\Users\harsi\Desktop\project\soc-empty_2\platform\radio\rail_lib\autogen\librail_release\librail_efr32xg1_gcc_release.a(rail_rf_hal.o)
                0x00013d14                RFHAL_EnablePti
 .text.RAIL_Init
                0x00013d18       0x20 C:\Users\harsi\Desktop\project\soc-empty_2\platform\radio\rail_lib\autogen\librail_release\librail_efr32xg1_gcc_release.a(rail_singleprotocol.o)
                0x00013d18                RAIL_Init
 .text.RAIL_GetSchedulerStatus
                0x00013d38        0x4 C:\Users\harsi\Desktop\project\soc-empty_2\platform\radio\rail_lib\autogen\librail_release\librail_efr32xg1_gcc_release.a(rail_singleprotocol.o)
                0x00013d38                RAIL_GetSchedulerStatus
 .text.RAIL_Idle
                0x00013d3c        0x8 C:\Users\harsi\Desktop\project\soc-empty_2\platform\radio\rail_lib\autogen\librail_release\librail_efr32xg1_gcc_release.a(rail_singleprotocol.o)
                0x00013d3c                RAIL_Idle
 .text.RAIL_YieldRadio
                0x00013d44        0x2 C:\Users\harsi\Desktop\project\soc-empty_2\platform\radio\rail_lib\autogen\librail_release\librail_efr32xg1_gcc_release.a(rail_singleprotocol.o)
                0x00013d44                RAIL_YieldRadio
 .text.RAIL_GetRadioEntropy
                0x00013d46        0x8 C:\Users\harsi\Desktop\project\soc-empty_2\platform\radio\rail_lib\autogen\librail_release\librail_efr32xg1_gcc_release.a(rail_singleprotocol.o)
                0x00013d46                RAIL_GetRadioEntropy
 .text.RAIL_SetTimer
                0x00013d4e       0x14 C:\Users\harsi\Desktop\project\soc-empty_2\platform\radio\rail_lib\autogen\librail_release\librail_efr32xg1_gcc_release.a(rail_singleprotocol.o)
                0x00013d4e                RAIL_SetTimer
 .text.RAIL_CancelTimer
                0x00013d62        0x4 C:\Users\harsi\Desktop\project\soc-empty_2\platform\radio\rail_lib\autogen\librail_release\librail_efr32xg1_gcc_release.a(rail_singleprotocol.o)
                0x00013d62                RAIL_CancelTimer
 .text.RAIL_StartTx
                0x00013d66        0xa C:\Users\harsi\Desktop\project\soc-empty_2\platform\radio\rail_lib\autogen\librail_release\librail_efr32xg1_gcc_release.a(rail_singleprotocol.o)
                0x00013d66                RAIL_StartTx
 .text.RAIL_StartScheduledTx
                0x00013d70        0xa C:\Users\harsi\Desktop\project\soc-empty_2\platform\radio\rail_lib\autogen\librail_release\librail_efr32xg1_gcc_release.a(rail_singleprotocol.o)
                0x00013d70                RAIL_StartScheduledTx
 .text.RAIL_ScheduleRx
                0x00013d7a        0xa C:\Users\harsi\Desktop\project\soc-empty_2\platform\radio\rail_lib\autogen\librail_release\librail_efr32xg1_gcc_release.a(rail_singleprotocol.o)
                0x00013d7a                RAIL_ScheduleRx
 .text.radioConfigChangedDefault
                0x00013d84        0x2 C:\Users\harsi\Desktop\project\soc-empty_2\platform\radio\rail_lib\autogen\librail_release\librail_efr32xg1_gcc_release.a(rail_rf.o)
 .text.isTransitionState
                0x00013d86       0x12 C:\Users\harsi\Desktop\project\soc-empty_2\platform\radio\rail_lib\autogen\librail_release\librail_efr32xg1_gcc_release.a(rail_rf.o)
 .text.RAILCore_Init
                0x00013d98       0x12 C:\Users\harsi\Desktop\project\soc-empty_2\platform\radio\rail_lib\autogen\librail_release\librail_efr32xg1_gcc_release.a(rail_rf.o)
                0x00013d98                RAILCore_Init
 *fill*         0x00013daa        0x2 
 .text.RAILInt_SetCallbackConfig
                0x00013dac       0x20 C:\Users\harsi\Desktop\project\soc-empty_2\platform\radio\rail_lib\autogen\librail_release\librail_efr32xg1_gcc_release.a(rail_rf.o)
                0x00013dac                RAILInt_SetCallbackConfig
 .text.RAILCore_Idle
                0x00013dcc       0x14 C:\Users\harsi\Desktop\project\soc-empty_2\platform\radio\rail_lib\autogen\librail_release\librail_efr32xg1_gcc_release.a(rail_rf.o)
                0x00013dcc                RAILCore_Idle
 .text.RAILCore_GetRadioState
                0x00013de0        0x4 C:\Users\harsi\Desktop\project\soc-empty_2\platform\radio\rail_lib\autogen\librail_release\librail_efr32xg1_gcc_release.a(rail_rf.o)
                0x00013de0                RAILCore_GetRadioState
 .text.RAIL_SetStateTiming
                0x00013de4        0xa C:\Users\harsi\Desktop\project\soc-empty_2\platform\radio\rail_lib\autogen\librail_release\librail_efr32xg1_gcc_release.a(rail_rf.o)
                0x00013de4                RAIL_SetStateTiming
 *fill*         0x00013dee        0x2 
 .text.RAILInt_IsPowerInRange
                0x00013df0       0x3c C:\Users\harsi\Desktop\project\soc-empty_2\platform\radio\rail_lib\autogen\librail_release\librail_efr32xg1_gcc_release.a(rail_rf.o)
                0x00013df0                RAILInt_IsPowerInRange
 .text.RAILInt_SetChannel
                0x00013e2c      0x1d8 C:\Users\harsi\Desktop\project\soc-empty_2\platform\radio\rail_lib\autogen\librail_release\librail_efr32xg1_gcc_release.a(rail_rf.o)
                0x00013e2c                RAILInt_SetChannel
 .text.RAILCore_ConfigChannels
                0x00014004       0x58 C:\Users\harsi\Desktop\project\soc-empty_2\platform\radio\rail_lib\autogen\librail_release\librail_efr32xg1_gcc_release.a(rail_rf.o)
                0x00014004                RAILCore_ConfigChannels
 .text.RAILInt_GetChannel
                0x0001405c        0x4 C:\Users\harsi\Desktop\project\soc-empty_2\platform\radio\rail_lib\autogen\librail_release\librail_efr32xg1_gcc_release.a(rail_rf.o)
                0x0001405c                RAILInt_GetChannel
 .text.RAILCore_SetTxTransitions
                0x00014060       0x3c C:\Users\harsi\Desktop\project\soc-empty_2\platform\radio\rail_lib\autogen\librail_release\librail_efr32xg1_gcc_release.a(rail_rf.o)
                0x00014060                RAILCore_SetTxTransitions
 .text.RAIL_SetTxTransitions
                0x0001409c        0xa C:\Users\harsi\Desktop\project\soc-empty_2\platform\radio\rail_lib\autogen\librail_release\librail_efr32xg1_gcc_release.a(rail_rf.o)
                0x0001409c                RAIL_SetTxTransitions
 .text.RAILCore_SetRxTransitions
                0x000140a6       0x38 C:\Users\harsi\Desktop\project\soc-empty_2\platform\radio\rail_lib\autogen\librail_release\librail_efr32xg1_gcc_release.a(rail_rf.o)
                0x000140a6                RAILCore_SetRxTransitions
 .text.RAIL_SetRxTransitions
                0x000140de        0xa C:\Users\harsi\Desktop\project\soc-empty_2\platform\radio\rail_lib\autogen\librail_release\librail_efr32xg1_gcc_release.a(rail_rf.o)
                0x000140de                RAIL_SetRxTransitions
 .text.RAIL_ConfigEvents
                0x000140e8       0x14 C:\Users\harsi\Desktop\project\soc-empty_2\platform\radio\rail_lib\autogen\librail_release\librail_efr32xg1_gcc_release.a(rail_rf.o)
                0x000140e8                RAIL_ConfigEvents
 .text.RAIL_ConfigRxOptions
                0x000140fc        0xa C:\Users\harsi\Desktop\project\soc-empty_2\platform\radio\rail_lib\autogen\librail_release\librail_efr32xg1_gcc_release.a(rail_rx.o)
                0x000140fc                RAIL_ConfigRxOptions
 .text.RAILCore_ScheduleRx
                0x00014106       0x2c C:\Users\harsi\Desktop\project\soc-empty_2\platform\radio\rail_lib\autogen\librail_release\librail_efr32xg1_gcc_release.a(rail_rx.o)
                0x00014106                RAILCore_ScheduleRx
 .text.RAILInt_PreTxOps
                0x00014132       0x1c C:\Users\harsi\Desktop\project\soc-empty_2\platform\radio\rail_lib\autogen\librail_release\librail_efr32xg1_gcc_release.a(rail_tx.o)
                0x00014132                RAILInt_PreTxOps
 .text.RAILCore_StartTx
                0x0001414e       0x1a C:\Users\harsi\Desktop\project\soc-empty_2\platform\radio\rail_lib\autogen\librail_release\librail_efr32xg1_gcc_release.a(rail_tx.o)
                0x0001414e                RAILCore_StartTx
 .text.RAILCore_StartScheduledTx
                0x00014168       0x1e C:\Users\harsi\Desktop\project\soc-empty_2\platform\radio\rail_lib\autogen\librail_release\librail_efr32xg1_gcc_release.a(rail_tx.o)
                0x00014168                RAILCore_StartScheduledTx
 .text.RAIL_SetTxPower
                0x00014186        0xa C:\Users\harsi\Desktop\project\soc-empty_2\platform\radio\rail_lib\autogen\librail_release\librail_efr32xg1_gcc_release.a(rail_tx.o)
                0x00014186                RAIL_SetTxPower
 .text.RAIL_GetTxPower
                0x00014190        0xa C:\Users\harsi\Desktop\project\soc-empty_2\platform\radio\rail_lib\autogen\librail_release\librail_efr32xg1_gcc_release.a(rail_tx.o)
                0x00014190                RAIL_GetTxPower
 .text.RAIL_ConfigTxPower
                0x0001419a       0x1a C:\Users\harsi\Desktop\project\soc-empty_2\platform\radio\rail_lib\autogen\librail_release\librail_efr32xg1_gcc_release.a(rail_tx.o)
                0x0001419a                RAIL_ConfigTxPower
 .text.RAILInt_PendCal
                0x000141b4       0x24 C:\Users\harsi\Desktop\project\soc-empty_2\platform\radio\rail_lib\autogen\librail_release\librail_efr32xg1_gcc_release.a(rail_calibration.o)
                0x000141b4                RAILInt_PendCal
 .text.RAILCb_AssertFailed
                0x000141d8       0x14 C:\Users\harsi\Desktop\project\soc-empty_2\platform\radio\rail_lib\autogen\librail_release\librail_efr32xg1_gcc_release.a(rail_assert.o)
                0x000141d8                RAILCb_AssertFailed
 .text.RAILInt_Assert
                0x000141ec       0x1c C:\Users\harsi\Desktop\project\soc-empty_2\platform\radio\rail_lib\autogen\librail_release\librail_efr32xg1_gcc_release.a(rail_assert.o)
                0x000141ec                RAILInt_Assert
 .text.RAILCore_GetRadioEntropy
                0x00014208        0x4 C:\Users\harsi\Desktop\project\soc-empty_2\platform\radio\rail_lib\autogen\librail_release\librail_efr32xg1_gcc_release.a(rail_rssi.o)
                0x00014208                RAILCore_GetRadioEntropy
 .text.BUFC_ReadHelper
                0x0001420c       0x7c C:\Users\harsi\Desktop\project\soc-empty_2\platform\radio\rail_lib\autogen\librail_release\librail_efr32xg1_gcc_release.a(bufc.o)
 .text.checkAndAddRxLenOverflowEntry
                0x00014288       0x3c C:\Users\harsi\Desktop\project\soc-empty_2\platform\radio\rail_lib\autogen\librail_release\librail_efr32xg1_gcc_release.a(bufc.o)
 .text.BUFC_SetTxBuffer
                0x000142c4       0x38 C:\Users\harsi\Desktop\project\soc-empty_2\platform\radio\rail_lib\autogen\librail_release\librail_efr32xg1_gcc_release.a(bufc.o)
                0x000142c4                BUFC_SetTxBuffer
 .text.BUFC_WriteBuffer
                0x000142fc       0xa8 C:\Users\harsi\Desktop\project\soc-empty_2\platform\radio\rail_lib\autogen\librail_release\librail_efr32xg1_gcc_release.a(bufc.o)
                0x000142fc                BUFC_WriteBuffer
 .text.BUFC_Peek
                0x000143a4       0x12 C:\Users\harsi\Desktop\project\soc-empty_2\platform\radio\rail_lib\autogen\librail_release\librail_efr32xg1_gcc_release.a(bufc.o)
                0x000143a4                BUFC_Peek
 .text.BUFC_PeekByte
                0x000143b6       0x34 C:\Users\harsi\Desktop\project\soc-empty_2\platform\radio\rail_lib\autogen\librail_release\librail_efr32xg1_gcc_release.a(bufc.o)
                0x000143b6                BUFC_PeekByte
 *fill*         0x000143ea        0x2 
 .text.BUFC_GetSpaceAvailable
                0x000143ec       0x28 C:\Users\harsi\Desktop\project\soc-empty_2\platform\radio\rail_lib\autogen\librail_release\librail_efr32xg1_gcc_release.a(bufc.o)
                0x000143ec                BUFC_GetSpaceAvailable
 .text.BUFC_GetBytesAvailable
                0x00014414       0x14 C:\Users\harsi\Desktop\project\soc-empty_2\platform\radio\rail_lib\autogen\librail_release\librail_efr32xg1_gcc_release.a(bufc.o)
                0x00014414                BUFC_GetBytesAvailable
 .text.BUFC_TxAckBufferSet
                0x00014428       0x38 C:\Users\harsi\Desktop\project\soc-empty_2\platform\radio\rail_lib\autogen\librail_release\librail_efr32xg1_gcc_release.a(bufc.o)
                0x00014428                BUFC_TxAckBufferSet
 .text.BUFC_TxAckBufferReset
                0x00014460        0x8 C:\Users\harsi\Desktop\project\soc-empty_2\platform\radio\rail_lib\autogen\librail_release\librail_efr32xg1_gcc_release.a(bufc.o)
                0x00014460                BUFC_TxAckBufferReset
 .text.BUFC_RxBufferReset
                0x00014468       0x5c C:\Users\harsi\Desktop\project\soc-empty_2\platform\radio\rail_lib\autogen\librail_release\librail_efr32xg1_gcc_release.a(bufc.o)
                0x00014468                BUFC_RxBufferReset
 .text.BUFC_Init
                0x000144c4       0x98 C:\Users\harsi\Desktop\project\soc-empty_2\platform\radio\rail_lib\autogen\librail_release\librail_efr32xg1_gcc_release.a(bufc.o)
                0x000144c4                BUFC_Init
 .text.BUFC_RxBufferBytesAvailable
                0x0001455c       0x10 C:\Users\harsi\Desktop\project\soc-empty_2\platform\radio\rail_lib\autogen\librail_release\librail_efr32xg1_gcc_release.a(bufc.o)
                0x0001455c                BUFC_RxBufferBytesAvailable
 .text.BUFC_ReleaseRxPacket
                0x0001456c      0x10c C:\Users\harsi\Desktop\project\soc-empty_2\platform\radio\rail_lib\autogen\librail_release\librail_efr32xg1_gcc_release.a(bufc.o)
                0x0001456c                BUFC_ReleaseRxPacket
 .text.BUFC_StartRxLenThrEvent
                0x00014678       0x8c C:\Users\harsi\Desktop\project\soc-empty_2\platform\radio\rail_lib\autogen\librail_release\librail_efr32xg1_gcc_release.a(bufc.o)
                0x00014678                BUFC_StartRxLenThrEvent
 .text.BUFC_EndRxLenThrEvent
                0x00014704       0x1c C:\Users\harsi\Desktop\project\soc-empty_2\platform\radio\rail_lib\autogen\librail_release\librail_efr32xg1_gcc_release.a(bufc.o)
                0x00014704                BUFC_EndRxLenThrEvent
 .text.BUFC_HandleRxLenOvfEvent
                0x00014720       0x28 C:\Users\harsi\Desktop\project\soc-empty_2\platform\radio\rail_lib\autogen\librail_release\librail_efr32xg1_gcc_release.a(bufc.o)
                0x00014720                BUFC_HandleRxLenOvfEvent
 .text.BUFC_GetRxPacketInfo
                0x00014748      0x138 C:\Users\harsi\Desktop\project\soc-empty_2\platform\radio\rail_lib\autogen\librail_release\librail_efr32xg1_gcc_release.a(bufc.o)
                0x00014748                BUFC_GetRxPacketInfo
 .text.IRCAL_Set
                0x00014880       0x1c C:\Users\harsi\Desktop\project\soc-empty_2\platform\radio\rail_lib\autogen\librail_release\librail_efr32xg1_gcc_release.a(ir_cal.o)
                0x00014880                IRCAL_Set
 .text.IRCAL_Init
                0x0001489c       0xa8 C:\Users\harsi\Desktop\project\soc-empty_2\platform\radio\rail_lib\autogen\librail_release\librail_efr32xg1_gcc_release.a(ir_cal.o)
                0x0001489c                IRCAL_Init
 .text.PA_ProtectPa
                0x00014944       0xbc C:\Users\harsi\Desktop\project\soc-empty_2\platform\radio\rail_lib\autogen\librail_release\librail_efr32xg1_gcc_release.a(pa.o)
 .text.getRampTimeFromLevelAndRate
                0x00014a00       0x20 C:\Users\harsi\Desktop\project\soc-empty_2\platform\radio\rail_lib\autogen\librail_release\librail_efr32xg1_gcc_release.a(pa.o)
 .text.PA_GetTxPowerConfig
                0x00014a20       0x14 C:\Users\harsi\Desktop\project\soc-empty_2\platform\radio\rail_lib\autogen\librail_release\librail_efr32xg1_gcc_release.a(pa.o)
                0x00014a20                PA_GetTxPowerConfig
 .text.PA_GetPowerLevel
                0x00014a34        0xc C:\Users\harsi\Desktop\project\soc-empty_2\platform\radio\rail_lib\autogen\librail_release\librail_efr32xg1_gcc_release.a(pa.o)
                0x00014a34                PA_GetPowerLevel
 .text.PA_SetPowerLevel
                0x00014a40      0x194 C:\Users\harsi\Desktop\project\soc-empty_2\platform\radio\rail_lib\autogen\librail_release\librail_efr32xg1_gcc_release.a(pa.o)
                0x00014a40                PA_SetPowerLevel
 .text.PA_RunPeakDetectorHigh
                0x00014bd4       0x4c C:\Users\harsi\Desktop\project\soc-empty_2\platform\radio\rail_lib\autogen\librail_release\librail_efr32xg1_gcc_release.a(pa.o)
                0x00014bd4                PA_RunPeakDetectorHigh
 .text.PA_RunPeakDetectorLow
                0x00014c20        0x2 C:\Users\harsi\Desktop\project\soc-empty_2\platform\radio\rail_lib\autogen\librail_release\librail_efr32xg1_gcc_release.a(pa.o)
                0x00014c20                PA_RunPeakDetectorLow
 *fill*         0x00014c22        0x2 
 .text.PA_RunBatHigh
                0x00014c24       0x2c C:\Users\harsi\Desktop\project\soc-empty_2\platform\radio\rail_lib\autogen\librail_release\librail_efr32xg1_gcc_release.a(pa.o)
                0x00014c24                PA_RunBatHigh
 .text.PA_GetRampTime
                0x00014c50        0xc C:\Users\harsi\Desktop\project\soc-empty_2\platform\radio\rail_lib\autogen\librail_release\librail_efr32xg1_gcc_release.a(pa.o)
                0x00014c50                PA_GetRampTime
 .text.PA_ConfigRamp
                0x00014c5c       0x20 C:\Users\harsi\Desktop\project\soc-empty_2\platform\radio\rail_lib\autogen\librail_release\librail_efr32xg1_gcc_release.a(pa.o)
                0x00014c5c                PA_ConfigRamp
 .text.PA_CalcRampTime
                0x00014c7c       0x44 C:\Users\harsi\Desktop\project\soc-empty_2\platform\radio\rail_lib\autogen\librail_release\librail_efr32xg1_gcc_release.a(pa.o)
                0x00014c7c                PA_CalcRampTime
 .text.PA_SetRampTime
                0x00014cc0       0xac C:\Users\harsi\Desktop\project\soc-empty_2\platform\radio\rail_lib\autogen\librail_release\librail_efr32xg1_gcc_release.a(pa.o)
                0x00014cc0                PA_SetRampTime
 .text.PA_SelectBand
                0x00014d6c       0x50 C:\Users\harsi\Desktop\project\soc-empty_2\platform\radio\rail_lib\autogen\librail_release\librail_efr32xg1_gcc_release.a(pa.o)
                0x00014d6c                PA_SelectBand
 .text.PA_Config
                0x00014dbc      0x15c C:\Users\harsi\Desktop\project\soc-empty_2\platform\radio\rail_lib\autogen\librail_release\librail_efr32xg1_gcc_release.a(pa.o)
                0x00014dbc                PA_Config
 .text.PA_UpdateConfig
                0x00014f18       0x38 C:\Users\harsi\Desktop\project\soc-empty_2\platform\radio\rail_lib\autogen\librail_release\librail_efr32xg1_gcc_release.a(pa.o)
                0x00014f18                PA_UpdateConfig
 .text.PROTIMER_Init
                0x00014f50      0x108 C:\Users\harsi\Desktop\project\soc-empty_2\platform\radio\rail_lib\autogen\librail_release\librail_efr32xg1_gcc_release.a(protimer.o)
                0x00014f50                PROTIMER_Init
 .text.PROTIMER_Start
                0x00015058       0x1c C:\Users\harsi\Desktop\project\soc-empty_2\platform\radio\rail_lib\autogen\librail_release\librail_efr32xg1_gcc_release.a(protimer.o)
                0x00015058                PROTIMER_Start
 .text.PROTIMER_IsRunning
                0x00015074       0x10 C:\Users\harsi\Desktop\project\soc-empty_2\platform\radio\rail_lib\autogen\librail_release\librail_efr32xg1_gcc_release.a(protimer.o)
                0x00015074                PROTIMER_IsRunning
 .text.PROTIMER_ElapsedTime
                0x00015084       0x18 C:\Users\harsi\Desktop\project\soc-empty_2\platform\radio\rail_lib\autogen\librail_release\librail_efr32xg1_gcc_release.a(protimer.o)
                0x00015084                PROTIMER_ElapsedTime
 .text.PROTIMER_CCTimerStop
                0x0001509c       0x20 C:\Users\harsi\Desktop\project\soc-empty_2\platform\radio\rail_lib\autogen\librail_release\librail_efr32xg1_gcc_release.a(protimer.o)
                0x0001509c                PROTIMER_CCTimerStop
 .text.PROTIMER_CCTimerStart
                0x000150bc      0x164 C:\Users\harsi\Desktop\project\soc-empty_2\platform\radio\rail_lib\autogen\librail_release\librail_efr32xg1_gcc_release.a(protimer.o)
                0x000150bc                PROTIMER_CCTimerStart
 .text.PROTIMER_WrapMultiple
                0x00015220       0x12 C:\Users\harsi\Desktop\project\soc-empty_2\platform\radio\rail_lib\autogen\librail_release\librail_efr32xg1_gcc_release.a(protimer.o)
                0x00015220                PROTIMER_WrapMultiple
 *fill*         0x00015232        0x2 
 .text.PROTIMER_CCTimerIsEnabled
                0x00015234       0x10 C:\Users\harsi\Desktop\project\soc-empty_2\platform\radio\rail_lib\autogen\librail_release\librail_efr32xg1_gcc_release.a(protimer.o)
                0x00015234                PROTIMER_CCTimerIsEnabled
 .text.PROTIMER_CCTimerCapture
                0x00015244       0x14 C:\Users\harsi\Desktop\project\soc-empty_2\platform\radio\rail_lib\autogen\librail_release\librail_efr32xg1_gcc_release.a(protimer.o)
                0x00015244                PROTIMER_CCTimerCapture
 .text.PROTIMER_ScheduleTxEnable
                0x00015258       0x2c C:\Users\harsi\Desktop\project\soc-empty_2\platform\radio\rail_lib\autogen\librail_release\librail_efr32xg1_gcc_release.a(protimer.o)
                0x00015258                PROTIMER_ScheduleTxEnable
 .text.PROTIMER_ClearTxEnable
                0x00015284        0xc C:\Users\harsi\Desktop\project\soc-empty_2\platform\radio\rail_lib\autogen\librail_release\librail_efr32xg1_gcc_release.a(protimer.o)
                0x00015284                PROTIMER_ClearTxEnable
 .text.PROTIMER_ScheduleRxEnable
                0x00015290       0x2c C:\Users\harsi\Desktop\project\soc-empty_2\platform\radio\rail_lib\autogen\librail_release\librail_efr32xg1_gcc_release.a(protimer.o)
                0x00015290                PROTIMER_ScheduleRxEnable
 .text.PROTIMER_ScheduleRxDisable
                0x000152bc       0x38 C:\Users\harsi\Desktop\project\soc-empty_2\platform\radio\rail_lib\autogen\librail_release\librail_efr32xg1_gcc_release.a(protimer.o)
                0x000152bc                PROTIMER_ScheduleRxDisable
 .text.PROTIMER_ClearRxEnable
                0x000152f4       0x10 C:\Users\harsi\Desktop\project\soc-empty_2\platform\radio\rail_lib\autogen\librail_release\librail_efr32xg1_gcc_release.a(protimer.o)
                0x000152f4                PROTIMER_ClearRxEnable
 .text.PROTIMER_GetTime
                0x00015304        0xc C:\Users\harsi\Desktop\project\soc-empty_2\platform\radio\rail_lib\autogen\librail_release\librail_efr32xg1_gcc_release.a(protimer.o)
                0x00015304                PROTIMER_GetTime
 .text.PROTIMER_GetCCTime
                0x00015310        0xc C:\Users\harsi\Desktop\project\soc-empty_2\platform\radio\rail_lib\autogen\librail_release\librail_efr32xg1_gcc_release.a(protimer.o)
                0x00015310                PROTIMER_GetCCTime
 .text.PROTIMER_LBTStop
                0x0001531c       0x18 C:\Users\harsi\Desktop\project\soc-empty_2\platform\radio\rail_lib\autogen\librail_release\librail_efr32xg1_gcc_release.a(protimer.o)
                0x0001531c                PROTIMER_LBTStop
 .text.PROTIMER_PrecntOverflowToUs
                0x00015334       0x38 C:\Users\harsi\Desktop\project\soc-empty_2\platform\radio\rail_lib\autogen\librail_release\librail_efr32xg1_gcc_release.a(protimer.o)
                0x00015334                PROTIMER_PrecntOverflowToUs
 .text.PROTIMER_UsToPrecntOverflow
                0x0001536c       0x2c C:\Users\harsi\Desktop\project\soc-empty_2\platform\radio\rail_lib\autogen\librail_release\librail_efr32xg1_gcc_release.a(protimer.o)
                0x0001536c                PROTIMER_UsToPrecntOverflow
 .text.PROTIMER_DelayUs
                0x00015398       0x44 C:\Users\harsi\Desktop\project\soc-empty_2\platform\radio\rail_lib\autogen\librail_release\librail_efr32xg1_gcc_release.a(protimer.o)
                0x00015398                PROTIMER_DelayUs
 .text.PROTIMER_CheckCcaReallyFailed
                0x000153dc       0xbc C:\Users\harsi\Desktop\project\soc-empty_2\platform\radio\rail_lib\autogen\librail_release\librail_efr32xg1_gcc_release.a(protimer.o)
                0x000153dc                PROTIMER_CheckCcaReallyFailed
 .text.PTI_Config
                0x00015498       0xc8 C:\Users\harsi\Desktop\project\soc-empty_2\platform\radio\rail_lib\autogen\librail_release\librail_efr32xg1_gcc_release.a(pti.o)
                0x00015498                PTI_Config
 .text.PTI_EnableAppendedInfo
                0x00015560       0x18 C:\Users\harsi\Desktop\project\soc-empty_2\platform\radio\rail_lib\autogen\librail_release\librail_efr32xg1_gcc_release.a(pti.o)
                0x00015560                PTI_EnableAppendedInfo
 .text.PTI_Enable
                0x00015578       0x58 C:\Users\harsi\Desktop\project\soc-empty_2\platform\radio\rail_lib\autogen\librail_release\librail_efr32xg1_gcc_release.a(pti.o)
                0x00015578                PTI_Enable
 .text.PTI_AuxdataOutput
                0x000155d0       0x1c C:\Users\harsi\Desktop\project\soc-empty_2\platform\radio\rail_lib\autogen\librail_release\librail_efr32xg1_gcc_release.a(pti.o)
                0x000155d0                PTI_AuxdataOutput
 .text.PTI_EnableSyncword
                0x000155ec       0x18 C:\Users\harsi\Desktop\project\soc-empty_2\platform\radio\rail_lib\autogen\librail_release\librail_efr32xg1_gcc_release.a(pti.o)
                0x000155ec                PTI_EnableSyncword
 .text.RADIO_SetAndForgetWrite
                0x00015604       0x8c C:\Users\harsi\Desktop\project\soc-empty_2\platform\radio\rail_lib\autogen\librail_release\librail_efr32xg1_gcc_release.a(radio.o)
                0x00015604                RADIO_SetAndForgetWrite
 .text.RADIO_SeqInit
                0x00015690       0x68 C:\Users\harsi\Desktop\project\soc-empty_2\platform\radio\rail_lib\autogen\librail_release\librail_efr32xg1_gcc_release.a(radio.o)
                0x00015690                RADIO_SeqInit
 .text.RADIO_CLKEnable
                0x000156f8       0x68 C:\Users\harsi\Desktop\project\soc-empty_2\platform\radio\rail_lib\autogen\librail_release\librail_efr32xg1_gcc_release.a(radio.o)
                0x000156f8                RADIO_CLKEnable
 .text.RADIO_Init
                0x00015760       0x40 C:\Users\harsi\Desktop\project\soc-empty_2\platform\radio\rail_lib\autogen\librail_release\librail_efr32xg1_gcc_release.a(radio.o)
                0x00015760                RADIO_Init
 .text.RADIO_Config
                0x000157a0       0xa8 C:\Users\harsi\Desktop\project\soc-empty_2\platform\radio\rail_lib\autogen\librail_release\librail_efr32xg1_gcc_release.a(radio.o)
                0x000157a0                RADIO_Config
 .text.RADIO_IsRxOnForRssi
                0x00015848       0x18 C:\Users\harsi\Desktop\project\soc-empty_2\platform\radio\rail_lib\autogen\librail_release\librail_efr32xg1_gcc_release.a(radio.o)
                0x00015848                RADIO_IsRxOnForRssi
 .text.RADIO_RxTrailDataLength
                0x00015860       0x3c C:\Users\harsi\Desktop\project\soc-empty_2\platform\radio\rail_lib\autogen\librail_release\librail_efr32xg1_gcc_release.a(radio.o)
                0x00015860                RADIO_RxTrailDataLength
 .text.RADIO_FrameControlDescrBufferIdSet
                0x0001589c       0x20 C:\Users\harsi\Desktop\project\soc-empty_2\platform\radio\rail_lib\autogen\librail_release\librail_efr32xg1_gcc_release.a(radio.o)
                0x0001589c                RADIO_FrameControlDescrBufferIdSet
 .text.RADIO_ComputeTxBaudrate
                0x000158bc       0x28 C:\Users\harsi\Desktop\project\soc-empty_2\platform\radio\rail_lib\autogen\librail_release\librail_efr32xg1_gcc_release.a(radio.o)
                0x000158bc                RADIO_ComputeTxBaudrate
 .text.RADIO_ComputeTxSymbolRate
                0x000158e4       0x2c C:\Users\harsi\Desktop\project\soc-empty_2\platform\radio\rail_lib\autogen\librail_release\librail_efr32xg1_gcc_release.a(radio.o)
                0x000158e4                RADIO_ComputeTxSymbolRate
 .text.RADIO_ComputeTxBitRate
                0x00015910       0x50 C:\Users\harsi\Desktop\project\soc-empty_2\platform\radio\rail_lib\autogen\librail_release\librail_efr32xg1_gcc_release.a(radio.o)
                0x00015910                RADIO_ComputeTxBitRate
 .text.RADIO_GetRssi
                0x00015960       0x54 C:\Users\harsi\Desktop\project\soc-empty_2\platform\radio\rail_lib\autogen\librail_release\librail_efr32xg1_gcc_release.a(radio.o)
                0x00015960                RADIO_GetRssi
 .text.RADIO_SetCRCInitVal
                0x000159b4       0x10 C:\Users\harsi\Desktop\project\soc-empty_2\platform\radio\rail_lib\autogen\librail_release\librail_efr32xg1_gcc_release.a(radio.o)
                0x000159b4                RADIO_SetCRCInitVal
 .text.RADIO_RACClearRxOverflow
                0x000159c4       0x20 C:\Users\harsi\Desktop\project\soc-empty_2\platform\radio\rail_lib\autogen\librail_release\librail_efr32xg1_gcc_release.a(radio.o)
                0x000159c4                RADIO_RACClearRxOverflow
 .text.RFSENSE_Disable
                0x000159e4       0x44 C:\Users\harsi\Desktop\project\soc-empty_2\platform\radio\rail_lib\autogen\librail_release\librail_efr32xg1_gcc_release.a(rfsense.o)
 .text.RFSENSE_Sensed
                0x00015a28       0x50 C:\Users\harsi\Desktop\project\soc-empty_2\platform\radio\rail_lib\autogen\librail_release\librail_efr32xg1_gcc_release.a(rfsense.o)
                0x00015a28                RFSENSE_Sensed
 .text.RFSENSE_IRQHandler
                0x00015a78        0x4 C:\Users\harsi\Desktop\project\soc-empty_2\platform\radio\rail_lib\autogen\librail_release\librail_efr32xg1_gcc_release.a(rfsense.o)
                0x00015a78                RFSENSE_IRQHandler
 .text.RTCCSYNC_RTCCClockFreqGet
                0x00015a7c       0x30 C:\Users\harsi\Desktop\project\soc-empty_2\platform\radio\rail_lib\autogen\librail_release\librail_efr32xg1_gcc_release.a(rtccsync.o)
 .text.RTCCSYNC_Init
                0x00015aac       0x10 C:\Users\harsi\Desktop\project\soc-empty_2\platform\radio\rail_lib\autogen\librail_release\librail_efr32xg1_gcc_release.a(rtccsync.o)
                0x00015aac                RTCCSYNC_Init
 .text.RTCCSYNC_PreSleep
                0x00015abc      0x260 C:\Users\harsi\Desktop\project\soc-empty_2\platform\radio\rail_lib\autogen\librail_release\librail_efr32xg1_gcc_release.a(rtccsync.o)
                0x00015abc                RTCCSYNC_PreSleep
 .text.RTCCSYNC_PostWakeUp
                0x00015d1c      0x1c4 C:\Users\harsi\Desktop\project\soc-empty_2\platform\radio\rail_lib\autogen\librail_release\librail_efr32xg1_gcc_release.a(rtccsync.o)
                0x00015d1c                RTCCSYNC_PostWakeUp
 .text.SYNTH_RfFreqGet
                0x00015ee0        0xc C:\Users\harsi\Desktop\project\soc-empty_2\platform\radio\rail_lib\autogen\librail_release\librail_efr32xg1_gcc_release.a(synth.o)
                0x00015ee0                SYNTH_RfFreqGet
 .text.SYNTH_ChSpacingGet
                0x00015eec        0xc C:\Users\harsi\Desktop\project\soc-empty_2\platform\radio\rail_lib\autogen\librail_release\librail_efr32xg1_gcc_release.a(synth.o)
                0x00015eec                SYNTH_ChSpacingGet
 .text.SYNTH_LoDivGet
                0x00015ef8       0x20 C:\Users\harsi\Desktop\project\soc-empty_2\platform\radio\rail_lib\autogen\librail_release\librail_efr32xg1_gcc_release.a(synth.o)
                0x00015ef8                SYNTH_LoDivGet
 .text.SYNTH_Is2p4GHz
                0x00015f18       0x14 C:\Users\harsi\Desktop\project\soc-empty_2\platform\radio\rail_lib\autogen\librail_release\librail_efr32xg1_gcc_release.a(synth.o)
                0x00015f18                SYNTH_Is2p4GHz
 .text.SYNTH_VcoRangeIsValid
                0x00015f2c       0x30 C:\Users\harsi\Desktop\project\soc-empty_2\platform\radio\rail_lib\autogen\librail_release\librail_efr32xg1_gcc_release.a(synth.o)
                0x00015f2c                SYNTH_VcoRangeIsValid
 .text.SYNTH_RetimeLimitsConfig
                0x00015f5c       0x64 C:\Users\harsi\Desktop\project\soc-empty_2\platform\radio\rail_lib\autogen\librail_release\librail_efr32xg1_gcc_release.a(synth.o)
                0x00015f5c                SYNTH_RetimeLimitsConfig
 .text.SYNTH_RetimeClkConfig
                0x00015fc0       0xb4 C:\Users\harsi\Desktop\project\soc-empty_2\platform\radio\rail_lib\autogen\librail_release\librail_efr32xg1_gcc_release.a(synth.o)
                0x00015fc0                SYNTH_RetimeClkConfig
 .text.SYNTH_Config
                0x00016074      0x108 C:\Users\harsi\Desktop\project\soc-empty_2\platform\radio\rail_lib\autogen\librail_release\librail_efr32xg1_gcc_release.a(synth.o)
                0x00016074                SYNTH_Config
 .text.SYNTH_ChannelSet
                0x0001617c       0x40 C:\Users\harsi\Desktop\project\soc-empty_2\platform\radio\rail_lib\autogen\librail_release\librail_efr32xg1_gcc_release.a(synth.o)
                0x0001617c                SYNTH_ChannelSet
 .text.SYNTH_DCDCRetimeClkSet
                0x000161bc       0x6c C:\Users\harsi\Desktop\project\soc-empty_2\platform\radio\rail_lib\autogen\librail_release\librail_efr32xg1_gcc_release.a(synth.o)
                0x000161bc                SYNTH_DCDCRetimeClkSet
 .text.SYNTH_DCDCRetimeEnable
                0x00016228       0x18 C:\Users\harsi\Desktop\project\soc-empty_2\platform\radio\rail_lib\autogen\librail_release\librail_efr32xg1_gcc_release.a(synth.o)
                0x00016228                SYNTH_DCDCRetimeEnable
 .text.SYNTH_DCDCRetimeDisable
                0x00016240       0x18 C:\Users\harsi\Desktop\project\soc-empty_2\platform\radio\rail_lib\autogen\librail_release\librail_efr32xg1_gcc_release.a(synth.o)
                0x00016240                SYNTH_DCDCRetimeDisable
 .text.SYNTH_KvnFreqCompensationEnable
                0x00016258        0xc C:\Users\harsi\Desktop\project\soc-empty_2\platform\radio\rail_lib\autogen\librail_release\librail_efr32xg1_gcc_release.a(synth.o)
                0x00016258                SYNTH_KvnFreqCompensationEnable
 .text.RADIOCMU_ClockEnable
                0x00016264       0x40 C:\Users\harsi\Desktop\project\soc-empty_2\platform\radio\rail_lib\autogen\librail_release\librail_efr32xg1_gcc_release.a(radio_cmu.o)
                0x00016264                RADIOCMU_ClockEnable
 .text.RADIOCMU_ClockFreqGet
                0x000162a4       0x88 C:\Users\harsi\Desktop\project\soc-empty_2\platform\radio\rail_lib\autogen\librail_release\librail_efr32xg1_gcc_release.a(radio_cmu.o)
                0x000162a4                RADIOCMU_ClockFreqGet
 .text.RADIOCMU_ClockPrescGet
                0x0001632c       0x1c C:\Users\harsi\Desktop\project\soc-empty_2\platform\radio\rail_lib\autogen\librail_release\librail_efr32xg1_gcc_release.a(radio_cmu.o)
                0x0001632c                RADIOCMU_ClockPrescGet
 .text.TEMPCAL_Init
                0x00016348       0x40 C:\Users\harsi\Desktop\project\soc-empty_2\platform\radio\rail_lib\autogen\librail_release\librail_efr32xg1_gcc_release.a(tempcal.o)
                0x00016348                TEMPCAL_Init
 .text.TIMING_PreambleSyncBits
                0x00016388       0x2c C:\Users\harsi\Desktop\project\soc-empty_2\platform\radio\rail_lib\autogen\librail_release\librail_efr32xg1_gcc_release.a(timings.o)
 .text.TIMING_CalcAdjustUs
                0x000163b4       0x28 C:\Users\harsi\Desktop\project\soc-empty_2\platform\radio\rail_lib\autogen\librail_release\librail_efr32xg1_gcc_release.a(timings.o)
 .text.TIMING_SeqTimingInit
                0x000163dc        0x2 C:\Users\harsi\Desktop\project\soc-empty_2\platform\radio\rail_lib\autogen\librail_release\librail_efr32xg1_gcc_release.a(timings.o)
                0x000163dc                TIMING_SeqTimingInit
 *fill*         0x000163de        0x2 
 .text.TIMING_NsToStimerTickCalcSigned
                0x000163e0       0x28 C:\Users\harsi\Desktop\project\soc-empty_2\platform\radio\rail_lib\autogen\librail_release\librail_efr32xg1_gcc_release.a(timings.o)
                0x000163e0                TIMING_NsToStimerTickCalcSigned
 .text.TIMING_NsToStimerTickCalc
                0x00016408        0xc C:\Users\harsi\Desktop\project\soc-empty_2\platform\radio\rail_lib\autogen\librail_release\librail_efr32xg1_gcc_release.a(timings.o)
                0x00016408                TIMING_NsToStimerTickCalc
 .text.TIMING_InitStimer
                0x00016414       0x58 C:\Users\harsi\Desktop\project\soc-empty_2\platform\radio\rail_lib\autogen\librail_release\librail_efr32xg1_gcc_release.a(timings.o)
                0x00016414                TIMING_InitStimer
 .text.TIMING_TxWarmTimeRecalculate
                0x0001646c       0x34 C:\Users\harsi\Desktop\project\soc-empty_2\platform\radio\rail_lib\autogen\librail_release\librail_efr32xg1_gcc_release.a(timings.o)
                0x0001646c                TIMING_TxWarmTimeRecalculate
 .text.TIMING_TxWarmTimeSet
                0x000164a0       0x18 C:\Users\harsi\Desktop\project\soc-empty_2\platform\radio\rail_lib\autogen\librail_release\librail_efr32xg1_gcc_release.a(timings.o)
                0x000164a0                TIMING_TxWarmTimeSet
 .text.TIMING_RxToTxTimeRecalculate
                0x000164b8       0x34 C:\Users\harsi\Desktop\project\soc-empty_2\platform\radio\rail_lib\autogen\librail_release\librail_efr32xg1_gcc_release.a(timings.o)
                0x000164b8                TIMING_RxToTxTimeRecalculate
 .text.TIMING_RxFrameToTxTimeRecalculate
                0x000164ec       0x38 C:\Users\harsi\Desktop\project\soc-empty_2\platform\radio\rail_lib\autogen\librail_release\librail_efr32xg1_gcc_release.a(timings.o)
                0x000164ec                TIMING_RxFrameToTxTimeRecalculate
 .text.TIMING_RxFrameToTxTimeSet
                0x00016524       0x18 C:\Users\harsi\Desktop\project\soc-empty_2\platform\radio\rail_lib\autogen\librail_release\librail_efr32xg1_gcc_release.a(timings.o)
                0x00016524                TIMING_RxFrameToTxTimeSet
 .text.TIMING_TxToTxTimeRecalculate
                0x0001653c       0x24 C:\Users\harsi\Desktop\project\soc-empty_2\platform\radio\rail_lib\autogen\librail_release\librail_efr32xg1_gcc_release.a(timings.o)
                0x0001653c                TIMING_TxToTxTimeRecalculate
 .text.TIMING_TxToRxTimeRecalculate
                0x00016560       0x24 C:\Users\harsi\Desktop\project\soc-empty_2\platform\radio\rail_lib\autogen\librail_release\librail_efr32xg1_gcc_release.a(timings.o)
                0x00016560                TIMING_TxToRxTimeRecalculate
 .text.TIMING_TxToRxTimeSet
                0x00016584       0x18 C:\Users\harsi\Desktop\project\soc-empty_2\platform\radio\rail_lib\autogen\librail_release\librail_efr32xg1_gcc_release.a(timings.o)
                0x00016584                TIMING_TxToRxTimeSet
 .text.TIMING_RxWarmTimeRecalculate
                0x0001659c       0x20 C:\Users\harsi\Desktop\project\soc-empty_2\platform\radio\rail_lib\autogen\librail_release\librail_efr32xg1_gcc_release.a(timings.o)
                0x0001659c                TIMING_RxWarmTimeRecalculate
 .text.TIMING_RxWarmTimeSet
                0x000165bc       0x18 C:\Users\harsi\Desktop\project\soc-empty_2\platform\radio\rail_lib\autogen\librail_release\librail_efr32xg1_gcc_release.a(timings.o)
                0x000165bc                TIMING_RxWarmTimeSet
 .text.TIMING_RxSearchTimeRecalculate
                0x000165d4       0x28 C:\Users\harsi\Desktop\project\soc-empty_2\platform\radio\rail_lib\autogen\librail_release\librail_efr32xg1_gcc_release.a(timings.o)
                0x000165d4                TIMING_RxSearchTimeRecalculate
 .text.TIMING_RxSearchTimeSet
                0x000165fc       0x10 C:\Users\harsi\Desktop\project\soc-empty_2\platform\radio\rail_lib\autogen\librail_release\librail_efr32xg1_gcc_release.a(timings.o)
                0x000165fc                TIMING_RxSearchTimeSet
 .text.TIMING_TxToRxSearchTimeRecalculate
                0x0001660c       0x28 C:\Users\harsi\Desktop\project\soc-empty_2\platform\radio\rail_lib\autogen\librail_release\librail_efr32xg1_gcc_release.a(timings.o)
                0x0001660c                TIMING_TxToRxSearchTimeRecalculate
 .text.TIMING_TxToRxSearchTimeSet
                0x00016634       0x10 C:\Users\harsi\Desktop\project\soc-empty_2\platform\radio\rail_lib\autogen\librail_release\librail_efr32xg1_gcc_release.a(timings.o)
                0x00016634                TIMING_TxToRxSearchTimeSet
 .text.TIMING_RecalculateAll
                0x00016644       0x3a C:\Users\harsi\Desktop\project\soc-empty_2\platform\radio\rail_lib\autogen\librail_release\librail_efr32xg1_gcc_release.a(timings.o)
                0x00016644                TIMING_RecalculateAll
 .text.TIMING_RecalculatePaRampChanged
                0x0001667e       0x22 C:\Users\harsi\Desktop\project\soc-empty_2\platform\radio\rail_lib\autogen\librail_release\librail_efr32xg1_gcc_release.a(timings.o)
                0x0001667e                TIMING_RecalculatePaRampChanged
 .text.TIMING_SetChainDelays
                0x000166a0        0x8 C:\Users\harsi\Desktop\project\soc-empty_2\platform\radio\rail_lib\autogen\librail_release\librail_efr32xg1_gcc_release.a(timings.o)
                0x000166a0                TIMING_SetChainDelays
 .text.TIMING_SetRxDoneDelay
                0x000166a8        0x6 C:\Users\harsi\Desktop\project\soc-empty_2\platform\radio\rail_lib\autogen\librail_release\librail_efr32xg1_gcc_release.a(timings.o)
                0x000166a8                TIMING_SetRxDoneDelay
 .text.TIMING_CalcRxTimeStampUs
                0x000166ae       0x7a C:\Users\harsi\Desktop\project\soc-empty_2\platform\radio\rail_lib\autogen\librail_release\librail_efr32xg1_gcc_release.a(timings.o)
                0x000166ae                TIMING_CalcRxTimeStampUs
 .text.RFRAND_GetRadioEntropy
                0x00016728       0xf0 C:\Users\harsi\Desktop\project\soc-empty_2\platform\radio\rail_lib\autogen\librail_release\librail_efr32xg1_gcc_release.a(rf_rand.o)
                0x00016728                RFRAND_GetRadioEntropy
 .text.RFRAND_SeedProtimerRandom
                0x00016818       0x3c C:\Users\harsi\Desktop\project\soc-empty_2\platform\radio\rail_lib\autogen\librail_release\librail_efr32xg1_gcc_release.a(rf_rand.o)
                0x00016818                RFRAND_SeedProtimerRandom
 .text.RAIL_GetTxPowerCurve
                0x00016854       0x14 C:\Users\harsi\Desktop\project\soc-empty_2\platform\radio\rail_lib\autogen\librail_release\librail_efr32xg1_gcc_release.a(pa_conversions_efr32.o)
                0x00016854                RAIL_GetTxPowerCurve
 .text.RAIL_InitTxPowerCurves
                0x00016868       0x2c C:\Users\harsi\Desktop\project\soc-empty_2\platform\radio\rail_lib\autogen\librail_release\librail_efr32xg1_gcc_release.a(pa_conversions_efr32.o)
                0x00016868                RAIL_InitTxPowerCurves
 .text.RAIL_ConvertDbmToRaw